Archive member included to satisfy reference by file (symbol)

D:/WORK/NSU/CSE/11th Semester/CSE 331.10/Lab/Keil/ST/STM32CubeIDE_1.16.1/STM32CubeIDE/plugins/com.st.stm32cube.ide.mcu.externaltools.gnu-tools-for-stm32.12.3.rel1.win32_1.0.200.202406191623/tools/bin/../lib/gcc/arm-none-eabi/12.3.1/../../../../arm-none-eabi/lib/thumb/v7-m/nofp\libc_nano.a(libc_a-exit.o)
                              D:/WORK/NSU/CSE/11th Semester/CSE 331.10/Lab/Keil/ST/STM32CubeIDE_1.16.1/STM32CubeIDE/plugins/com.st.stm32cube.ide.mcu.externaltools.gnu-tools-for-stm32.12.3.rel1.win32_1.0.200.202406191623/tools/bin/../lib/gcc/arm-none-eabi/12.3.1/../../../../arm-none-eabi/lib/thumb/v7-m/nofp/crt0.o (exit)
D:/WORK/NSU/CSE/11th Semester/CSE 331.10/Lab/Keil/ST/STM32CubeIDE_1.16.1/STM32CubeIDE/plugins/com.st.stm32cube.ide.mcu.externaltools.gnu-tools-for-stm32.12.3.rel1.win32_1.0.200.202406191623/tools/bin/../lib/gcc/arm-none-eabi/12.3.1/../../../../arm-none-eabi/lib/thumb/v7-m/nofp\libc_nano.a(libc_a-itoa.o)
                              ./Core/Src/main.o (itoa)
D:/WORK/NSU/CSE/11th Semester/CSE 331.10/Lab/Keil/ST/STM32CubeIDE_1.16.1/STM32CubeIDE/plugins/com.st.stm32cube.ide.mcu.externaltools.gnu-tools-for-stm32.12.3.rel1.win32_1.0.200.202406191623/tools/bin/../lib/gcc/arm-none-eabi/12.3.1/../../../../arm-none-eabi/lib/thumb/v7-m/nofp\libc_nano.a(libc_a-utoa.o)
                              D:/WORK/NSU/CSE/11th Semester/CSE 331.10/Lab/Keil/ST/STM32CubeIDE_1.16.1/STM32CubeIDE/plugins/com.st.stm32cube.ide.mcu.externaltools.gnu-tools-for-stm32.12.3.rel1.win32_1.0.200.202406191623/tools/bin/../lib/gcc/arm-none-eabi/12.3.1/../../../../arm-none-eabi/lib/thumb/v7-m/nofp\libc_nano.a(libc_a-itoa.o) (__utoa)
D:/WORK/NSU/CSE/11th Semester/CSE 331.10/Lab/Keil/ST/STM32CubeIDE_1.16.1/STM32CubeIDE/plugins/com.st.stm32cube.ide.mcu.externaltools.gnu-tools-for-stm32.12.3.rel1.win32_1.0.200.202406191623/tools/bin/../lib/gcc/arm-none-eabi/12.3.1/../../../../arm-none-eabi/lib/thumb/v7-m/nofp\libc_nano.a(libc_a-findfp.o)
                              D:/WORK/NSU/CSE/11th Semester/CSE 331.10/Lab/Keil/ST/STM32CubeIDE_1.16.1/STM32CubeIDE/plugins/com.st.stm32cube.ide.mcu.externaltools.gnu-tools-for-stm32.12.3.rel1.win32_1.0.200.202406191623/tools/bin/../lib/gcc/arm-none-eabi/12.3.1/../../../../arm-none-eabi/lib/thumb/v7-m/nofp\libc_nano.a(libc_a-exit.o) (__stdio_exit_handler)
D:/WORK/NSU/CSE/11th Semester/CSE 331.10/Lab/Keil/ST/STM32CubeIDE_1.16.1/STM32CubeIDE/plugins/com.st.stm32cube.ide.mcu.externaltools.gnu-tools-for-stm32.12.3.rel1.win32_1.0.200.202406191623/tools/bin/../lib/gcc/arm-none-eabi/12.3.1/../../../../arm-none-eabi/lib/thumb/v7-m/nofp\libc_nano.a(libc_a-fwalk.o)
                              D:/WORK/NSU/CSE/11th Semester/CSE 331.10/Lab/Keil/ST/STM32CubeIDE_1.16.1/STM32CubeIDE/plugins/com.st.stm32cube.ide.mcu.externaltools.gnu-tools-for-stm32.12.3.rel1.win32_1.0.200.202406191623/tools/bin/../lib/gcc/arm-none-eabi/12.3.1/../../../../arm-none-eabi/lib/thumb/v7-m/nofp\libc_nano.a(libc_a-findfp.o) (_fwalk_sglue)
D:/WORK/NSU/CSE/11th Semester/CSE 331.10/Lab/Keil/ST/STM32CubeIDE_1.16.1/STM32CubeIDE/plugins/com.st.stm32cube.ide.mcu.externaltools.gnu-tools-for-stm32.12.3.rel1.win32_1.0.200.202406191623/tools/bin/../lib/gcc/arm-none-eabi/12.3.1/../../../../arm-none-eabi/lib/thumb/v7-m/nofp\libc_nano.a(libc_a-sprintf.o)
                              ./Core/Src/main.o (sprintf)
D:/WORK/NSU/CSE/11th Semester/CSE 331.10/Lab/Keil/ST/STM32CubeIDE_1.16.1/STM32CubeIDE/plugins/com.st.stm32cube.ide.mcu.externaltools.gnu-tools-for-stm32.12.3.rel1.win32_1.0.200.202406191623/tools/bin/../lib/gcc/arm-none-eabi/12.3.1/../../../../arm-none-eabi/lib/thumb/v7-m/nofp\libc_nano.a(libc_a-stdio.o)
                              D:/WORK/NSU/CSE/11th Semester/CSE 331.10/Lab/Keil/ST/STM32CubeIDE_1.16.1/STM32CubeIDE/plugins/com.st.stm32cube.ide.mcu.externaltools.gnu-tools-for-stm32.12.3.rel1.win32_1.0.200.202406191623/tools/bin/../lib/gcc/arm-none-eabi/12.3.1/../../../../arm-none-eabi/lib/thumb/v7-m/nofp\libc_nano.a(libc_a-findfp.o) (__sread)
D:/WORK/NSU/CSE/11th Semester/CSE 331.10/Lab/Keil/ST/STM32CubeIDE_1.16.1/STM32CubeIDE/plugins/com.st.stm32cube.ide.mcu.externaltools.gnu-tools-for-stm32.12.3.rel1.win32_1.0.200.202406191623/tools/bin/../lib/gcc/arm-none-eabi/12.3.1/../../../../arm-none-eabi/lib/thumb/v7-m/nofp\libc_nano.a(libc_a-memset.o)
                              D:/WORK/NSU/CSE/11th Semester/CSE 331.10/Lab/Keil/ST/STM32CubeIDE_1.16.1/STM32CubeIDE/plugins/com.st.stm32cube.ide.mcu.externaltools.gnu-tools-for-stm32.12.3.rel1.win32_1.0.200.202406191623/tools/bin/../lib/gcc/arm-none-eabi/12.3.1/../../../../arm-none-eabi/lib/thumb/v7-m/nofp/crt0.o (memset)
D:/WORK/NSU/CSE/11th Semester/CSE 331.10/Lab/Keil/ST/STM32CubeIDE_1.16.1/STM32CubeIDE/plugins/com.st.stm32cube.ide.mcu.externaltools.gnu-tools-for-stm32.12.3.rel1.win32_1.0.200.202406191623/tools/bin/../lib/gcc/arm-none-eabi/12.3.1/../../../../arm-none-eabi/lib/thumb/v7-m/nofp\libc_nano.a(libc_a-closer.o)
[...]
Memory Configuration

Name             Origin             Length             Attributes
RAM              0x20000000         0x00005000         xrw
FLASH            0x08000000         0x00010000         xr
*default*        0x00000000         0xffffffff

Linker script and memory map

LOAD D:/WORK/NSU/CSE/11th Semester/CSE 331.10/Lab/Keil/ST/STM32CubeIDE_1.16.1/STM32CubeIDE/plugins/com.st.stm32cube.ide.mcu.externaltools.gnu-tools-for-stm32.12.3.rel1.win32_1.0.200.202406191623/tools/bin/../lib/gcc/arm-none-eabi/12.3.1/thumb/v7-m/nofp/crti.o
LOAD D:/WORK/NSU/CSE/11th Semester/CSE 331.10/Lab/Keil/ST/STM32CubeIDE_1.16.1/STM32CubeIDE/plugins/com.st.stm32cube.ide.mcu.externaltools.gnu-tools-for-stm32.12.3.rel1.win32_1.0.200.202406191623/tools/bin/../lib/gcc/arm-none-eabi/12.3.1/thumb/v7-m/nofp/crtbegin.o
LOAD D:/WORK/NSU/CSE/11th Semester/CSE 331.10/Lab/Keil/ST/STM32CubeIDE_1.16.1/STM32CubeIDE/plugins/com.st.stm32cube.ide.mcu.externaltools.gnu-tools-for-stm32.12.3.rel1.win32_1.0.200.202406191623/tools/bin/../lib/gcc/arm-none-eabi/12.3.1/../../../../arm-none-eabi/lib/thumb/v7-m/nofp/crt0.o
LOAD ./Core/Src/fonts.o
LOAD ./Core/Src/main.o
LOAD ./Core/Src/ssd1306.o
LOAD ./Core/Src/stm32f1xx_hal_msp.o
LOAD ./Core/Src/stm32f1xx_it.o
LOAD ./Core/Src/syscalls.o
LOAD ./Core/Src/sysmem.o
LOAD ./Core/Src/system_stm32f1xx.o
LOAD ./Core/Startup/startup_stm32f103c8tx.o
LOAD ./Drivers/STM32F1xx_HAL_Driver/Src/stm32f1xx_hal.o
LOAD ./Drivers/STM32F1xx_HAL_Driver/Src/stm32f1xx_hal_cortex.o
LOAD ./Drivers/STM32F1xx_HAL_Driver/Src/stm32f1xx_hal_dma.o
LOAD ./Drivers/STM32F1xx_HAL_Driver/Src/stm32f1xx_hal_exti.o
LOAD ./Drivers/STM32F1xx_HAL_Driver/Src/stm32f1xx_hal_flash.o
LOAD ./Drivers/STM32F1xx_HAL_Driver/Src/stm32f1xx_hal_flash_ex.o
LOAD ./Drivers/STM32F1xx_HAL_Driver/Src/stm32f1xx_hal_gpio.o
LOAD ./Drivers/STM32F1xx_HAL_Driver/Src/stm32f1xx_hal_gpio_ex.o
LOAD ./Drivers/STM32F1xx_HAL_Driver/Src/stm32f1xx_hal_i2c.o
LOAD ./Drivers/STM32F1xx_HAL_Driver/Src/stm32f1xx_hal_pwr.o
LOAD ./Drivers/STM32F1xx_HAL_Driver/Src/stm32f1xx_hal_rcc.o
LOAD ./Drivers/STM32F1xx_HAL_Driver/Src/stm32f1xx_hal_rcc_ex.o
LOAD ./Drivers/STM32F1xx_HAL_Driver/Src/stm32f1xx_hal_tim.o
LOAD ./Drivers/STM32F1xx_HAL_Driver/Src/stm32f1xx_hal_tim_ex.o
START GROUP
LOAD D:/WORK/NSU/CSE/11th Semester/CSE 331.10/Lab/Keil/ST/STM32CubeIDE_1.16.1/STM32CubeIDE/plugins/com.st.stm32cube.ide.mcu.externaltools.gnu-tools-for-stm32.12.3.rel1.win32_1.0.200.202406191623/tools/bin/../lib/gcc/arm-none-eabi/12.3.1/../../../../arm-none-eabi/lib/thumb/v7-m/nofp\libc_nano.a
LOAD D:/WORK/NSU/CSE/11th Semester/CSE 331.10/Lab/Keil/ST/STM32CubeIDE_1.16.1/STM32CubeIDE/plugins/com.st.stm32cube.ide.mcu.externaltools.gnu-tools-for-stm32.12.3.rel1.win32_1.0.200.202406191623/tools/bin/../lib/gcc/arm-none-eabi/12.3.1/../../../../arm-none-eabi/lib/thumb/v7-m/nofp\libm.a
END GROUP
START GROUP
LOAD D:/WORK/NSU/CSE/11th Semester/CSE 331.10/Lab/Keil/ST/STM32CubeIDE_1.16.1/STM32CubeIDE/plugins/com.st.stm32cube.ide.mcu.externaltools.gnu-tools-for-stm32.12.3.rel1.win32_1.0.200.202406191623/tools/bin/../lib/gcc/arm-none-eabi/12.3.1/thumb/v7-m/nofp\libgcc.a
LOAD D:/WORK/NSU/CSE/11th Semester/CSE 331.10/Lab/Keil/ST/STM32CubeIDE_1.16.1/STM32CubeIDE/plugins/com.st.stm32cube.ide.mcu.externaltools.gnu-tools-for-stm32.12.3.rel1.win32_1.0.200.202406191623/tools/bin/../lib/gcc/arm-none-eabi/12.3.1/../../../../arm-none-eabi/lib/thumb/v7-m/nofp\libc_nano.a
END GROUP
START GROUP
LOAD D:/WORK/NSU/CSE/11th Semester/CSE 331.10/Lab/Keil/ST/STM32CubeIDE_1.16.1/STM32CubeIDE/plugins/com.st.stm32cube.ide.mcu.externaltools.gnu-tools-for-stm32.12.3.rel1.win32_1.0.200.202406191623/tools/bin/../lib/gcc/arm-none-eabi/12.3.1/thumb/v7-m/nofp\libgcc.a
LOAD D:/WORK/NSU/CSE/11th Semester/CSE 331.10/Lab/Keil/ST/STM32CubeIDE_1.16.1/STM32CubeIDE/plugins/com.st.stm32cube.ide.mcu.externaltools.gnu-tools-for-stm32.12.3.rel1.win32_1.0.200.202406191623/tools/bin/../lib/gcc/arm-none-eabi/12.3.1/../../../../arm-none-eabi/lib/thumb/v7-m/nofp\libc_nano.a
LOAD D:/WORK/NSU/CSE/11th Semester/CSE 331.10/Lab/Keil/ST/STM32CubeIDE_1.16.1/STM32CubeIDE/plugins/com.st.stm32cube.ide.mcu.externaltools.gnu-tools-for-stm32.12.3.rel1.win32_1.0.200.202406191623/tools/bin/../lib/gcc/arm-none-eabi/12.3.1/../../../../arm-none-eabi/lib/thumb/v7-m/nofp\libnosys.a
END GROUP
START GROUP
LOAD D:/WORK/NSU/CSE/11th Semester/CSE 331.10/Lab/Keil/ST/STM32CubeIDE_1.16.1/STM32CubeIDE/plugins/com.st.stm32cube.ide.mcu.externaltools.gnu-tools-for-stm32.12.3.rel1.win32_1.0.200.202406191623/tools/bin/../lib/gcc/arm-none-eabi/12.3.1/thumb/v7-m/nofp\libgcc.a
LOAD D:/WORK/NSU/CSE/11th Semester/CSE 331.10/Lab/Keil/ST/STM32CubeIDE_1.16.1/STM32CubeIDE/plugins/com.st.stm32cube.ide.mcu.externaltools.gnu-tools-for-stm32.12.3.rel1.win32_1.0.200.202406191623/tools/bin/../lib/gcc/arm-none-eabi/12.3.1/../../../../arm-none-eabi/lib/thumb/v7-m/nofp\libc_nano.a
LOAD D:/WORK/NSU/CSE/11th Semester/CSE 331.10/Lab/Keil/ST/STM32CubeIDE_1.16.1/STM32CubeIDE/plugins/com.st.stm32cube.ide.mcu.externaltools.gnu-tools-for-stm32.12.3.rel1.win32_1.0.200.202406191623/tools/bin/../lib/gcc/arm-none-eabi/12.3.1/../../../../arm-none-eabi/lib/thumb/v7-m/nofp\libnosys.a
END GROUP
LOAD D:/WORK/NSU/CSE/11th Semester/CSE 331.10/Lab/Keil/ST/STM32CubeIDE_1.16.1/STM32CubeIDE/plugins/com.st.stm32cube.ide.mcu.externaltools.gnu-tools-for-stm32.12.3.rel1.win32_1.0.200.202406191623/tools/bin/../lib/gcc/arm-none-eabi/12.3.1/thumb/v7-m/nofp/crtend.o
LOAD D:/WORK/NSU/CSE/11th Semester/CSE 331.10/Lab/Keil/ST/STM32CubeIDE_1.16.1/STM32CubeIDE/plugins/com.st.stm32cube.ide.mcu.externaltools.gnu-tools-for-stm32.12.3.rel1.win32_1.0.200.202406191623/tools/bin/../lib/gcc/arm-none-eabi/12.3.1/thumb/v7-m/nofp/crtn.o
                0x20005000                        _estack = (ORIGIN (RAM) + LENGTH (RAM))
                0x00000200                        _Min_Heap_Size = 0x200
                0x00000400                        _Min_Stack_Size = 0x400

.isr_vector     0x08000000      0x10c
                0x08000000                        . = ALIGN (0x4)
 *(.isr_vector)
 .isr_vector    0x08000000      0x10c ./Core/Startup/startup_stm32f103c8tx.o
                0x08000000                g_pfnVectors
                0x0800010c                        . = ALIGN (0x4)

.text           0x08000110     0x47dc
                0x08000110                        . = ALIGN (0x4)
 *(.text)
 .text          0x08000110       0x40 D:/WORK/NSU/CSE/11th Semester/CSE 331.10/Lab/Keil/ST/STM32CubeIDE_1.16.1/STM32CubeIDE/plugins/com.st.stm32cube.ide.mcu.externaltools.gnu-tools-for-stm32.12.3.rel1.win32_1.0.200.202406191623/tools/bin/../lib/gcc/arm-none-eabi/12.3.1/thumb/v7-m/nofp/crtbegin.o
 .text          0x08000150      0x378 D:/WORK/NSU/CSE/11th Semester/CSE 331.10/Lab/Keil/ST/STM32CubeIDE_1.16.1/STM32CubeIDE/plugins/com.st.stm32cube.ide.mcu.externaltools.gnu-tools-for-stm32.12.3.rel1.win32_1.0.200.202406191623/tools/bin/../lib/gcc/arm-none-eabi/12.3.1/thumb/v7-m/nofp\libgcc.a(_arm_addsubdf3.o)
                0x08000150                __aeabi_drsub
                0x08000158                __aeabi_dsub
                0x08000158                __subdf3
                0x0800015c                __aeabi_dadd
                0x0800015c                __adddf3
                0x080003d4                __floatunsidf
                0x080003d4                __aeabi_ui2d
                0x080003f4                __floatsidf
                0x080003f4                __aeabi_i2d
                0x08000418                __aeabi_f2d
                0x08000418                __extendsfdf2
                0x0800045c                __floatundidf
                0x0800045c                __aeabi_ul2d
                0x0800046c                __floatdidf
                0x0800046c                __aeabi_l2d
 .text          0x080004c8      0x424 D:/WORK/NSU/CSE/11th Semester/CSE 331.10/Lab/Keil/ST/STM32CubeIDE_1.16.1/STM32CubeIDE/plugins/com.st.stm32cube.ide.mcu.externaltools.gnu-tools-for-stm32.12.3.rel1.win32_1.0.200.202406191623/tools/bin/../lib/gcc/arm-none-eabi/12.3.1/thumb/v7-m/nofp\libgcc.a(_arm_muldivdf3.o)
                0x080004c8                __aeabi_dmul
                0x080004c8                __muldf3
                0x0800071c                __divdf3
                0x0800071c                __aeabi_ddiv
 .text          0x080008ec       0x40 D:/WORK/NSU/CSE/11th Semester/CSE 331.10/Lab/Keil/ST/STM32CubeIDE_1.16.1/STM32CubeIDE/plugins/com.st.stm32cube.ide.mcu.externaltools.gnu-tools-for-stm32.12.3.rel1.win32_1.0.200.202406191623/tools/bin/../lib/gcc/arm-none-eabi/12.3.1/thumb/v7-m/nofp\libgcc.a(_arm_fixunsdfsi.o)
                0x080008ec                __aeabi_d2uiz
                0x080008ec                __fixunsdfsi
 .text          0x0800092c       0xa0 D:/WORK/NSU/CSE/11th Semester/CSE 331.10/Lab/Keil/ST/STM32CubeIDE_1.16.1/STM32CubeIDE/plugins/com.st.stm32cube.ide.mcu.externaltools.gnu-tools-for-stm32.12.3.rel1.win32_1.0.200.202406191623/tools/bin/../lib/gcc/arm-none-eabi/12.3.1/thumb/v7-m/nofp\libgcc.a(_arm_truncdfsf2.o)
                0x0800092c                __truncdfsf2
                0x0800092c                __aeabi_d2f
 .text          0x080009cc      0x21c D:/WORK/NSU/CSE/11th Semester/CSE 331.10/Lab/Keil/ST/STM32CubeIDE_1.16.1/STM32CubeIDE/plugins/com.st.stm32cube.ide.mcu.externaltools.gnu-tools-for-stm32.12.3.rel1.win32_1.0.200.202406191623/tools/bin/../lib/gcc/arm-none-eabi/12.3.1/thumb/v7-m/nofp\libgcc.a(_arm_addsubsf3.o)
                0x080009cc                __aeabi_frsub
                0x080009d4                __subsf3
                0x080009d4                __aeabi_fsub
                0x080009d8                __aeabi_fadd
                0x080009d8                __addsf3
                0x08000b38                __aeabi_ui2f
                0x08000b38                __floatunsisf
                0x08000b40                __aeabi_i2f
                0x08000b40                __floatsisf
                0x08000b5c                __aeabi_ul2f
                0x08000b5c                __floatundisf
                0x08000b6c                __aeabi_l2f
                0x08000b6c                __floatdisf
 .text          0x08000be8      0x2a0 D:/WORK/NSU/CSE/11th Semester/CSE 331.10/Lab/Keil/ST/STM32CubeIDE_1.16.1/STM32CubeIDE/plugins/com.st.stm32cube.ide.mcu.externaltools.gnu-tools-for-stm32.12.3.rel1.win32_1.0.200.202406191623/tools/bin/../lib/gcc/arm-none-eabi/12.3.1/thumb/v7-m/nofp\libgcc.a(_arm_muldivsf3.o)
                0x08000be8                __mulsf3
                0x08000be8                __aeabi_fmul
                0x08000d50                __aeabi_fdiv
                0x08000d50                __divsf3
 .text          0x08000e88       0x40 D:/WORK/NSU/CSE/11th Semester/CSE 331.10/Lab/Keil/ST/STM32CubeIDE_1.16.1/STM32CubeIDE/plugins/com.st.stm32cube.ide.mcu.externaltools.gnu-tools-for-stm32.12.3.rel1.win32_1.0.200.202406191623/tools/bin/../lib/gcc/arm-none-eabi/12.3.1/thumb/v7-m/nofp\libgcc.a(_arm_fixunssfsi.o)
                0x08000e88                __fixunssfsi
                0x08000e88                __aeabi_f2uiz
 *(.text*)
 .text.microDelay
                0x08000ec8       0x30 ./Core/Src/main.o
                0x08000ec8                microDelay
 .text.DHT11_Start
                0x08000ef8       0xec ./Core/Src/main.o
                0x08000ef8                DHT11_Start
 .text.DHT11_Read
                0x08000fe4       0xf8 ./Core/Src/main.o
                0x08000fe4                DHT11_Read
 *fill*         0x080010dc        0x4 
 .text.main     0x080010e0      0x3b4 ./Core/Src/main.o
                0x080010e0                main
 .text.SystemClock_Config
                0x08001494       0x8a ./Core/Src/main.o
                0x08001494                SystemClock_Config
 *fill*         0x0800151e        0x2 
 .text.MX_I2C1_Init
                0x08001520       0x5c ./Core/Src/main.o
 .text.MX_I2C2_Init
                0x0800157c       0x5c ./Core/Src/main.o
 .text.MX_TIM1_Init
                0x080015d8       0xa0 ./Core/Src/main.o
 .text.MX_GPIO_Init
                0x08001678       0xe0 ./Core/Src/main.o
 .text.Error_Handler
                0x08001758        0xc ./Core/Src/main.o
                0x08001758                Error_Handler
 .text.SSD1306_Init
                0x08001764      0x188 ./Core/Src/ssd1306.o
                0x08001764                SSD1306_Init
 .text.SSD1306_UpdateScreen
                0x080018ec       0x5c ./Core/Src/ssd1306.o
                0x080018ec                SSD1306_UpdateScreen
 .text.SSD1306_Fill
                0x08001948       0x30 ./Core/Src/ssd1306.o
                0x08001948                SSD1306_Fill
 .text.SSD1306_DrawPixel
                0x08001978       0xbc ./Core/Src/ssd1306.o
                0x08001978                SSD1306_DrawPixel
 .text.SSD1306_GotoXY
                0x08001a34       0x2c ./Core/Src/ssd1306.o
                0x08001a34                SSD1306_GotoXY
 .text.SSD1306_Putc
                0x08001a60       0xfc ./Core/Src/ssd1306.o
                0x08001a60                SSD1306_Putc
 .text.SSD1306_Puts
                0x08001b5c       0x4a ./Core/Src/ssd1306.o
                0x08001b5c                SSD1306_Puts
 *fill*         0x08001ba6        0x2 
 .text.ssd1306_I2C_Init
                0x08001ba8       0x28 ./Core/Src/ssd1306.o
                0x08001ba8                ssd1306_I2C_Init
 .text.ssd1306_I2C_WriteMulti
                0x08001bd0       0xcc ./Core/Src/ssd1306.o
                0x08001bd0                ssd1306_I2C_WriteMulti
 .text.ssd1306_I2C_Write
                0x08001c9c       0x3c ./Core/Src/ssd1306.o
                0x08001c9c                ssd1306_I2C_Write
 .text.HAL_MspInit
                0x08001cd8       0x64 ./Core/Src/stm32f1xx_hal_msp.o
                0x08001cd8                HAL_MspInit
 .text.HAL_I2C_MspInit
                0x08001d3c       0xd8 ./Core/Src/stm32f1xx_hal_msp.o
                0x08001d3c                HAL_I2C_MspInit
 .text.HAL_TIM_Base_MspInit
                0x08001e14       0x3c ./Core/Src/stm32f1xx_hal_msp.o
                0x08001e14                HAL_TIM_Base_MspInit
 .text.NMI_Handler
                0x08001e50        0x8 ./Core/Src/stm32f1xx_it.o
                0x08001e50                NMI_Handler
 .text.HardFault_Handler
                0x08001e58        0x8 ./Core/Src/stm32f1xx_it.o
                0x08001e58                HardFault_Handler
 .text.MemManage_Handler
                0x08001e60        0x8 ./Core/Src/stm32f1xx_it.o
                0x08001e60                MemManage_Handler
 .text.BusFault_Handler
                0x08001e68        0x8 ./Core/Src/stm32f1xx_it.o
                0x08001e68                BusFault_Handler
 .text.UsageFault_Handler
                0x08001e70        0x8 ./Core/Src/stm32f1xx_it.o
                0x08001e70                UsageFault_Handler
 .text.SVC_Handler
                0x08001e78        0xc ./Core/Src/stm32f1xx_it.o
                0x08001e78                SVC_Handler
 .text.DebugMon_Handler
                0x08001e84        0xc ./Core/Src/stm32f1xx_it.o
                0x08001e84                DebugMon_Handler
 .text.PendSV_Handler
                0x08001e90        0xc ./Core/Src/stm32f1xx_it.o
                0x08001e90                PendSV_Handler
 .text.SysTick_Handler
                0x08001e9c        0xc ./Core/Src/stm32f1xx_it.o
                0x08001e9c                SysTick_Handler
 .text._sbrk    0x08001ea8       0x6c ./Core/Src/sysmem.o
                0x08001ea8                _sbrk
 .text.SystemInit
                0x08001f14        0xc ./Core/Src/system_stm32f1xx.o
                0x08001f14                SystemInit
 .text.Reset_Handler
                0x08001f20       0x48 ./Core/Startup/startup_stm32f103c8tx.o
                0x08001f20                Reset_Handler
 .text.Default_Handler
                0x08001f68        0x2 ./Core/Startup/startup_stm32f103c8tx.o
                0x08001f68                RTC_Alarm_IRQHandler
                0x08001f68                EXTI2_IRQHandler
                0x08001f68                TIM1_CC_IRQHandler
                0x08001f68                PVD_IRQHandler
                0x08001f68                EXTI3_IRQHandler
                0x08001f68                EXTI0_IRQHandler
                0x08001f68                I2C2_EV_IRQHandler
                0x08001f68                ADC1_2_IRQHandler
                0x08001f68                SPI1_IRQHandler
                0x08001f68                TAMPER_IRQHandler
                0x08001f68                DMA1_Channel4_IRQHandler
                0x08001f68                USART3_IRQHandler
                0x08001f68                RTC_IRQHandler
                0x08001f68                DMA1_Channel7_IRQHandler
                0x08001f68                CAN1_RX1_IRQHandler
                0x08001f68                TIM4_IRQHandler
                0x08001f68                I2C1_EV_IRQHandler
                0x08001f68                DMA1_Channel6_IRQHandler
                0x08001f68                TIM3_IRQHandler
                0x08001f68                RCC_IRQHandler
                0x08001f68                TIM1_TRG_COM_IRQHandler
                0x08001f68                DMA1_Channel1_IRQHandler
                0x08001f68                Default_Handler
                0x08001f68                EXTI15_10_IRQHandler
                0x08001f68                EXTI9_5_IRQHandler
                0x08001f68                SPI2_IRQHandler
                0x08001f68                DMA1_Channel5_IRQHandler
                0x08001f68                EXTI4_IRQHandler
                0x08001f68                USB_LP_CAN1_RX0_IRQHandler
                0x08001f68                USB_HP_CAN1_TX_IRQHandler
                0x08001f68                DMA1_Channel3_IRQHandler
                0x08001f68                TIM1_UP_IRQHandler
                0x08001f68                WWDG_IRQHandler
                0x08001f68                TIM2_IRQHandler
                0x08001f68                TIM1_BRK_IRQHandler
                0x08001f68                EXTI1_IRQHandler
                0x08001f68                USART2_IRQHandler
                0x08001f68                I2C2_ER_IRQHandler
                0x08001f68                DMA1_Channel2_IRQHandler
                0x08001f68                CAN1_SCE_IRQHandler
                0x08001f68                FLASH_IRQHandler
                0x08001f68                USART1_IRQHandler
                0x08001f68                I2C1_ER_IRQHandler
                0x08001f68                USBWakeUp_IRQHandler
 *fill*         0x08001f6a        0x2 
 .text.HAL_Init
                0x08001f6c       0x2c ./Drivers/STM32F1xx_HAL_Driver/Src/stm32f1xx_hal.o
                0x08001f6c                HAL_Init
 .text.HAL_InitTick
                0x08001f98       0x60 ./Drivers/STM32F1xx_HAL_Driver/Src/stm32f1xx_hal.o
                0x08001f98                HAL_InitTick
 .text.HAL_IncTick
                0x08001ff8       0x24 ./Drivers/STM32F1xx_HAL_Driver/Src/stm32f1xx_hal.o
                0x08001ff8                HAL_IncTick
 .text.HAL_GetTick
                0x0800201c       0x14 ./Drivers/STM32F1xx_HAL_Driver/Src/stm32f1xx_hal.o
                0x0800201c                HAL_GetTick
 .text.HAL_Delay
                0x08002030       0x48 ./Drivers/STM32F1xx_HAL_Driver/Src/stm32f1xx_hal.o
                0x08002030                HAL_Delay
 .text.__NVIC_SetPriorityGrouping
                0x08002078       0x48 ./Drivers/STM32F1xx_HAL_Driver/Src/stm32f1xx_hal_cortex.o
 .text.__NVIC_GetPriorityGrouping
                0x080020c0       0x1c ./Drivers/STM32F1xx_HAL_Driver/Src/stm32f1xx_hal_cortex.o
 .text.__NVIC_SetPriority
                0x080020dc       0x54 ./Drivers/STM32F1xx_HAL_Driver/Src/stm32f1xx_hal_cortex.o
 .text.NVIC_EncodePriority
                0x08002130       0x64 ./Drivers/STM32F1xx_HAL_Driver/Src/stm32f1xx_hal_cortex.o
 .text.SysTick_Config
                0x08002194       0x44 ./Drivers/STM32F1xx_HAL_Driver/Src/stm32f1xx_hal_cortex.o
 .text.HAL_NVIC_SetPriorityGrouping
                0x080021d8       0x16 ./Drivers/STM32F1xx_HAL_Driver/Src/stm32f1xx_hal_cortex.o
                0x080021d8                HAL_NVIC_SetPriorityGrouping
 .text.HAL_NVIC_SetPriority
                0x080021ee       0x38 ./Drivers/STM32F1xx_HAL_Driver/Src/stm32f1xx_hal_cortex.o
                0x080021ee                HAL_NVIC_SetPriority
 .text.HAL_SYSTICK_Config
                0x08002226       0x18 ./Drivers/STM32F1xx_HAL_Driver/Src/stm32f1xx_hal_cortex.o
                0x08002226                HAL_SYSTICK_Config
 *fill*         0x0800223e        0x2 
 .text.HAL_GPIO_Init
                0x08002240      0x308 ./Drivers/STM32F1xx_HAL_Driver/Src/stm32f1xx_hal_gpio.o
                0x08002240                HAL_GPIO_Init
 .text.HAL_GPIO_ReadPin
                0x08002548       0x2e ./Drivers/STM32F1xx_HAL_Driver/Src/stm32f1xx_hal_gpio.o
                0x08002548                HAL_GPIO_ReadPin
 .text.HAL_GPIO_WritePin
                0x08002576       0x30 ./Drivers/STM32F1xx_HAL_Driver/Src/stm32f1xx_hal_gpio.o
                0x08002576                HAL_GPIO_WritePin
 *fill*         0x080025a6        0x2 
 .text.HAL_I2C_Init
                0x080025a8      0x288 ./Drivers/STM32F1xx_HAL_Driver/Src/stm32f1xx_hal_i2c.o
                0x080025a8                HAL_I2C_Init
 .text.HAL_I2C_Master_Transmit
                0x08002830      0x1fc ./Drivers/STM32F1xx_HAL_Driver/Src/stm32f1xx_hal_i2c.o
                0x08002830                HAL_I2C_Master_Transmit
 .text.HAL_I2C_IsDeviceReady
                0x08002a2c      0x25c ./Drivers/STM32F1xx_HAL_Driver/Src/stm32f1xx_hal_i2c.o
                0x08002a2c                HAL_I2C_IsDeviceReady
 .text.I2C_MasterRequestWrite
                0x08002c88      0x104 ./Drivers/STM32F1xx_HAL_Driver/Src/stm32f1xx_hal_i2c.o
 .text.I2C_WaitOnFlagUntilTimeout
                0x08002d8c       0xf4 ./Drivers/STM32F1xx_HAL_Driver/Src/stm32f1xx_hal_i2c.o
 .text.I2C_WaitOnMasterAddressFlagUntilTimeout
                0x08002e80      0x140 ./Drivers/STM32F1xx_HAL_Driver/Src/stm32f1xx_hal_i2c.o
 .text.I2C_WaitOnTXEFlagUntilTimeout
                0x08002fc0       0x90 ./Drivers/STM32F1xx_HAL_Driver/Src/stm32f1xx_hal_i2c.o
 .text.I2C_WaitOnBTFFlagUntilTimeout
                0x08003050       0x90 ./Drivers/STM32F1xx_HAL_Driver/Src/stm32f1xx_hal_i2c.o
 .text.I2C_IsAcknowledgeFailed
                0x080030e0       0x5c ./Drivers/STM32F1xx_HAL_Driver/Src/stm32f1xx_hal_i2c.o
 .text.HAL_RCC_OscConfig
                0x0800313c      0x504 ./Drivers/STM32F1xx_HAL_Driver/Src/stm32f1xx_hal_rcc.o
                0x0800313c                HAL_RCC_OscConfig
 .text.HAL_RCC_ClockConfig
                0x08003640      0x1d4 ./Drivers/STM32F1xx_HAL_Driver/Src/stm32f1xx_hal_rcc.o
                0x08003640                HAL_RCC_ClockConfig
 .text.HAL_RCC_GetSysClockFreq
                0x08003814       0xa8 ./Drivers/STM32F1xx_HAL_Driver/Src/stm32f1xx_hal_rcc.o
                0x08003814                HAL_RCC_GetSysClockFreq
 .text.HAL_RCC_GetHCLKFreq
                0x080038bc       0x14 ./Drivers/STM32F1xx_HAL_Driver/Src/stm32f1xx_hal_rcc.o
                0x080038bc                HAL_RCC_GetHCLKFreq
 .text.HAL_RCC_GetPCLK1Freq
                0x080038d0       0x28 ./Drivers/STM32F1xx_HAL_Driver/Src/stm32f1xx_hal_rcc.o
                0x080038d0                HAL_RCC_GetPCLK1Freq
 .text.RCC_Delay
                0x080038f8       0x3c ./Drivers/STM32F1xx_HAL_Driver/Src/stm32f1xx_hal_rcc.o
 .text.HAL_TIM_Base_Init
                0x08003934       0x9e ./Drivers/STM32F1xx_HAL_Driver/Src/stm32f1xx_hal_tim.o
                0x08003934                HAL_TIM_Base_Init
 *fill*         0x080039d2        0x2 
 .text.HAL_TIM_Base_Start
                0x080039d4       0x94 ./Drivers/STM32F1xx_HAL_Driver/Src/stm32f1xx_hal_tim.o
                0x080039d4                HAL_TIM_Base_Start
 .text.HAL_TIM_ConfigClockSource
                0x08003a68      0x18e ./Drivers/STM32F1xx_HAL_Driver/Src/stm32f1xx_hal_tim.o
                0x08003a68                HAL_TIM_ConfigClockSource
 *fill*         0x08003bf6        0x2 
 .text.TIM_Base_SetConfig
                0x08003bf8       0xdc ./Drivers/STM32F1xx_HAL_Driver/Src/stm32f1xx_hal_tim.o
                0x08003bf8                TIM_Base_SetConfig
 .text.TIM_TI1_ConfigInputStage
                0x08003cd4       0x5c ./Drivers/STM32F1xx_HAL_Driver/Src/stm32f1xx_hal_tim.o
 .text.TIM_TI2_ConfigInputStage
                0x08003d30       0x5e ./Drivers/STM32F1xx_HAL_Driver/Src/stm32f1xx_hal_tim.o
 .text.TIM_ITRx_SetConfig
                0x08003d8e       0x34 ./Drivers/STM32F1xx_HAL_Driver/Src/stm32f1xx_hal_tim.o
 .text.TIM_ETR_SetConfig
                0x08003dc2       0x3e ./Drivers/STM32F1xx_HAL_Driver/Src/stm32f1xx_hal_tim.o
                0x08003dc2                TIM_ETR_SetConfig
 .text.HAL_TIMEx_MasterConfigSynchronization
                0x08003e00       0xbc ./Drivers/STM32F1xx_HAL_Driver/Src/stm32f1xx_hal_tim_ex.o
                0x08003e00                HAL_TIMEx_MasterConfigSynchronization
 .text.__itoa   0x08003ebc       0x30 D:/WORK/NSU/CSE/11th Semester/CSE 331.10/Lab/Keil/ST/STM32CubeIDE_1.16.1/STM32CubeIDE/plugins/com.st.stm32cube.ide.mcu.externaltools.gnu-tools-for-stm32.12.3.rel1.win32_1.0.200.202406191623/tools/bin/../lib/gcc/arm-none-eabi/12.3.1/../../../../arm-none-eabi/lib/thumb/v7-m/nofp\libc_nano.a(libc_a-itoa.o)
                0x08003ebc                __itoa
 .text.itoa     0x08003eec        0x4 D:/WORK/NSU/CSE/11th Semester/CSE 331.10/Lab/Keil/ST/STM32CubeIDE_1.16.1/STM32CubeIDE/plugins/com.st.stm32cube.ide.mcu.externaltools.gnu-tools-for-stm32.12.3.rel1.win32_1.0.200.202406191623/tools/bin/../lib/gcc/arm-none-eabi/12.3.1/../../../../arm-none-eabi/lib/thumb/v7-m/nofp\libc_nano.a(libc_a-itoa.o)
                0x08003eec                itoa
 .text.__utoa   0x08003ef0       0x84 D:/WORK/NSU/CSE/11th Semester/CSE 331.10/Lab/Keil/ST/STM32CubeIDE_1.16.1/STM32CubeIDE/plugins/com.st.stm32cube.ide.mcu.externaltools.gnu-tools-for-stm32.12.3.rel1.win32_1.0.200.202406191623/tools/bin/../lib/gcc/arm-none-eabi/12.3.1/../../../../arm-none-eabi/lib/thumb/v7-m/nofp\libc_nano.a(libc_a-utoa.o)
                0x08003ef0                __utoa
 .text.sprintf  0x08003f74       0x40 D:/WORK/NSU/CSE/11th Semester/CSE 331.10/Lab/Keil/ST/STM32CubeIDE_1.16.1/STM32CubeIDE/plugins/com.st.stm32cube.ide.mcu.externaltools.gnu-tools-for-stm32.12.3.rel1.win32_1.0.200.202406191623/tools/bin/../lib/gcc/arm-none-eabi/12.3.1/../../../../arm-none-eabi/lib/thumb/v7-m/nofp\libc_nano.a(libc_a-sprintf.o)
                0x08003f74                siprintf
                0x08003f74                sprintf
 .text.memset   0x08003fb4       0x10 D:/WORK/NSU/CSE/11th Semester/CSE 331.10/Lab/Keil/ST/STM32CubeIDE_1.16.1/STM32CubeIDE/plugins/com.st.stm32cube.ide.mcu.externaltools.gnu-tools-for-stm32.12.3.rel1.win32_1.0.200.202406191623/tools/bin/../lib/gcc/arm-none-eabi/12.3.1/../../../../arm-none-eabi/lib/thumb/v7-m/nofp\libc_nano.a(libc_a-memset.o)
                0x08003fb4                memset
 .text.__errno  0x08003fc4        0xc D:/WORK/NSU/CSE/11th Semester/CSE 331.10/Lab/Keil/ST/STM32CubeIDE_1.16.1/STM32CubeIDE/plugins/com.st.stm32cube.ide.mcu.externaltools.gnu-tools-for-stm32.12.3.rel1.win32_1.0.200.202406191623/tools/bin/../lib/gcc/arm-none-eabi/12.3.1/../../../../arm-none-eabi/lib/thumb/v7-m/nofp\libc_nano.a(libc_a-errno.o)
                0x08003fc4                __errno
 .text.__libc_init_array
                0x08003fd0       0x48 D:/WORK/NSU/CSE/11th Semester/CSE 331.10/Lab/Keil/ST/STM32CubeIDE_1.16.1/STM32CubeIDE/plugins/com.st.stm32cube.ide.mcu.externaltools.gnu-tools-for-stm32.12.3.rel1.win32_1.0.200.202406191623/tools/bin/../lib/gcc/arm-none-eabi/12.3.1/../../../../arm-none-eabi/lib/thumb/v7-m/nofp\libc_nano.a(libc_a-init.o)
                0x08003fd0                __libc_init_array
 .text.__retarget_lock_acquire_recursive
                0x08004018        0x2 D:/WORK/NSU/CSE/11th Semester/CSE 331.10/Lab/Keil/ST/STM32CubeIDE_1.16.1/STM32CubeIDE/plugins/com.st.stm32cube.ide.mcu.externaltools.gnu-tools-for-stm32.12.3.rel1.win32_1.0.200.202406191623/tools/bin/../lib/gcc/arm-none-eabi/12.3.1/../../../../arm-none-eabi/lib/thumb/v7-m/nofp\libc_nano.a(libc_a-lock.o)
                0x08004018                __retarget_lock_acquire_recursive
 .text.__retarget_lock_release_recursive
                0x0800401a        0x2 D:/WORK/NSU/CSE/11th Semester/CSE 331.10/Lab/Keil/ST/STM32CubeIDE_1.16.1/STM32CubeIDE/plugins/com.st.stm32cube.ide.mcu.externaltools.gnu-tools-for-stm32.12.3.rel1.win32_1.0.200.202406191623/tools/bin/../lib/gcc/arm-none-eabi/12.3.1/../../../../arm-none-eabi/lib/thumb/v7-m/nofp\libc_nano.a(libc_a-lock.o)
                0x0800401a                __retarget_lock_release_recursive
 .text._free_r  0x0800401c       0x90 D:/WORK/NSU/CSE/11th Semester/CSE 331.10/Lab/Keil/ST/STM32CubeIDE_1.16.1/STM32CubeIDE/plugins/com.st.stm32cube.ide.mcu.externaltools.gnu-tools-for-stm32.12.3.rel1.win32_1.0.200.202406191623/tools/bin/../lib/gcc/arm-none-eabi/12.3.1/../../../../arm-none-eabi/lib/thumb/v7-m/nofp\libc_nano.a(libc_a-freer.o)
                0x0800401c                _free_r
 .text.sbrk_aligned
                0x080040ac       0x44 D:/WORK/NSU/CSE/11th Semester/CSE 331.10/Lab/Keil/ST/STM32CubeIDE_1.16.1/STM32CubeIDE/plugins/com.st.stm32cube.ide.mcu.externaltools.gnu-tools-for-stm32.12.3.rel1.win32_1.0.200.202406191623/tools/bin/../lib/gcc/arm-none-eabi/12.3.1/../../../../arm-none-eabi/lib/thumb/v7-m/nofp\libc_nano.a(libc_a-mallocr.o)
 .text._malloc_r
                0x080040f0      0x100 D:/WORK/NSU/CSE/11th Semester/CSE 331.10/Lab/Keil/ST/STM32CubeIDE_1.16.1/STM32CubeIDE/plugins/com.st.stm32cube.ide.mcu.externaltools.gnu-tools-for-stm32.12.3.rel1.win32_1.0.200.202406191623/tools/bin/../lib/gcc/arm-none-eabi/12.3.1/../../../../arm-none-eabi/lib/thumb/v7-m/nofp\libc_nano.a(libc_a-mallocr.o)
                0x080040f0                _malloc_r
 .text.__malloc_lock
                0x080041f0        0xc D:/WORK/NSU/CSE/11th Semester/CSE 331.10/Lab/Keil/ST/STM32CubeIDE_1.16.1/STM32CubeIDE/plugins/com.st.stm32cube.ide.mcu.externaltools.gnu-tools-for-stm32.12.3.rel1.win32_1.0.200.202406191623/tools/bin/../lib/gcc/arm-none-eabi/12.3.1/../../../../arm-none-eabi/lib/thumb/v7-m/nofp\libc_nano.a(libc_a-mlock.o)
                0x080041f0                __malloc_lock
 .text.__malloc_unlock
                0x080041fc        0xc D:/WORK/NSU/CSE/11th Semester/CSE 331.10/Lab/Keil/ST/STM32CubeIDE_1.16.1/STM32CubeIDE/plugins/com.st.stm32cube.ide.mcu.externaltools.gnu-tools-for-stm32.12.3.rel1.win32_1.0.200.202406191623/tools/bin/../lib/gcc/arm-none-eabi/12.3.1/../../../../arm-none-eabi/lib/thumb/v7-m/nofp\libc_nano.a(libc_a-mlock.o)
                0x080041fc                __malloc_unlock
 .text.__ssputs_r
                0x08004208       0xb6 D:/WORK/NSU/CSE/11th Semester/CSE 331.10/Lab/Keil/ST/STM32CubeIDE_1.16.1/STM32CubeIDE/plugins/com.st.stm32cube.ide.mcu.externaltools.gnu-tools-for-stm32.12.3.rel1.win32_1.0.200.202406191623/tools/bin/../lib/gcc/arm-none-eabi/12.3.1/../../../../arm-none-eabi/lib/thumb/v7-m/nofp\libc_nano.a(libc_a-nano-svfprintf.o)
                0x08004208                __ssputs_r
 *fill*         0x080042be        0x2 
 .text._svfprintf_r
                0x080042c0      0x1f8 D:/WORK/NSU/CSE/11th Semester/CSE 331.10/Lab/Keil/ST/STM32CubeIDE_1.16.1/STM32CubeIDE/plugins/com.st.stm32cube.ide.mcu.externaltools.gnu-tools-for-stm32.12.3.rel1.win32_1.0.200.202406191623/tools/bin/../lib/gcc/arm-none-eabi/12.3.1/../../../../arm-none-eabi/lib/thumb/v7-m/nofp\libc_nano.a(libc_a-nano-svfprintf.o)
                0x080042c0                _svfiprintf_r
                0x080042c0                _svfprintf_r
 .text._printf_common
                0x080044b8       0xe4 D:/WORK/NSU/CSE/11th Semester/CSE 331.10/Lab/Keil/ST/STM32CubeIDE_1.16.1/STM32CubeIDE/plugins/com.st.stm32cube.ide.mcu.externaltools.gnu-tools-for-stm32.12.3.rel1.win32_1.0.200.202406191623/tools/bin/../lib/gcc/arm-none-eabi/12.3.1/../../../../arm-none-eabi/lib/thumb/v7-m/nofp\libc_nano.a(libc_a-nano-vfprintf_i.o)
                0x080044b8                _printf_common
 .text._printf_i
                0x0800459c      0x240 D:/WORK/NSU/CSE/11th Semester/CSE 331.10/Lab/Keil/ST/STM32CubeIDE_1.16.1/STM32CubeIDE/plugins/com.st.stm32cube.ide.mcu.externaltools.gnu-tools-for-stm32.12.3.rel1.win32_1.0.200.202406191623/tools/bin/../lib/gcc/arm-none-eabi/12.3.1/../../../../arm-none-eabi/lib/thumb/v7-m/nofp\libc_nano.a(libc_a-nano-vfprintf_i.o)
                0x0800459c                _printf_i
 .text.memmove  0x080047dc       0x34 D:/WORK/NSU/CSE/11th Semester/CSE 331.10/Lab/Keil/ST/STM32CubeIDE_1.16.1/STM32CubeIDE/plugins/com.st.stm32cube.ide.mcu.externaltools.gnu-tools-for-stm32.12.3.rel1.win32_1.0.200.202406191623/tools/bin/../lib/gcc/arm-none-eabi/12.3.1/../../../../arm-none-eabi/lib/thumb/v7-m/nofp\libc_nano.a(libc_a-memmove.o)
                0x080047dc                memmove
 .text._sbrk_r  0x08004810       0x20 D:/WORK/NSU/CSE/11th Semester/CSE 331.10/Lab/Keil/ST/STM32CubeIDE_1.16.1/STM32CubeIDE/plugins/com.st.stm32cube.ide.mcu.externaltools.gnu-tools-for-stm32.12.3.rel1.win32_1.0.200.202406191623/tools/bin/../lib/gcc/arm-none-eabi/12.3.1/../../../../arm-none-eabi/lib/thumb/v7-m/nofp\libc_nano.a(libc_a-sbrkr.o)
                0x08004810                _sbrk_r
 .text.memchr   0x08004830       0x1c D:/WORK/NSU/CSE/11th Semester/CSE 331.10/Lab/Keil/ST/STM32CubeIDE_1.16.1/STM32CubeIDE/plugins/com.st.stm32cube.ide.mcu.externaltools.gnu-tools-for-stm32.12.3.rel1.win32_1.0.200.202406191623/tools/bin/../lib/gcc/arm-none-eabi/12.3.1/../../../../arm-none-eabi/lib/thumb/v7-m/nofp\libc_nano.a(libc_a-memchr-stub.o)
                0x08004830                memchr
 .text.memcpy   0x0800484c       0x1c D:/WORK/NSU/CSE/11th Semester/CSE 331.10/Lab/Keil/ST/STM32CubeIDE_1.16.1/STM32CubeIDE/plugins/com.st.stm32cube.ide.mcu.externaltools.gnu-tools-for-stm32.12.3.rel1.win32_1.0.200.202406191623/tools/bin/../lib/gcc/arm-none-eabi/12.3.1/../../../../arm-none-eabi/lib/thumb/v7-m/nofp\libc_nano.a(libc_a-memcpy-stub.o)
                0x0800484c                memcpy
 .text._realloc_r
                0x08004868       0x5c D:/WORK/NSU/CSE/11th Semester/CSE 331.10/Lab/Keil/ST/STM32CubeIDE_1.16.1/STM32CubeIDE/plugins/com.st.stm32cube.ide.mcu.externaltools.gnu-tools-for-stm32.12.3.rel1.win32_1.0.200.202406191623/tools/bin/../lib/gcc/arm-none-eabi/12.3.1/../../../../arm-none-eabi/lib/thumb/v7-m/nofp\libc_nano.a(libc_a-reallocr.o)
                0x08004868                _realloc_r
 .text._malloc_usable_size_r
                0x080048c4       0x10 D:/WORK/NSU/CSE/11th Semester/CSE 331.10/Lab/Keil/ST/STM32CubeIDE_1.16.1/STM32CubeIDE/plugins/com.st.stm32cube.ide.mcu.externaltools.gnu-tools-for-stm32.12.3.rel1.win32_1.0.200.202406191623/tools/bin/../lib/gcc/arm-none-eabi/12.3.1/../../../../arm-none-eabi/lib/thumb/v7-m/nofp\libc_nano.a(libc_a-msizer.o)
                0x080048c4                _malloc_usable_size_r
 *(.glue_7)
 .glue_7        0x080048d4        0x0 linker stubs
 *(.glue_7t)
 .glue_7t       0x080048d4        0x0 linker stubs
 *(.eh_frame)
 .eh_frame      0x080048d4        0x0 D:/WORK/NSU/CSE/11th Semester/CSE 331.10/Lab/Keil/ST/STM32CubeIDE_1.16.1/STM32CubeIDE/plugins/com.st.stm32cube.ide.mcu.externaltools.gnu-tools-for-stm32.12.3.rel1.win32_1.0.200.202406191623/tools/bin/../lib/gcc/arm-none-eabi/12.3.1/thumb/v7-m/nofp/crtbegin.o
 *(.init)
 .init          0x080048d4        0x4 D:/WORK/NSU/CSE/11th Semester/CSE 331.10/Lab/Keil/ST/STM32CubeIDE_1.16.1/STM32CubeIDE/plugins/com.st.stm32cube.ide.mcu.externaltools.gnu-tools-for-stm32.12.3.rel1.win32_1.0.200.202406191623/tools/bin/../lib/gcc/arm-none-eabi/12.3.1/thumb/v7-m/nofp/crti.o
                0x080048d4                _init
 .init          0x080048d8        0x8 D:/WORK/NSU/CSE/11th Semester/CSE 331.10/Lab/Keil/ST/STM32CubeIDE_1.16.1/STM32CubeIDE/plugins/com.st.stm32cube.ide.mcu.externaltools.gnu-tools-for-stm32.12.3.rel1.win32_1.0.200.202406191623/tools/bin/../lib/gcc/arm-none-eabi/12.3.1/thumb/v7-m/nofp/crtn.o
 *(.fini)
 .fini          0x080048e0        0x4 D:/WORK/NSU/CSE/11th Semester/CSE 331.10/Lab/Keil/ST/STM32CubeIDE_1.16.1/STM32CubeIDE/plugins/com.st.stm32cube.ide.mcu.externaltools.gnu-tools-for-stm32.12.3.rel1.win32_1.0.200.202406191623/tools/bin/../lib/gcc/arm-none-eabi/12.3.1/thumb/v7-m/nofp/crti.o
                0x080048e0                _fini
 .fini          0x080048e4        0x8 D:/WORK/NSU/CSE/11th Semester/CSE 331.10/Lab/Keil/ST/STM32CubeIDE_1.16.1/STM32CubeIDE/plugins/com.st.stm32cube.ide.mcu.externaltools.gnu-tools-for-stm32.12.3.rel1.win32_1.0.200.202406191623/tools/bin/../lib/gcc/arm-none-eabi/12.3.1/thumb/v7-m/nofp/crtn.o
                0x080048ec                        . = ALIGN (0x4)
                0x080048ec                        _etext = .

.vfp11_veneer   0x080048ec        0x0
 .vfp11_veneer  0x080048ec        0x0 linker stubs

.v4_bx          0x080048ec        0x0
 .v4_bx         0x080048ec        0x0 linker stubs

.iplt           0x080048ec        0x0
 .iplt          0x080048ec        0x0 D:/WORK/NSU/CSE/11th Semester/CSE 331.10/Lab/Keil/ST/STM32CubeIDE_1.16.1/STM32CubeIDE/plugins/com.st.stm32cube.ide.mcu.externaltools.gnu-tools-for-stm32.12.3.rel1.win32_1.0.200.202406191623/tools/bin/../lib/gcc/arm-none-eabi/12.3.1/thumb/v7-m/nofp/crtbegin.o

.rodata         0x080048ec     0x1570
                0x080048ec                        . = ALIGN (0x4)
 *(.rodata)
 .rodata        0x080048ec       0x23 ./Core/Src/main.o
 *(.rodata*)
 *fill*         0x0800490f        0x1 
 .rodata.Font7x10
                0x08004910      0x76c ./Core/Src/fonts.o
                0x08004910                Font7x10
 .rodata.Font11x18
                0x0800507c      0xd5c ./Core/Src/fonts.o
                0x0800507c                Font11x18
 .rodata.AHBPrescTable
                0x08005dd8       0x10 ./Core/Src/system_stm32f1xx.o
                0x08005dd8                AHBPrescTable
 .rodata.APBPrescTable
                0x08005de8        0x8 ./Core/Src/system_stm32f1xx.o
                0x08005de8                APBPrescTable
 .rodata.aPLLMULFactorTable.1
                0x08005df0       0x10 ./Drivers/STM32F1xx_HAL_Driver/Src/stm32f1xx_hal_rcc.o
 .rodata.aPredivFactorTable.0
                0x08005e00        0x2 ./Drivers/STM32F1xx_HAL_Driver/Src/stm32f1xx_hal_rcc.o
 .rodata.__utoa.str1.1
                0x08005e02       0x25 D:/WORK/NSU/CSE/11th Semester/CSE 331.10/Lab/Keil/ST/STM32CubeIDE_1.16.1/STM32CubeIDE/plugins/com.st.stm32cube.ide.mcu.externaltools.gnu-tools-for-stm32.12.3.rel1.win32_1.0.200.202406191623/tools/bin/../lib/gcc/arm-none-eabi/12.3.1/../../../../arm-none-eabi/lib/thumb/v7-m/nofp\libc_nano.a(libc_a-utoa.o)
 .rodata._svfprintf_r.str1.1
                0x08005e27       0x11 D:/WORK/NSU/CSE/11th Semester/CSE 331.10/Lab/Keil/ST/STM32CubeIDE_1.16.1/STM32CubeIDE/plugins/com.st.stm32cube.ide.mcu.externaltools.gnu-tools-for-stm32.12.3.rel1.win32_1.0.200.202406191623/tools/bin/../lib/gcc/arm-none-eabi/12.3.1/../../../../arm-none-eabi/lib/thumb/v7-m/nofp\libc_nano.a(libc_a-nano-svfprintf.o)
 .rodata._printf_i.str1.1
                0x08005e38       0x22 D:/WORK/NSU/CSE/11th Semester/CSE 331.10/Lab/Keil/ST/STM32CubeIDE_1.16.1/STM32CubeIDE/plugins/com.st.stm32cube.ide.mcu.externaltools.gnu-tools-for-stm32.12.3.rel1.win32_1.0.200.202406191623/tools/bin/../lib/gcc/arm-none-eabi/12.3.1/../../../../arm-none-eabi/lib/thumb/v7-m/nofp\libc_nano.a(libc_a-nano-vfprintf_i.o)
                0x08005e5c                        . = ALIGN (0x4)
 *fill*         0x08005e5a        0x2 

.ARM.extab      0x08005e5c        0x0
                0x08005e5c                        . = ALIGN (0x4)
 *(.ARM.extab* .gnu.linkonce.armextab.*)
                0x08005e5c                        . = ALIGN (0x4)

.ARM            0x08005e5c        0x0
                0x08005e5c                        . = ALIGN (0x4)
                0x08005e5c                        __exidx_start = .
 *(.ARM.exidx*)
                0x08005e5c                        __exidx_end = .
                0x08005e5c                        . = ALIGN (0x4)

.preinit_array  0x08005e5c        0x0
                0x08005e5c                        . = ALIGN (0x4)
                0x08005e5c                        PROVIDE (__preinit_array_start = .)
 *(.preinit_array*)
                0x08005e5c                        PROVIDE (__preinit_array_end = .)
                0x08005e5c                        . = ALIGN (0x4)

.init_array     0x08005e5c        0x4
                0x08005e5c                        . = ALIGN (0x4)
                0x08005e5c                        PROVIDE (__init_array_start = .)
 *(SORT_BY_NAME(.init_array.*))
 *(.init_array*)
 .init_array    0x08005e5c        0x4 D:/WORK/NSU/CSE/11th Semester/CSE 331.10/Lab/Keil/ST/STM32CubeIDE_1.16.1/STM32CubeIDE/plugins/com.st.stm32cube.ide.mcu.externaltools.gnu-tools-for-stm32.12.3.rel1.win32_1.0.200.202406191623/tools/bin/../lib/gcc/arm-none-eabi/12.3.1/thumb/v7-m/nofp/crtbegin.o
                0x08005e60                        PROVIDE (__init_array_end = .)
                0x08005e60                        . = ALIGN (0x4)

.fini_array     0x08005e60        0x4
                0x08005e60                        . = ALIGN (0x4)
                [!provide]                        PROVIDE (__fini_array_start = .)
 *(SORT_BY_NAME(.fini_array.*))
 *(.fini_array*)
 .fini_array    0x08005e60        0x4 D:/WORK/NSU/CSE/11th Semester/CSE 331.10/Lab/Keil/ST/STM32CubeIDE_1.16.1/STM32CubeIDE/plugins/com.st.stm32cube.ide.mcu.externaltools.gnu-tools-for-stm32.12.3.rel1.win32_1.0.200.202406191623/tools/bin/../lib/gcc/arm-none-eabi/12.3.1/thumb/v7-m/nofp/crtbegin.o
                [!provide]                        PROVIDE (__fini_array_end = .)
                0x08005e64                        . = ALIGN (0x4)
                0x08005e64                        _sidata = LOADADDR (.data)

.rel.dyn        0x08005e64        0x0
 .rel.iplt      0x08005e64        0x0 D:/WORK/NSU/CSE/11th Semester/CSE 331.10/Lab/Keil/ST/STM32CubeIDE_1.16.1/STM32CubeIDE/plugins/com.st.stm32cube.ide.mcu.externaltools.gnu-tools-for-stm32.12.3.rel1.win32_1.0.200.202406191623/tools/bin/../lib/gcc/arm-none-eabi/12.3.1/thumb/v7-m/nofp/crtbegin.o

.data           0x20000000       0x6c load address 0x08005e64
                0x20000000                        . = ALIGN (0x4)
                0x20000000                        _sdata = .
 *(.data)
 *(.data*)
 .data.Font_7x10
                0x20000000        0x8 ./Core/Src/fonts.o
                0x20000000                Font_7x10
 .data.Font_11x18
                0x20000008        0x8 ./Core/Src/fonts.o
                0x20000008                Font_11x18
 .data.SystemCoreClock
                0x20000010        0x4 ./Core/Src/system_stm32f1xx.o
                0x20000010                SystemCoreClock
 .data.uwTickPrio
                0x20000014        0x4 ./Drivers/STM32F1xx_HAL_Driver/Src/stm32f1xx_hal.o
                0x20000014                uwTickPrio
 .data.uwTickFreq
                0x20000018        0x1 ./Drivers/STM32F1xx_HAL_Driver/Src/stm32f1xx_hal.o
                0x20000018                uwTickFreq
 *fill*         0x20000019        0x3 
 .data._impure_ptr
                0x2000001c        0x4 D:/WORK/NSU/CSE/11th Semester/CSE 331.10/Lab/Keil/ST/STM32CubeIDE_1.16.1/STM32CubeIDE/plugins/com.st.stm32cube.ide.mcu.externaltools.gnu-tools-for-stm32.12.3.rel1.win32_1.0.200.202406191623/tools/bin/../lib/gcc/arm-none-eabi/12.3.1/../../../../arm-none-eabi/lib/thumb/v7-m/nofp\libc_nano.a(libc_a-impure.o)
                0x2000001c                _impure_ptr
 .data._impure_data
                0x20000020       0x4c D:/WORK/NSU/CSE/11th Semester/CSE 331.10/Lab/Keil/ST/STM32CubeIDE_1.16.1/STM32CubeIDE/plugins/com.st.stm32cube.ide.mcu.externaltools.gnu-tools-for-stm32.12.3.rel1.win32_1.0.200.202406191623/tools/bin/../lib/gcc/arm-none-eabi/12.3.1/../../../../arm-none-eabi/lib/thumb/v7-m/nofp\libc_nano.a(libc_a-impure.o)
                0x20000020                _impure_data
 *(.RamFunc)
 *(.RamFunc*)
                0x2000006c                        . = ALIGN (0x4)
                0x2000006c                        _edata = .

.igot.plt       0x2000006c        0x0 load address 0x08005ed0
 .igot.plt      0x2000006c        0x0 D:/WORK/NSU/CSE/11th Semester/CSE 331.10/Lab/Keil/ST/STM32CubeIDE_1.16.1/STM32CubeIDE/plugins/com.st.stm32cube.ide.mcu.externaltools.gnu-tools-for-stm32.12.3.rel1.win32_1.0.200.202406191623/tools/bin/../lib/gcc/arm-none-eabi/12.3.1/thumb/v7-m/nofp/crtbegin.o
                0x2000006c                        . = ALIGN (0x4)

.bss            0x2000006c      0x69c load address 0x08005ed0
                0x2000006c                        _sbss = .
                0x2000006c                        __bss_start__ = _sbss
 *(.bss)
 .bss           0x2000006c       0x1c D:/WORK/NSU/CSE/11th Semester/CSE 331.10/Lab/Keil/ST/STM32CubeIDE_1.16.1/STM32CubeIDE/plugins/com.st.stm32cube.ide.mcu.externaltools.gnu-tools-for-stm32.12.3.rel1.win32_1.0.200.202406191623/tools/bin/../lib/gcc/arm-none-eabi/12.3.1/thumb/v7-m/nofp/crtbegin.o
 *(.bss*)
 .bss.hi2c1     0x20000088       0x54 ./Core/Src/main.o
                0x20000088                hi2c1
 .bss.hi2c2     0x200000dc       0x54 ./Core/Src/main.o
                0x200000dc                hi2c2
 .bss.htim1     0x20000130       0x48 ./Core/Src/main.o
                0x20000130                htim1
 .bss.pMillis   0x20000178        0x4 ./Core/Src/main.o
                0x20000178                pMillis
 .bss.cMillis   0x2000017c        0x4 ./Core/Src/main.o
                0x2000017c                cMillis
 .bss.Value1    0x20000180        0x4 ./Core/Src/main.o
                0x20000180                Value1
 .bss.Value2    0x20000184        0x4 ./Core/Src/main.o
                0x20000184                Value2
 .bss.Distance  0x20000188        0x2 ./Core/Src/main.o
                0x20000188                Distance
 .bss.RHI       0x2000018a        0x1 ./Core/Src/main.o
                0x2000018a                RHI
 .bss.RHD       0x2000018b        0x1 ./Core/Src/main.o
                0x2000018b                RHD
 .bss.TCI       0x2000018c        0x1 ./Core/Src/main.o
                0x2000018c                TCI
 .bss.TCD       0x2000018d        0x1 ./Core/Src/main.o
                0x2000018d                TCD
 .bss.SUM       0x2000018e        0x1 ./Core/Src/main.o
                0x2000018e                SUM
 *fill*         0x2000018f        0x1 
 .bss.tCelsius  0x20000190        0x4 ./Core/Src/main.o
                0x20000190                tCelsius
 .bss.tFahrenheit
                0x20000194        0x4 ./Core/Src/main.o
                0x20000194                tFahrenheit
 .bss.RH        0x20000198        0x4 ./Core/Src/main.o
                0x20000198                RH
 .bss.TFI       0x2000019c        0x1 ./Core/Src/main.o
                0x2000019c                TFI
 .bss.TFD       0x2000019d        0x1 ./Core/Src/main.o
                0x2000019d                TFD
 *fill*         0x2000019e        0x2 
 .bss.strCopy   0x200001a0        0xf ./Core/Src/main.o
                0x200001a0                strCopy
 *fill*         0x200001af        0x1 
 .bss.SSD1306_Buffer
                0x200001b0      0x400 ./Core/Src/ssd1306.o
 .bss.SSD1306   0x200005b0        0x6 ./Core/Src/ssd1306.o
 *fill*         0x200005b6        0x2 
 .bss.__sbrk_heap_end
                0x200005b8        0x4 ./Core/Src/sysmem.o
 .bss.uwTick    0x200005bc        0x4 ./Drivers/STM32F1xx_HAL_Driver/Src/stm32f1xx_hal.o
                0x200005bc                uwTick
 .bss.__sf      0x200005c0      0x138 D:/WORK/NSU/CSE/11th Semester/CSE 331.10/Lab/Keil/ST/STM32CubeIDE_1.16.1/STM32CubeIDE/plugins/com.st.stm32cube.ide.mcu.externaltools.gnu-tools-for-stm32.12.3.rel1.win32_1.0.200.202406191623/tools/bin/../lib/gcc/arm-none-eabi/12.3.1/../../../../arm-none-eabi/lib/thumb/v7-m/nofp\libc_nano.a(libc_a-findfp.o)
                0x200005c0                __sf
 .bss.errno     0x200006f8        0x4 D:/WORK/NSU/CSE/11th Semester/CSE 331.10/Lab/Keil/ST/STM32CubeIDE_1.16.1/STM32CubeIDE/plugins/com.st.stm32cube.ide.mcu.externaltools.gnu-tools-for-stm32.12.3.rel1.win32_1.0.200.202406191623/tools/bin/../lib/gcc/arm-none-eabi/12.3.1/../../../../arm-none-eabi/lib/thumb/v7-m/nofp\libc_nano.a(libc_a-reent.o)
                0x200006f8                errno
 .bss.__lock___malloc_recursive_mutex
                0x200006fc        0x1 D:/WORK/NSU/CSE/11th Semester/CSE 331.10/Lab/Keil/ST/STM32CubeIDE_1.16.1/STM32CubeIDE/plugins/com.st.stm32cube.ide.mcu.externaltools.gnu-tools-for-stm32.12.3.rel1.win32_1.0.200.202406191623/tools/bin/../lib/gcc/arm-none-eabi/12.3.1/../../../../arm-none-eabi/lib/thumb/v7-m/nofp\libc_nano.a(libc_a-lock.o)
                0x200006fc                __lock___malloc_recursive_mutex
 *fill*         0x200006fd        0x3 
 .bss.__malloc_sbrk_start
                0x20000700        0x4 D:/WORK/NSU/CSE/11th Semester/CSE 331.10/Lab/Keil/ST/STM32CubeIDE_1.16.1/STM32CubeIDE/plugins/com.st.stm32cube.ide.mcu.externaltools.gnu-tools-for-stm32.12.3.rel1.win32_1.0.200.202406191623/tools/bin/../lib/gcc/arm-none-eabi/12.3.1/../../../../arm-none-eabi/lib/thumb/v7-m/nofp\libc_nano.a(libc_a-mallocr.o)
                0x20000700                __malloc_sbrk_start
 .bss.__malloc_free_list
                0x20000704        0x4 D:/WORK/NSU/CSE/11th Semester/CSE 331.10/Lab/Keil/ST/STM32CubeIDE_1.16.1/STM32CubeIDE/plugins/com.st.stm32cube.ide.mcu.externaltools.gnu-tools-for-stm32.12.3.rel1.win32_1.0.200.202406191623/tools/bin/../lib/gcc/arm-none-eabi/12.3.1/../../../../arm-none-eabi/lib/thumb/v7-m/nofp\libc_nano.a(libc_a-mallocr.o)
                0x20000704                __malloc_free_list
 *(COMMON)
                0x20000708                        . = ALIGN (0x4)
                0x20000708                        _ebss = .
                0x20000708                        __bss_end__ = _ebss

._user_heap_stack
                0x20000708      0x600 load address 0x08005ed0
                0x20000708                        . = ALIGN (0x8)
                [!provide]                        PROVIDE (end = .)
                0x20000708                        PROVIDE (_end = .)
                0x20000908                        . = (. + _Min_Heap_Size)
 *fill*         0x20000708      0x200 
                0x20000d08                        . = (. + _Min_Stack_Size)
 *fill*         0x20000908      0x400 
                0x20000d08                        . = ALIGN (0x8)

/DISCARD/
 libc.a(*)
 libm.a(*)
 libgcc.a(*)

.ARM.attributes
                0x00000000       0x29
 *(.ARM.attributes)
 .ARM.attributes
                0x00000000       0x1d D:/WORK/NSU/CSE/11th Semester/CSE 331.10/Lab/Keil/ST/STM32CubeIDE_1.16.1/STM32CubeIDE/plugins/com.st.stm32cube.ide.mcu.externaltools.gnu-tools-for-stm32.12.3.rel1.win32_1.0.200.202406191623/tools/bin/../lib/gcc/arm-none-eabi/12.3.1/thumb/v7-m/nofp/crti.o
 .ARM.attributes
                0x0000001d       0x2d D:/WORK/NSU/CSE/11th Semester/CSE 331.10/Lab/Keil/ST/STM32CubeIDE_1.16.1/STM32CubeIDE/plugins/com.st.stm32cube.ide.mcu.externaltools.gnu-tools-for-stm32.12.3.rel1.win32_1.0.200.202406191623/tools/bin/../lib/gcc/arm-none-eabi/12.3.1/thumb/v7-m/nofp/crtbegin.o
 .ARM.attributes
                0x0000004a       0x2d ./Core/Src/fonts.o
 .ARM.attributes
                0x00000077       0x2d ./Core/Src/main.o
 .ARM.attributes
                0x000000a4       0x2d ./Core/Src/ssd1306.o
 .ARM.attributes
                0x000000d1       0x2d ./Core/Src/stm32f1xx_hal_msp.o
 .ARM.attributes
                0x000000fe       0x2d ./Core/Src/stm32f1xx_it.o
 .ARM.attributes
                0x0000012b       0x2d ./Core/Src/sysmem.o
 .ARM.attributes
                0x00000158       0x2d ./Core/Src/system_stm32f1xx.o
 .ARM.attributes
                0x00000185       0x21 ./Core/Startup/startup_stm32f103c8tx.o
 .ARM.attributes
                0x000001a6       0x2d ./Drivers/STM32F1xx_HAL_Driver/Src/stm32f1xx_hal.o
 .ARM.attributes
                0x000001d3       0x2d ./Drivers/STM32F1xx_HAL_Driver/Src/stm32f1xx_hal_cortex.o
 .ARM.attributes
                0x00000200       0x2d ./Drivers/STM32F1xx_HAL_Driver/Src/stm32f1xx_hal_gpio.o
 .ARM.attributes
                0x0000022d       0x2d ./Drivers/STM32F1xx_HAL_Driver/Src/stm32f1xx_hal_i2c.o
 .ARM.attributes
                0x0000025a       0x2d ./Drivers/STM32F1xx_HAL_Driver/Src/stm32f1xx_hal_rcc.o
 .ARM.attributes
                0x00000287       0x2d ./Drivers/STM32F1xx_HAL_Driver/Src/stm32f1xx_hal_tim.o
 .ARM.attributes
                0x000002b4       0x2d ./Drivers/STM32F1xx_HAL_Driver/Src/stm32f1xx_hal_tim_ex.o
 .ARM.attributes
                0x000002e1       0x2d D:/WORK/NSU/CSE/11th Semester/CSE 331.10/Lab/Keil/ST/STM32CubeIDE_1.16.1/STM32CubeIDE/plugins/com.st.stm32cube.ide.mcu.externaltools.gnu-tools-for-stm32.12.3.rel1.win32_1.0.200.202406191623/tools/bin/../lib/gcc/arm-none-eabi/12.3.1/../../../../arm-none-eabi/lib/thumb/v7-m/nofp\libc_nano.a(libc_a-itoa.o)
 .ARM.attributes
                0x0000030e       0x2d D:/WORK/NSU/CSE/11th Semester/CSE 331.10/Lab/Keil/ST/STM32CubeIDE_1.16.1/STM32CubeIDE/plugins/com.st.stm32cube.ide.mcu.externaltools.gnu-tools-for-stm32.12.3.rel1.win32_1.0.200.202406191623/tools/bin/../lib/gcc/arm-none-eabi/12.3.1/../../../../arm-none-eabi/lib/thumb/v7-m/nofp\libc_nano.a(libc_a-utoa.o)
 .ARM.attributes
                0x0000033b       0x2d D:/WORK/NSU/CSE/11th Semester/CSE 331.10/Lab/Keil/ST/STM32CubeIDE_1.16.1/STM32CubeIDE/plugins/com.st.stm32cube.ide.mcu.externaltools.gnu-tools-for-stm32.12.3.rel1.win32_1.0.200.202406191623/tools/bin/../lib/gcc/arm-none-eabi/12.3.1/../../../../arm-none-eabi/lib/thumb/v7-m/nofp\libc_nano.a(libc_a-findfp.o)
 .ARM.attributes
                0x00000368       0x2d D:/WORK/NSU/CSE/11th Semester/CSE 331.10/Lab/Keil/ST/STM32CubeIDE_1.16.1/STM32CubeIDE/plugins/com.st.stm32cube.ide.mcu.externaltools.gnu-tools-for-stm32.12.3.rel1.win32_1.0.200.202406191623/tools/bin/../lib/gcc/arm-none-eabi/12.3.1/../../../../arm-none-eabi/lib/thumb/v7-m/nofp\libc_nano.a(libc_a-sprintf.o)
 .ARM.attributes
                0x00000395       0x2d D:/WORK/NSU/CSE/11th Semester/CSE 331.10/Lab/Keil/ST/STM32CubeIDE_1.16.1/STM32CubeIDE/plugins/com.st.stm32cube.ide.mcu.externaltools.gnu-tools-for-stm32.12.3.rel1.win32_1.0.200.202406191623/tools/bin/../lib/gcc/arm-none-eabi/12.3.1/../../../../arm-none-eabi/lib/thumb/v7-m/nofp\libc_nano.a(libc_a-memset.o)
 .ARM.attributes
                0x000003c2       0x2d D:/WORK/NSU/CSE/11th Semester/CSE 331.10/Lab/Keil/ST/STM32CubeIDE_1.16.1/STM32CubeIDE/plugins/com.st.stm32cube.ide.mcu.externaltools.gnu-tools-for-stm32.12.3.rel1.win32_1.0.200.202406191623/tools/bin/../lib/gcc/arm-none-eabi/12.3.1/../../../../arm-none-eabi/lib/thumb/v7-m/nofp\libc_nano.a(libc_a-reent.o)
 .ARM.attributes
                0x000003ef       0x2d D:/WORK/NSU/CSE/11th Semester/CSE 331.10/Lab/Keil/ST/STM32CubeIDE_1.16.1/STM32CubeIDE/plugins/com.st.stm32cube.ide.mcu.externaltools.gnu-tools-for-stm32.12.3.rel1.win32_1.0.200.202406191623/tools/bin/../lib/gcc/arm-none-eabi/12.3.1/../../../../arm-none-eabi/lib/thumb/v7-m/nofp\libc_nano.a(libc_a-impure.o)
 .ARM.attributes
                0x0000041c       0x2d D:/WORK/NSU/CSE/11th Semester/CSE 331.10/Lab/Keil/ST/STM32CubeIDE_1.16.1/STM32CubeIDE/plugins/com.st.stm32cube.ide.mcu.externaltools.gnu-tools-for-stm32.12.3.rel1.win32_1.0.200.202406191623/tools/bin/../lib/gcc/arm-none-eabi/12.3.1/../../../../arm-none-eabi/lib/thumb/v7-m/nofp\libc_nano.a(libc_a-errno.o)
 .ARM.attributes
                0x00000449       0x2d D:/WORK/NSU/CSE/11th Semester/CSE 331.10/Lab/Keil/ST/STM32CubeIDE_1.16.1/STM32CubeIDE/plugins/com.st.stm32cube.ide.mcu.externaltools.gnu-tools-for-stm32.12.3.rel1.win32_1.0.200.202406191623/tools/bin/../lib/gcc/arm-none-eabi/12.3.1/../../../../arm-none-eabi/lib/thumb/v7-m/nofp\libc_nano.a(libc_a-init.o)
 .ARM.attributes
                0x00000476       0x2d D:/WORK/NSU/CSE/11th Semester/CSE 331.10/Lab/Keil/ST/STM32CubeIDE_1.16.1/STM32CubeIDE/plugins/com.st.stm32cube.ide.mcu.externaltools.gnu-tools-for-stm32.12.3.rel1.win32_1.0.200.202406191623/tools/bin/../lib/gcc/arm-none-eabi/12.3.1/../../../../arm-none-eabi/lib/thumb/v7-m/nofp\libc_nano.a(libc_a-lock.o)
 .ARM.attributes
                0x000004a3       0x2d D:/WORK/NSU/CSE/11th Semester/CSE 331.10/Lab/Keil/ST/STM32CubeIDE_1.16.1/STM32CubeIDE/plugins/com.st.stm32cube.ide.mcu.externaltools.gnu-tools-for-stm32.12.3.rel1.win32_1.0.200.202406191623/tools/bin/../lib/gcc/arm-none-eabi/12.3.1/../../../../arm-none-eabi/lib/thumb/v7-m/nofp\libc_nano.a(libc_a-freer.o)
 .ARM.attributes
                0x000004d0       0x2d D:/WORK/NSU/CSE/11th Semester/CSE 331.10/Lab/Keil/ST/STM32CubeIDE_1.16.1/STM32CubeIDE/plugins/com.st.stm32cube.ide.mcu.externaltools.gnu-tools-for-stm32.12.3.rel1.win32_1.0.200.202406191623/tools/bin/../lib/gcc/arm-none-eabi/12.3.1/../../../../arm-none-eabi/lib/thumb/v7-m/nofp\libc_nano.a(libc_a-mallocr.o)
 .ARM.attributes
                0x000004fd       0x2d D:/WORK/NSU/CSE/11th Semester/CSE 331.10/Lab/Keil/ST/STM32CubeIDE_1.16.1/STM32CubeIDE/plugins/com.st.stm32cube.ide.mcu.externaltools.gnu-tools-for-stm32.12.3.rel1.win32_1.0.200.202406191623/tools/bin/../lib/gcc/arm-none-eabi/12.3.1/../../../../arm-none-eabi/lib/thumb/v7-m/nofp\libc_nano.a(libc_a-mlock.o)
 .ARM.attributes
                0x0000052a       0x2d D:/WORK/NSU/CSE/11th Semester/CSE 331.10/Lab/Keil/ST/STM32CubeIDE_1.16.1/STM32CubeIDE/plugins/com.st.stm32cube.ide.mcu.externaltools.gnu-tools-for-stm32.12.3.rel1.win32_1.0.200.202406191623/tools/bin/../lib/gcc/arm-none-eabi/12.3.1/../../../../arm-none-eabi/lib/thumb/v7-m/nofp\libc_nano.a(libc_a-nano-svfprintf.o)
 .ARM.attributes
                0x00000557       0x2d D:/WORK/NSU/CSE/11th Semester/CSE 331.10/Lab/Keil/ST/STM32CubeIDE_1.16.1/STM32CubeIDE/plugins/com.st.stm32cube.ide.mcu.externaltools.gnu-tools-for-stm32.12.3.rel1.win32_1.0.200.202406191623/tools/bin/../lib/gcc/arm-none-eabi/12.3.1/../../../../arm-none-eabi/lib/thumb/v7-m/nofp\libc_nano.a(libc_a-nano-vfprintf_i.o)
 .ARM.attributes
                0x00000584       0x2d D:/WORK/NSU/CSE/11th Semester/CSE 331.10/Lab/Keil/ST/STM32CubeIDE_1.16.1/STM32CubeIDE/plugins/com.st.stm32cube.ide.mcu.externaltools.gnu-tools-for-stm32.12.3.rel1.win32_1.0.200.202406191623/tools/bin/../lib/gcc/arm-none-eabi/12.3.1/../../../../arm-none-eabi/lib/thumb/v7-m/nofp\libc_nano.a(libc_a-memmove.o)
 .ARM.attributes
                0x000005b1       0x2d D:/WORK/NSU/CSE/11th Semester/CSE 331.10/Lab/Keil/ST/STM32CubeIDE_1.16.1/STM32CubeIDE/plugins/com.st.stm32cube.ide.mcu.externaltools.gnu-tools-for-stm32.12.3.rel1.win32_1.0.200.202406191623/tools/bin/../lib/gcc/arm-none-eabi/12.3.1/../../../../arm-none-eabi/lib/thumb/v7-m/nofp\libc_nano.a(libc_a-sbrkr.o)
 .ARM.attributes
                0x000005de       0x2d D:/WORK/NSU/CSE/11th Semester/CSE 331.10/Lab/Keil/ST/STM32CubeIDE_1.16.1/STM32CubeIDE/plugins/com.st.stm32cube.ide.mcu.externaltools.gnu-tools-for-stm32.12.3.rel1.win32_1.0.200.202406191623/tools/bin/../lib/gcc/arm-none-eabi/12.3.1/../../../../arm-none-eabi/lib/thumb/v7-m/nofp\libc_nano.a(libc_a-memchr-stub.o)
 .ARM.attributes
                0x0000060b       0x2d D:/WORK/NSU/CSE/11th Semester/CSE 331.10/Lab/Keil/ST/STM32CubeIDE_1.16.1/STM32CubeIDE/plugins/com.st.stm32cube.ide.mcu.externaltools.gnu-tools-for-stm32.12.3.rel1.win32_1.0.200.202406191623/tools/bin/../lib/gcc/arm-none-eabi/12.3.1/../../../../arm-none-eabi/lib/thumb/v7-m/nofp\libc_nano.a(libc_a-memcpy-stub.o)
 .ARM.attributes
                0x00000638       0x2d D:/WORK/NSU/CSE/11th Semester/CSE 331.10/Lab/Keil/ST/STM32CubeIDE_1.16.1/STM32CubeIDE/plugins/com.st.stm32cube.ide.mcu.externaltools.gnu-tools-for-stm32.12.3.rel1.win32_1.0.200.202406191623/tools/bin/../lib/gcc/arm-none-eabi/12.3.1/../../../../arm-none-eabi/lib/thumb/v7-m/nofp\libc_nano.a(libc_a-reallocr.o)
 .ARM.attributes
                0x00000665       0x2d D:/WORK/NSU/CSE/11th Semester/CSE 331.10/Lab/Keil/ST/STM32CubeIDE_1.16.1/STM32CubeIDE/plugins/com.st.stm32cube.ide.mcu.externaltools.gnu-tools-for-stm32.12.3.rel1.win32_1.0.200.202406191623/tools/bin/../lib/gcc/arm-none-eabi/12.3.1/../../../../arm-none-eabi/lib/thumb/v7-m/nofp\libc_nano.a(libc_a-msizer.o)
 .ARM.attributes
                0x00000692       0x1d D:/WORK/NSU/CSE/11th Semester/CSE 331.10/Lab/Keil/ST/STM32CubeIDE_1.16.1/STM32CubeIDE/plugins/com.st.stm32cube.ide.mcu.externaltools.gnu-tools-for-stm32.12.3.rel1.win32_1.0.200.202406191623/tools/bin/../lib/gcc/arm-none-eabi/12.3.1/thumb/v7-m/nofp\libgcc.a(_arm_addsubdf3.o)
 .ARM.attributes
                0x000006af       0x1d D:/WORK/NSU/CSE/11th Semester/CSE 331.10/Lab/Keil/ST/STM32CubeIDE_1.16.1/STM32CubeIDE/plugins/com.st.stm32cube.ide.mcu.externaltools.gnu-tools-for-stm32.12.3.rel1.win32_1.0.200.202406191623/tools/bin/../lib/gcc/arm-none-eabi/12.3.1/thumb/v7-m/nofp\libgcc.a(_arm_muldivdf3.o)
 .ARM.attributes
                0x000006cc       0x1d D:/WORK/NSU/CSE/11th Semester/CSE 331.10/Lab/Keil/ST/STM32CubeIDE_1.16.1/STM32CubeIDE/plugins/com.st.stm32cube.ide.mcu.externaltools.gnu-tools-for-stm32.12.3.rel1.win32_1.0.200.202406191623/tools/bin/../lib/gcc/arm-none-eabi/12.3.1/thumb/v7-m/nofp\libgcc.a(_arm_fixunsdfsi.o)
 .ARM.attributes
                0x000006e9       0x1d D:/WORK/NSU/CSE/11th Semester/CSE 331.10/Lab/Keil/ST/STM32CubeIDE_1.16.1/STM32CubeIDE/plugins/com.st.stm32cube.ide.mcu.externaltools.gnu-tools-for-stm32.12.3.rel1.win32_1.0.200.202406191623/tools/bin/../lib/gcc/arm-none-eabi/12.3.1/thumb/v7-m/nofp\libgcc.a(_arm_truncdfsf2.o)
 .ARM.attributes
                0x00000706       0x1d D:/WORK/NSU/CSE/11th Semester/CSE 331.10/Lab/Keil/ST/STM32CubeIDE_1.16.1/STM32CubeIDE/plugins/com.st.stm32cube.ide.mcu.externaltools.gnu-tools-for-stm32.12.3.rel1.win32_1.0.200.202406191623/tools/bin/../lib/gcc/arm-none-eabi/12.3.1/thumb/v7-m/nofp\libgcc.a(_arm_addsubsf3.o)
 .ARM.attributes
                0x00000723       0x1d D:/WORK/NSU/CSE/11th Semester/CSE 331.10/Lab/Keil/ST/STM32CubeIDE_1.16.1/STM32CubeIDE/plugins/com.st.stm32cube.ide.mcu.externaltools.gnu-tools-for-stm32.12.3.rel1.win32_1.0.200.202406191623/tools/bin/../lib/gcc/arm-none-eabi/12.3.1/thumb/v7-m/nofp\libgcc.a(_arm_muldivsf3.o)
 .ARM.attributes
                0x00000740       0x1d D:/WORK/NSU/CSE/11th Semester/CSE 331.10/Lab/Keil/ST/STM32CubeIDE_1.16.1/STM32CubeIDE/plugins/com.st.stm32cube.ide.mcu.externaltools.gnu-tools-for-stm32.12.3.rel1.win32_1.0.200.202406191623/tools/bin/../lib/gcc/arm-none-eabi/12.3.1/thumb/v7-m/nofp\libgcc.a(_arm_fixunssfsi.o)
 .ARM.attributes
                0x0000075d       0x1d D:/WORK/NSU/CSE/11th Semester/CSE 331.10/Lab/Keil/ST/STM32CubeIDE_1.16.1/STM32CubeIDE/plugins/com.st.stm32cube.ide.mcu.externaltools.gnu-tools-for-stm32.12.3.rel1.win32_1.0.200.202406191623/tools/bin/../lib/gcc/arm-none-eabi/12.3.1/thumb/v7-m/nofp/crtn.o
OUTPUT(oled_test.elf elf32-littlearm)
LOAD linker stubs
LOAD D:/WORK/NSU/CSE/11th Semester/CSE 331.10/Lab/Keil/ST/STM32CubeIDE_1.16.1/STM32CubeIDE/plugins/com.st.stm32cube.ide.mcu.externaltools.gnu-tools-for-stm32.12.3.rel1.win32_1.0.200.202406191623/tools/bin/../lib/gcc/arm-none-eabi/12.3.1/../../../../arm-none-eabi/lib/thumb/v7-m/nofp\libc.a
LOAD D:/WORK/NSU/CSE/11th Semester/CSE 331.10/Lab/Keil/ST/STM32CubeIDE_1.16.1/STM32CubeIDE/plugins/com.st.stm32cube.ide.mcu.externaltools.gnu-tools-for-stm32.12.3.rel1.win32_1.0.200.202406191623/tools/bin/../lib/gcc/arm-none-eabi/12.3.1/../../../../arm-none-eabi/lib/thumb/v7-m/nofp\libm.a
LOAD D:/WORK/NSU/CSE/11th Semester/CSE 331.10/Lab/Keil/ST/STM32CubeIDE_1.16.1/STM32CubeIDE/plugins/com.st.stm32cube.ide.mcu.externaltools.gnu-tools-for-stm32.12.3.rel1.win32_1.0.200.202406191623/tools/bin/../lib/gcc/arm-none-eabi/12.3.1/thumb/v7-m/nofp\libgcc.a

.debug_info     0x00000000     0xb764
 .debug_info    0x00000000      0x255 ./Core/Src/fonts.o
 .debug_info    0x00000255     0x11d4 ./Core/Src/main.o
 .debug_info    0x00001429     0x1028 ./Core/Src/ssd1306.o
 .debug_info    0x00002451      0xc23 ./Core/Src/stm32f1xx_hal_msp.o
 .debug_info    0x00003074      0x113 ./Core/Src/stm32f1xx_it.o
 .debug_info    0x00003187      0x168 ./Core/Src/sysmem.o
 .debug_info    0x000032ef      0x222 ./Core/Src/system_stm32f1xx.o
 .debug_info    0x00003511       0x30 ./Core/Startup/startup_stm32f103c8tx.o
 .debug_info    0x00003541      0x704 ./Drivers/STM32F1xx_HAL_Driver/Src/stm32f1xx_hal.o
 .debug_info    0x00003c45      0xa87 ./Drivers/STM32F1xx_HAL_Driver/Src/stm32f1xx_hal_cortex.o
 .debug_info    0x000046cc      0x5ab ./Drivers/STM32F1xx_HAL_Driver/Src/stm32f1xx_hal_gpio.o
 .debug_info    0x00004c77     0x2524 ./Drivers/STM32F1xx_HAL_Driver/Src/stm32f1xx_hal_i2c.o
 .debug_info    0x0000719b      0x7d5 ./Drivers/STM32F1xx_HAL_Driver/Src/stm32f1xx_hal_rcc.o
 .debug_info    0x00007970     0x2959 ./Drivers/STM32F1xx_HAL_Driver/Src/stm32f1xx_hal_tim.o
 .debug_info    0x0000a2c9     0x149b ./Drivers/STM32F1xx_HAL_Driver/Src/stm32f1xx_hal_tim_ex.o

.debug_abbrev   0x00000000     0x1ce9
 .debug_abbrev  0x00000000      0x11c ./Core/Src/fonts.o
 .debug_abbrev  0x0000011c      0x349 ./Core/Src/main.o
 .debug_abbrev  0x00000465      0x30d ./Core/Src/ssd1306.o
 .debug_abbrev  0x00000772      0x1d3 ./Core/Src/stm32f1xx_hal_msp.o
 .debug_abbrev  0x00000945       0x73 ./Core/Src/stm32f1xx_it.o
 .debug_abbrev  0x000009b8       0xbc ./Core/Src/sysmem.o
 .debug_abbrev  0x00000a74      0x13f ./Core/Src/system_stm32f1xx.o
 .debug_abbrev  0x00000bb3       0x24 ./Core/Startup/startup_stm32f103c8tx.o
 .debug_abbrev  0x00000bd7      0x201 ./Drivers/STM32F1xx_HAL_Driver/Src/stm32f1xx_hal.o
 .debug_abbrev  0x00000dd8      0x2f8 ./Drivers/STM32F1xx_HAL_Driver/Src/stm32f1xx_hal_cortex.o
 .debug_abbrev  0x000010d0      0x1ca ./Drivers/STM32F1xx_HAL_Driver/Src/stm32f1xx_hal_gpio.o
 .debug_abbrev  0x0000129a      0x2a3 ./Drivers/STM32F1xx_HAL_Driver/Src/stm32f1xx_hal_i2c.o
 .debug_abbrev  0x0000153d      0x2b3 ./Drivers/STM32F1xx_HAL_Driver/Src/stm32f1xx_hal_rcc.o
 .debug_abbrev  0x000017f0      0x277 ./Drivers/STM32F1xx_HAL_Driver/Src/stm32f1xx_hal_tim.o
 .debug_abbrev  0x00001a67      0x282 ./Drivers/STM32F1xx_HAL_Driver/Src/stm32f1xx_hal_tim_ex.o

.debug_aranges  0x00000000      0xd40
 .debug_aranges
                0x00000000       0x20 ./Core/Src/fonts.o
 .debug_aranges
                0x00000020       0x70 ./Core/Src/main.o
 .debug_aranges
                0x00000090       0xf8 ./Core/Src/ssd1306.o
 .debug_aranges
                0x00000188       0x40 ./Core/Src/stm32f1xx_hal_msp.o
 .debug_aranges
                0x000001c8       0x60 ./Core/Src/stm32f1xx_it.o
 .debug_aranges
                0x00000228       0x20 ./Core/Src/sysmem.o
 .debug_aranges
                0x00000248       0x28 ./Core/Src/system_stm32f1xx.o
 .debug_aranges
                0x00000270       0x28 ./Core/Startup/startup_stm32f103c8tx.o
 .debug_aranges
                0x00000298       0xe0 ./Drivers/STM32F1xx_HAL_Driver/Src/stm32f1xx_hal.o
 .debug_aranges
                0x00000378      0x100 ./Drivers/STM32F1xx_HAL_Driver/Src/stm32f1xx_hal_cortex.o
 .debug_aranges
                0x00000478       0x58 ./Drivers/STM32F1xx_HAL_Driver/Src/stm32f1xx_hal_gpio.o
 .debug_aranges
                0x000004d0      0x2a8 ./Drivers/STM32F1xx_HAL_Driver/Src/stm32f1xx_hal_i2c.o
 .debug_aranges
                0x00000778       0x90 ./Drivers/STM32F1xx_HAL_Driver/Src/stm32f1xx_hal_rcc.o
 .debug_aranges
                0x00000808      0x3d0 ./Drivers/STM32F1xx_HAL_Driver/Src/stm32f1xx_hal_tim.o
 .debug_aranges
                0x00000bd8      0x168 ./Drivers/STM32F1xx_HAL_Driver/Src/stm32f1xx_hal_tim_ex.o

.debug_rnglists
                0x00000000      0xa64
 .debug_rnglists
                0x00000000       0x13 ./Core/Src/fonts.o
 .debug_rnglists
                0x00000013       0x56 ./Core/Src/main.o
 .debug_rnglists
                0x00000069       0xc2 ./Core/Src/ssd1306.o
 .debug_rnglists
                0x0000012b       0x2c ./Core/Src/stm32f1xx_hal_msp.o
 .debug_rnglists
                0x00000157       0x43 ./Core/Src/stm32f1xx_it.o
 .debug_rnglists
                0x0000019a       0x13 ./Core/Src/sysmem.o
 .debug_rnglists
                0x000001ad       0x1a ./Core/Src/system_stm32f1xx.o
 .debug_rnglists
                0x000001c7       0x19 ./Core/Startup/startup_stm32f103c8tx.o
 .debug_rnglists
                0x000001e0       0xa3 ./Drivers/STM32F1xx_HAL_Driver/Src/stm32f1xx_hal.o
 .debug_rnglists
                0x00000283       0xbb ./Drivers/STM32F1xx_HAL_Driver/Src/stm32f1xx_hal_cortex.o
 .debug_rnglists
                0x0000033e       0x3f ./Drivers/STM32F1xx_HAL_Driver/Src/stm32f1xx_hal_gpio.o
 .debug_rnglists
                0x0000037d      0x23c ./Drivers/STM32F1xx_HAL_Driver/Src/stm32f1xx_hal_i2c.o
 .debug_rnglists
                0x000005b9       0x6c ./Drivers/STM32F1xx_HAL_Driver/Src/stm32f1xx_hal_rcc.o
 .debug_rnglists
                0x00000625      0x31a ./Drivers/STM32F1xx_HAL_Driver/Src/stm32f1xx_hal_tim.o
 .debug_rnglists
                0x0000093f      0x125 ./Drivers/STM32F1xx_HAL_Driver/Src/stm32f1xx_hal_tim_ex.o

.debug_macro    0x00000000    0x17f79
 .debug_macro   0x00000000      0x27b ./Core/Src/fonts.o
 .debug_macro   0x0000027b      0xaa8 ./Core/Src/fonts.o
 .debug_macro   0x00000d23      0x21b ./Core/Src/fonts.o
 .debug_macro   0x00000f3e       0x2e ./Core/Src/fonts.o
 .debug_macro   0x00000f6c       0x22 ./Core/Src/fonts.o
 .debug_macro   0x00000f8e       0x22 ./Core/Src/fonts.o
 .debug_macro   0x00000fb0       0x8e ./Core/Src/fonts.o
 .debug_macro   0x0000103e       0x51 ./Core/Src/fonts.o
 .debug_macro   0x0000108f      0x103 ./Core/Src/fonts.o
 .debug_macro   0x00001192       0x6a ./Core/Src/fonts.o
 .debug_macro   0x000011fc      0x1df ./Core/Src/fonts.o
 .debug_macro   0x000013db       0x1c ./Core/Src/fonts.o
 .debug_macro   0x000013f7       0x22 ./Core/Src/fonts.o
 .debug_macro   0x00001419       0xbd ./Core/Src/fonts.o
 .debug_macro   0x000014d6      0xd23 ./Core/Src/fonts.o
 .debug_macro   0x000021f9     0xe09e ./Core/Src/fonts.o
 .debug_macro   0x00010297       0x6d ./Core/Src/fonts.o
 .debug_macro   0x00010304     0x34a2 ./Core/Src/fonts.o
 .debug_macro   0x000137a6      0x189 ./Core/Src/fonts.o
 .debug_macro   0x0001392f       0x5c ./Core/Src/fonts.o
 .debug_macro   0x0001398b      0x5bc ./Core/Src/fonts.o
 .debug_macro   0x00013f47      0x289 ./Core/Src/fonts.o
 .debug_macro   0x000141d0      0x1cb ./Core/Src/fonts.o
 .debug_macro   0x0001439b      0x114 ./Core/Src/fonts.o
 .debug_macro   0x000144af      0x1b2 ./Core/Src/fonts.o
 .debug_macro   0x00014661       0x27 ./Core/Src/fonts.o
 .debug_macro   0x00014688      0x136 ./Core/Src/fonts.o
 .debug_macro   0x000147be      0x1bc ./Core/Src/fonts.o
 .debug_macro   0x0001497a       0x34 ./Core/Src/fonts.o
 .debug_macro   0x000149ae       0x3c ./Core/Src/fonts.o
 .debug_macro   0x000149ea       0x57 ./Core/Src/fonts.o
 .debug_macro   0x00014a41       0x87 ./Core/Src/fonts.o
 .debug_macro   0x00014ac8      0x240 ./Core/Src/fonts.o
 .debug_macro   0x00014d08      0x287 ./Core/Src/fonts.o
 .debug_macro   0x00014f8f      0x140 ./Core/Src/fonts.o
 .debug_macro   0x000150cf      0x8ed ./Core/Src/fonts.o
 .debug_macro   0x000159bc       0x83 ./Core/Src/fonts.o
 .debug_macro   0x00015a3f       0x61 ./Core/Src/fonts.o
 .debug_macro   0x00015aa0       0x24 ./Core/Src/fonts.o
 .debug_macro   0x00015ac4       0x43 ./Core/Src/fonts.o
 .debug_macro   0x00015b07       0x34 ./Core/Src/fonts.o
 .debug_macro   0x00015b3b       0x16 ./Core/Src/fonts.o
 .debug_macro   0x00015b51       0x43 ./Core/Src/fonts.o
 .debug_macro   0x00015b94       0x34 ./Core/Src/fonts.o
 .debug_macro   0x00015bc8       0x10 ./Core/Src/fonts.o
 .debug_macro   0x00015bd8       0x58 ./Core/Src/fonts.o
 .debug_macro   0x00015c30       0x8e ./Core/Src/fonts.o
 .debug_macro   0x00015cbe       0x1c ./Core/Src/fonts.o
 .debug_macro   0x00015cda      0x177 ./Core/Src/fonts.o
 .debug_macro   0x00015e51      0x369 ./Core/Src/fonts.o
 .debug_macro   0x000161ba       0x10 ./Core/Src/fonts.o
 .debug_macro   0x000161ca       0x35 ./Core/Src/fonts.o
 .debug_macro   0x000161ff       0x20 ./Core/Src/fonts.o
 .debug_macro   0x0001621f      0x329 ./Core/Src/main.o
 .debug_macro   0x00016548       0x64 ./Core/Src/main.o
 .debug_macro   0x000165ac       0x16 ./Core/Src/main.o
 .debug_macro   0x000165c2       0x16 ./Core/Src/main.o
 .debug_macro   0x000165d8       0x29 ./Core/Src/main.o
 .debug_macro   0x00016601       0x1d ./Core/Src/main.o
 .debug_macro   0x0001661e       0x1c ./Core/Src/main.o
 .debug_macro   0x0001663a       0x10 ./Core/Src/main.o
 .debug_macro   0x0001664a       0x1c ./Core/Src/main.o
 .debug_macro   0x00016666       0x16 ./Core/Src/main.o
 .debug_macro   0x0001667c      0x146 ./Core/Src/main.o
 .debug_macro   0x000167c2      0x306 ./Core/Src/ssd1306.o
 .debug_macro   0x00016ac8      0x1b2 ./Core/Src/stm32f1xx_hal_msp.o
 .debug_macro   0x00016c7a      0x1bc ./Core/Src/stm32f1xx_it.o
 .debug_macro   0x00016e36       0xff ./Core/Src/sysmem.o
 .debug_macro   0x00016f35      0x23c ./Core/Src/sysmem.o
 .debug_macro   0x00017171      0x1a3 ./Core/Src/system_stm32f1xx.o
 .debug_macro   0x00017314      0x1c7 ./Drivers/STM32F1xx_HAL_Driver/Src/stm32f1xx_hal.o
 .debug_macro   0x000174db      0x1a3 ./Drivers/STM32F1xx_HAL_Driver/Src/stm32f1xx_hal_cortex.o
 .debug_macro   0x0001767e      0x20e ./Drivers/STM32F1xx_HAL_Driver/Src/stm32f1xx_hal_gpio.o
 .debug_macro   0x0001788c      0x1f1 ./Drivers/STM32F1xx_HAL_Driver/Src/stm32f1xx_hal_i2c.o
 .debug_macro   0x00017a7d      0x1b5 ./Drivers/STM32F1xx_HAL_Driver/Src/stm32f1xx_hal_rcc.o
 .debug_macro   0x00017c32      0x1a4 ./Drivers/STM32F1xx_HAL_Driver/Src/stm32f1xx_hal_tim.o
 .debug_macro   0x00017dd6      0x1a3 ./Drivers/STM32F1xx_HAL_Driver/Src/stm32f1xx_hal_tim_ex.o

.debug_line     0x00000000     0xfdc8
 .debug_line    0x00000000      0x8c1 ./Core/Src/fonts.o
 .debug_line    0x000008c1      0xe58 ./Core/Src/main.o
 .debug_line    0x00001719     0x1088 ./Core/Src/ssd1306.o
 .debug_line    0x000027a1      0x7db ./Core/Src/stm32f1xx_hal_msp.o
 .debug_line    0x00002f7c      0x7eb ./Core/Src/stm32f1xx_it.o
 .debug_line    0x00003767      0x5d7 ./Core/Src/sysmem.o
 .debug_line    0x00003d3e      0x7a7 ./Core/Src/system_stm32f1xx.o
 .debug_line    0x000044e5       0x78 ./Core/Startup/startup_stm32f103c8tx.o
 .debug_line    0x0000455d      0x9d4 ./Drivers/STM32F1xx_HAL_Driver/Src/stm32f1xx_hal.o
 .debug_line    0x00004f31      0xbc0 ./Drivers/STM32F1xx_HAL_Driver/Src/stm32f1xx_hal_cortex.o
 .debug_line    0x00005af1      0xa6d ./Drivers/STM32F1xx_HAL_Driver/Src/stm32f1xx_hal_gpio.o
 .debug_line    0x0000655e     0x3c71 ./Drivers/STM32F1xx_HAL_Driver/Src/stm32f1xx_hal_i2c.o
 .debug_line    0x0000a1cf      0xddd ./Drivers/STM32F1xx_HAL_Driver/Src/stm32f1xx_hal_rcc.o
 .debug_line    0x0000afac     0x34f9 ./Drivers/STM32F1xx_HAL_Driver/Src/stm32f1xx_hal_tim.o
 .debug_line    0x0000e4a5     0x1923 ./Drivers/STM32F1xx_HAL_Driver/Src/stm32f1xx_hal_tim_ex.o

.debug_str      0x00000000    0x8ae2e
 .debug_str     0x00000000    0x861cd ./Core/Src/fonts.o
                              0x8652b (size before relaxing)
 .debug_str     0x000861cd     0x1487 ./Core/Src/main.o
                              0x87a36 (size before relaxing)
 .debug_str     0x00087654      0x4ed ./Core/Src/ssd1306.o
                              0x86ff8 (size before relaxing)
 .debug_str     0x00087b41       0xc7 ./Core/Src/stm32f1xx_hal_msp.o
                              0x83cf3 (size before relaxing)
 .debug_str     0x00087c08       0xc9 ./Core/Src/stm32f1xx_it.o
                              0x834f1 (size before relaxing)
 .debug_str     0x00087cd1      0x4dc ./Core/Src/sysmem.o
                               0x6099 (size before relaxing)
 .debug_str     0x000881ad       0x7e ./Core/Src/system_stm32f1xx.o
                              0x833df (size before relaxing)
 .debug_str     0x0008822b       0x44 ./Core/Startup/startup_stm32f103c8tx.o
                                 0xa4 (size before relaxing)
 .debug_str     0x0008826f      0x5fb ./Drivers/STM32F1xx_HAL_Driver/Src/stm32f1xx_hal.o
                              0x83b12 (size before relaxing)
 .debug_str     0x0008886a      0x2bb ./Drivers/STM32F1xx_HAL_Driver/Src/stm32f1xx_hal_cortex.o
                              0x83a5e (size before relaxing)
 .debug_str     0x00088b25      0x2d5 ./Drivers/STM32F1xx_HAL_Driver/Src/stm32f1xx_hal_gpio.o
                              0x83765 (size before relaxing)
 .debug_str     0x00088dfa      0xba7 ./Drivers/STM32F1xx_HAL_Driver/Src/stm32f1xx_hal_i2c.o
                              0x844a6 (size before relaxing)
 .debug_str     0x000899a1      0x209 ./Drivers/STM32F1xx_HAL_Driver/Src/stm32f1xx_hal_rcc.o
                              0x8380e (size before relaxing)
 .debug_str     0x00089baa      0xdf1 ./Drivers/STM32F1xx_HAL_Driver/Src/stm32f1xx_hal_tim.o
                              0x84810 (size before relaxing)
 .debug_str     0x0008a99b      0x493 ./Drivers/STM32F1xx_HAL_Driver/Src/stm32f1xx_hal_tim_ex.o
                              0x8401c (size before relaxing)

.comment        0x00000000       0x43
 .comment       0x00000000       0x43 ./Core/Src/fonts.o
                                 0x44 (size before relaxing)
 .comment       0x00000043       0x44 ./Core/Src/main.o
 .comment       0x00000043       0x44 ./Core/Src/ssd1306.o
 .comment       0x00000043       0x44 ./Core/Src/stm32f1xx_hal_msp.o
 .comment       0x00000043       0x44 ./Core/Src/stm32f1xx_it.o
 .comment       0x00000043       0x44 ./Core/Src/sysmem.o
 .comment       0x00000043       0x44 ./Core/Src/system_stm32f1xx.o
 .comment       0x00000043       0x44 ./Drivers/STM32F1xx_HAL_Driver/Src/stm32f1xx_hal.o
 .comment       0x00000043       0x44 ./Drivers/STM32F1xx_HAL_Driver/Src/stm32f1xx_hal_cortex.o
 .comment       0x00000043       0x44 ./Drivers/STM32F1xx_HAL_Driver/Src/stm32f1xx_hal_gpio.o
 .comment       0x00000043       0x44 ./Drivers/STM32F1xx_HAL_Driver/Src/stm32f1xx_hal_i2c.o
 .comment       0x00000043       0x44 ./Drivers/STM32F1xx_HAL_Driver/Src/stm32f1xx_hal_rcc.o
 .comment       0x00000043       0x44 ./Drivers/STM32F1xx_HAL_Driver/Src/stm32f1xx_hal_tim.o
 .comment       0x00000043       0x44 ./Drivers/STM32F1xx_HAL_Driver/Src/stm32f1xx_hal_tim_ex.o

.debug_frame    0x00000000     0x3f70
 .debug_frame   0x00000000       0x38 ./Core/Src/fonts.o
 .debug_frame   0x00000038      0x178 ./Core/Src/main.o
 .debug_frame   0x000001b0      0x414 ./Core/Src/ssd1306.o
 .debug_frame   0x000005c4       0xd0 ./Core/Src/stm32f1xx_hal_msp.o
 .debug_frame   0x00000694      0x104 ./Core/Src/stm32f1xx_it.o
 .debug_frame   0x00000798       0x34 ./Core/Src/sysmem.o
 .debug_frame   0x000007cc       0x58 ./Core/Src/system_stm32f1xx.o
 .debug_frame   0x00000824      0x334 ./Drivers/STM32F1xx_HAL_Driver/Src/stm32f1xx_hal.o
 .debug_frame   0x00000b58      0x428 ./Drivers/STM32F1xx_HAL_Driver/Src/stm32f1xx_hal_cortex.o
 .debug_frame   0x00000f80      0x14c ./Drivers/STM32F1xx_HAL_Driver/Src/stm32f1xx_hal_gpio.o
 .debug_frame   0x000010cc      0xc84 ./Drivers/STM32F1xx_HAL_Driver/Src/stm32f1xx_hal_i2c.o
 .debug_frame   0x00001d50      0x218 ./Drivers/STM32F1xx_HAL_Driver/Src/stm32f1xx_hal_rcc.o
 .debug_frame   0x00001f68     0x11b8 ./Drivers/STM32F1xx_HAL_Driver/Src/stm32f1xx_hal_tim.o
 .debug_frame   0x00003120      0x638 ./Drivers/STM32F1xx_HAL_Driver/Src/stm32f1xx_hal_tim_ex.o
 .debug_frame   0x00003758       0x38 D:/WORK/NSU/CSE/11th Semester/CSE 331.10/Lab/Keil/ST/STM32CubeIDE_1.16.1/STM32CubeIDE/plugins/com.st.stm32cube.ide.mcu.externaltools.gnu-tools-for-stm32.12.3.rel1.win32_1.0.200.202406191623/tools/bin/../lib/gcc/arm-none-eabi/12.3.1/../../../../arm-none-eabi/lib/thumb/v7-m/nofp\libc_nano.a(libc_a-itoa.o)
 .debug_frame   0x00003790       0x48 D:/WORK/NSU/CSE/11th Semester/CSE 331.10/Lab/Keil/ST/STM32CubeIDE_1.16.1/STM32CubeIDE/plugins/com.st.stm32cube.ide.mcu.externaltools.gnu-tools-for-stm32.12.3.rel1.win32_1.0.200.202406191623/tools/bin/../lib/gcc/arm-none-eabi/12.3.1/../../../../arm-none-eabi/lib/thumb/v7-m/nofp\libc_nano.a(libc_a-utoa.o)
 .debug_frame   0x000037d8      0x144 D:/WORK/NSU/CSE/11th Semester/CSE 331.10/Lab/Keil/ST/STM32CubeIDE_1.16.1/STM32CubeIDE/plugins/com.st.stm32cube.ide.mcu.externaltools.gnu-tools-for-stm32.12.3.rel1.win32_1.0.200.202406191623/tools/bin/../lib/gcc/arm-none-eabi/12.3.1/../../../../arm-none-eabi/lib/thumb/v7-m/nofp\libc_nano.a(libc_a-findfp.o)
 .debug_frame   0x0000391c       0x6c D:/WORK/NSU/CSE/11th Semester/CSE 331.10/Lab/Keil/ST/STM32CubeIDE_1.16.1/STM32CubeIDE/plugins/com.st.stm32cube.ide.mcu.externaltools.gnu-tools-for-stm32.12.3.rel1.win32_1.0.200.202406191623/tools/bin/../lib/gcc/arm-none-eabi/12.3.1/../../../../arm-none-eabi/lib/thumb/v7-m/nofp\libc_nano.a(libc_a-sprintf.o)
 .debug_frame   0x00003988       0x20 D:/WORK/NSU/CSE/11th Semester/CSE 331.10/Lab/Keil/ST/STM32CubeIDE_1.16.1/STM32CubeIDE/plugins/com.st.stm32cube.ide.mcu.externaltools.gnu-tools-for-stm32.12.3.rel1.win32_1.0.200.202406191623/tools/bin/../lib/gcc/arm-none-eabi/12.3.1/../../../../arm-none-eabi/lib/thumb/v7-m/nofp\libc_nano.a(libc_a-memset.o)
 .debug_frame   0x000039a8       0x38 D:/WORK/NSU/CSE/11th Semester/CSE 331.10/Lab/Keil/ST/STM32CubeIDE_1.16.1/STM32CubeIDE/plugins/com.st.stm32cube.ide.mcu.externaltools.gnu-tools-for-stm32.12.3.rel1.win32_1.0.200.202406191623/tools/bin/../lib/gcc/arm-none-eabi/12.3.1/../../../../arm-none-eabi/lib/thumb/v7-m/nofp\libc_nano.a(libc_a-reent.o)
 .debug_frame   0x000039e0       0x20 D:/WORK/NSU/CSE/11th Semester/CSE 331.10/Lab/Keil/ST/STM32CubeIDE_1.16.1/STM32CubeIDE/plugins/com.st.stm32cube.ide.mcu.externaltools.gnu-tools-for-stm32.12.3.rel1.win32_1.0.200.202406191623/tools/bin/../lib/gcc/arm-none-eabi/12.3.1/../../../../arm-none-eabi/lib/thumb/v7-m/nofp\libc_nano.a(libc_a-errno.o)
 .debug_frame   0x00003a00       0x2c D:/WORK/NSU/CSE/11th Semester/CSE 331.10/Lab/Keil/ST/STM32CubeIDE_1.16.1/STM32CubeIDE/plugins/com.st.stm32cube.ide.mcu.externaltools.gnu-tools-for-stm32.12.3.rel1.win32_1.0.200.202406191623/tools/bin/../lib/gcc/arm-none-eabi/12.3.1/../../../../arm-none-eabi/lib/thumb/v7-m/nofp\libc_nano.a(libc_a-init.o)
 .debug_frame   0x00003a2c       0xb0 D:/WORK/NSU/CSE/11th Semester/CSE 331.10/Lab/Keil/ST/STM32CubeIDE_1.16.1/STM32CubeIDE/plugins/com.st.stm32cube.ide.mcu.externaltools.gnu-tools-for-stm32.12.3.rel1.win32_1.0.200.202406191623/tools/bin/../lib/gcc/arm-none-eabi/12.3.1/../../../../arm-none-eabi/lib/thumb/v7-m/nofp\libc_nano.a(libc_a-lock.o)
 .debug_frame   0x00003adc       0x38 D:/WORK/NSU/CSE/11th Semester/CSE 331.10/Lab/Keil/ST/STM32CubeIDE_1.16.1/STM32CubeIDE/plugins/com.st.stm32cube.ide.mcu.externaltools.gnu-tools-for-stm32.12.3.rel1.win32_1.0.200.202406191623/tools/bin/../lib/gcc/arm-none-eabi/12.3.1/../../../../arm-none-eabi/lib/thumb/v7-m/nofp\libc_nano.a(libc_a-freer.o)
 .debug_frame   0x00003b14       0x50 D:/WORK/NSU/CSE/11th Semester/CSE 331.10/Lab/Keil/ST/STM32CubeIDE_1.16.1/STM32CubeIDE/plugins/com.st.stm32cube.ide.mcu.externaltools.gnu-tools-for-stm32.12.3.rel1.win32_1.0.200.202406191623/tools/bin/../lib/gcc/arm-none-eabi/12.3.1/../../../../arm-none-eabi/lib/thumb/v7-m/nofp\libc_nano.a(libc_a-mallocr.o)
 .debug_frame   0x00003b64       0x30 D:/WORK/NSU/CSE/11th Semester/CSE 331.10/Lab/Keil/ST/STM32CubeIDE_1.16.1/STM32CubeIDE/plugins/com.st.stm32cube.ide.mcu.externaltools.gnu-tools-for-stm32.12.3.rel1.win32_1.0.200.202406191623/tools/bin/../lib/gcc/arm-none-eabi/12.3.1/../../../../arm-none-eabi/lib/thumb/v7-m/nofp\libc_nano.a(libc_a-mlock.o)
 .debug_frame   0x00003b94       0x90 D:/WORK/NSU/CSE/11th Semester/CSE 331.10/Lab/Keil/ST/STM32CubeIDE_1.16.1/STM32CubeIDE/plugins/com.st.stm32cube.ide.mcu.externaltools.gnu-tools-for-stm32.12.3.rel1.win32_1.0.200.202406191623/tools/bin/../lib/gcc/arm-none-eabi/12.3.1/../../../../arm-none-eabi/lib/thumb/v7-m/nofp\libc_nano.a(libc_a-nano-svfprintf.o)
 .debug_frame   0x00003c24       0x60 D:/WORK/NSU/CSE/11th Semester/CSE 331.10/Lab/Keil/ST/STM32CubeIDE_1.16.1/STM32CubeIDE/plugins/com.st.stm32cube.ide.mcu.externaltools.gnu-tools-for-stm32.12.3.rel1.win32_1.0.200.202406191623/tools/bin/../lib/gcc/arm-none-eabi/12.3.1/../../../../arm-none-eabi/lib/thumb/v7-m/nofp\libc_nano.a(libc_a-nano-vfprintf_i.o)
 .debug_frame   0x00003c84       0x28 D:/WORK/NSU/CSE/11th Semester/CSE 331.10/Lab/Keil/ST/STM32CubeIDE_1.16.1/STM32CubeIDE/plugins/com.st.stm32cube.ide.mcu.externaltools.gnu-tools-for-stm32.12.3.rel1.win32_1.0.200.202406191623/tools/bin/../lib/gcc/arm-none-eabi/12.3.1/../../../../arm-none-eabi/lib/thumb/v7-m/nofp\libc_nano.a(libc_a-memmove.o)
 .debug_frame   0x00003cac       0x2c D:/WORK/NSU/CSE/11th Semester/CSE 331.10/Lab/Keil/ST/STM32CubeIDE_1.16.1/STM32CubeIDE/plugins/com.st.stm32cube.ide.mcu.externaltools.gnu-tools-for-stm32.12.3.rel1.win32_1.0.200.202406191623/tools/bin/../lib/gcc/arm-none-eabi/12.3.1/../../../../arm-none-eabi/lib/thumb/v7-m/nofp\libc_nano.a(libc_a-sbrkr.o)
 .debug_frame   0x00003cd8       0x28 D:/WORK/NSU/CSE/11th Semester/CSE 331.10/Lab/Keil/ST/STM32CubeIDE_1.16.1/STM32CubeIDE/plugins/com.st.stm32cube.ide.mcu.externaltools.gnu-tools-for-stm32.12.3.rel1.win32_1.0.200.202406191623/tools/bin/../lib/gcc/arm-none-eabi/12.3.1/../../../../arm-none-eabi/lib/thumb/v7-m/nofp\libc_nano.a(libc_a-memchr-stub.o)
 .debug_frame   0x00003d00       0x28 D:/WORK/NSU/CSE/11th Semester/CSE 331.10/Lab/Keil/ST/STM32CubeIDE_1.16.1/STM32CubeIDE/plugins/com.st.stm32cube.ide.mcu.externaltools.gnu-tools-for-stm32.12.3.rel1.win32_1.0.200.202406191623/tools/bin/../lib/gcc/arm-none-eabi/12.3.1/../../../../arm-none-eabi/lib/thumb/v7-m/nofp\libc_nano.a(libc_a-memcpy-stub.o)
 .debug_frame   0x00003d28       0x3c D:/WORK/NSU/CSE/11th Semester/CSE 331.10/Lab/Keil/ST/STM32CubeIDE_1.16.1/STM32CubeIDE/plugins/com.st.stm32cube.ide.mcu.externaltools.gnu-tools-for-stm32.12.3.rel1.win32_1.0.200.202406191623/tools/bin/../lib/gcc/arm-none-eabi/12.3.1/../../../../arm-none-eabi/lib/thumb/v7-m/nofp\libc_nano.a(libc_a-reallocr.o)
 .debug_frame   0x00003d64       0x20 D:/WORK/NSU/CSE/11th Semester/CSE 331.10/Lab/Keil/ST/STM32CubeIDE_1.16.1/STM32CubeIDE/plugins/com.st.stm32cube.ide.mcu.externaltools.gnu-tools-for-stm32.12.3.rel1.win32_1.0.200.202406191623/tools/bin/../lib/gcc/arm-none-eabi/12.3.1/../../../../arm-none-eabi/lib/thumb/v7-m/nofp\libc_nano.a(libc_a-msizer.o)
 .debug_frame   0x00003d84       0xac D:/WORK/NSU/CSE/11th Semester/CSE 331.10/Lab/Keil/ST/STM32CubeIDE_1.16.1/STM32CubeIDE/plugins/com.st.stm32cube.ide.mcu.externaltools.gnu-tools-for-stm32.12.3.rel1.win32_1.0.200.202406191623/tools/bin/../lib/gcc/arm-none-eabi/12.3.1/thumb/v7-m/nofp\libgcc.a(_arm_addsubdf3.o)
 .debug_frame   0x00003e30       0x50 D:/WORK/NSU/CSE/11th Semester/CSE 331.10/Lab/Keil/ST/STM32CubeIDE_1.16.1/STM32CubeIDE/plugins/com.st.stm32cube.ide.mcu.externaltools.gnu-tools-for-stm32.12.3.rel1.win32_1.0.200.202406191623/tools/bin/../lib/gcc/arm-none-eabi/12.3.1/thumb/v7-m/nofp\libgcc.a(_arm_muldivdf3.o)
 .debug_frame   0x00003e80       0x24 D:/WORK/NSU/CSE/11th Semester/CSE 331.10/Lab/Keil/ST/STM32CubeIDE_1.16.1/STM32CubeIDE/plugins/com.st.stm32cube.ide.mcu.externaltools.gnu-tools-for-stm32.12.3.rel1.win32_1.0.200.202406191623/tools/bin/../lib/gcc/arm-none-eabi/12.3.1/thumb/v7-m/nofp\libgcc.a(_arm_fixunsdfsi.o)
 .debug_frame   0x00003ea4       0x24 D:/WORK/NSU/CSE/11th Semester/CSE 331.10/Lab/Keil/ST/STM32CubeIDE_1.16.1/STM32CubeIDE/plugins/com.st.stm32cube.ide.mcu.externaltools.gnu-tools-for-stm32.12.3.rel1.win32_1.0.200.202406191623/tools/bin/../lib/gcc/arm-none-eabi/12.3.1/thumb/v7-m/nofp\libgcc.a(_arm_truncdfsf2.o)
 .debug_frame   0x00003ec8       0x4c D:/WORK/NSU/CSE/11th Semester/CSE 331.10/Lab/Keil/ST/STM32CubeIDE_1.16.1/STM32CubeIDE/plugins/com.st.stm32cube.ide.mcu.externaltools.gnu-tools-for-stm32.12.3.rel1.win32_1.0.200.202406191623/tools/bin/../lib/gcc/arm-none-eabi/12.3.1/thumb/v7-m/nofp\libgcc.a(_arm_addsubsf3.o)
 .debug_frame   0x00003f14       0x38 D:/WORK/NSU/CSE/11th Semester/CSE 331.10/Lab/Keil/ST/STM32CubeIDE_1.16.1/STM32CubeIDE/plugins/com.st.stm32cube.ide.mcu.externaltools.gnu-tools-for-stm32.12.3.rel1.win32_1.0.200.202406191623/tools/bin/../lib/gcc/arm-none-eabi/12.3.1/thumb/v7-m/nofp\libgcc.a(_arm_muldivsf3.o)
 .debug_frame   0x00003f4c       0x24 D:/WORK/NSU/CSE/11th Semester/CSE 331.10/Lab/Keil/ST/STM32CubeIDE_1.16.1/STM32CubeIDE/plugins/com.st.stm32cube.ide.mcu.externaltools.gnu-tools-for-stm32.12.3.rel1.win32_1.0.200.202406191623/tools/bin/../lib/gcc/arm-none-eabi/12.3.1/thumb/v7-m/nofp\libgcc.a(_arm_fixunssfsi.o)

.debug_line_str
                0x00000000       0x88
 .debug_line_str
                0x00000000       0x88 ./Core/Startup/startup_stm32f103c8tx.o
