../Core/Src/main.c:92:5:main	8	static
../Core/Src/main.c:163:6:SystemClock_Config	72	static
../Core/Src/main.c:202:13:MX_I2C1_Init	8	static
../Core/Src/main.c:236:13:MX_I2C2_Init	8	static
../Core/Src/main.c:270:13:MX_TIM1_Init	32	static
../Core/Src/main.c:316:13:MX_GPIO_Init	40	static
../Core/Src/main.c:372:6:HAL_GPIO_EXTI_Callback	16	static
../Core/Src/main.c:933:6:oledPrintChar	24	static
../Core/Src/main.c:944:6:DashboardScreen	16	static
../Core/Src/main.c:971:6:Error_Handler	4	static,ignoring_inline_asm
