../Core/Src/main.c:95:6:microDelay	16	static
../Core/Src/main.c:101:9:DHT11_Start	32	static
../Core/Src/main.c:138:9:DHT11_Read	16	static
../Core/Src/main.c:170:5:main	24	static
../Core/Src/main.c:367:6:SystemClock_Config	72	static
../Core/Src/main.c:407:13:MX_I2C1_Init	8	static
../Core/Src/main.c:441:13:MX_I2C2_Init	8	static
../Core/Src/main.c:475:13:MX_TIM1_Init	32	static
../Core/Src/main.c:521:13:MX_GPIO_Init	40	static
../Core/Src/main.c:676:6:Keys_Detect	8	static
../Core/Src/main.c:821:6:Error_Handler	4	static,ignoring_inline_asm
