Archive member included to satisfy reference by file (symbol)

D:/WORK/NSU/CSE/11th Semester/CSE 331.10/Lab/Keil/ST/STM32CubeIDE_1.16.1/STM32CubeIDE/plugins/com.st.stm32cube.ide.mcu.externaltools.gnu-tools-for-stm32.12.3.rel1.win32_1.0.200.202406191623/tools/bin/../lib/gcc/arm-none-eabi/12.3.1/../../../../arm-none-eabi/lib/thumb/v7-m/nofp\libc_nano.a(libc_a-exit.o)
                              D:/WORK/NSU/CSE/11th Semester/CSE 331.10/Lab/Keil/ST/STM32CubeIDE_1.16.1/STM32CubeIDE/plugins/com.st.stm32cube.ide.mcu.externaltools.gnu-tools-for-stm32.12.3.rel1.win32_1.0.200.202406191623/tools/bin/../lib/gcc/arm-none-eabi/12.3.1/../../../../arm-none-eabi/lib/thumb/v7-m/nofp/crt0.o (exit)
D:/WORK/NSU/CSE/11th Semester/CSE 331.10/Lab/Keil/ST/STM32CubeIDE_1.16.1/STM32CubeIDE/plugins/com.st.stm32cube.ide.mcu.externaltools.gnu-tools-for-stm32.12.3.rel1.win32_1.0.200.202406191623/tools/bin/../lib/gcc/arm-none-eabi/12.3.1/../../../../arm-none-eabi/lib/thumb/v7-m/nofp\libc_nano.a(libc_a-findfp.o)
                              D:/WORK/NSU/CSE/11th Semester/CSE 331.10/Lab/Keil/ST/STM32CubeIDE_1.16.1/STM32CubeIDE/plugins/com.st.stm32cube.ide.mcu.externaltools.gnu-tools-for-stm32.12.3.rel1.win32_1.0.200.202406191623/tools/bin/../lib/gcc/arm-none-eabi/12.3.1/../../../../arm-none-eabi/lib/thumb/v7-m/nofp\libc_nano.a(libc_a-exit.o) (__stdio_exit_handler)
D:/WORK/NSU/CSE/11th Semester/CSE 331.10/Lab/Keil/ST/STM32CubeIDE_1.16.1/STM32CubeIDE/plugins/com.st.stm32cube.ide.mcu.externaltools.gnu-tools-for-stm32.12.3.rel1.win32_1.0.200.202406191623/tools/bin/../lib/gcc/arm-none-eabi/12.3.1/../../../../arm-none-eabi/lib/thumb/v7-m/nofp\libc_nano.a(libc_a-fwalk.o)
                              D:/WORK/NSU/CSE/11th Semester/CSE 331.10/Lab/Keil/ST/STM32CubeIDE_1.16.1/STM32CubeIDE/plugins/com.st.stm32cube.ide.mcu.externaltools.gnu-tools-for-stm32.12.3.rel1.win32_1.0.200.202406191623/tools/bin/../lib/gcc/arm-none-eabi/12.3.1/../../../../arm-none-eabi/lib/thumb/v7-m/nofp\libc_nano.a(libc_a-findfp.o) (_fwalk_sglue)
D:/WORK/NSU/CSE/11th Semester/CSE 331.10/Lab/Keil/ST/STM32CubeIDE_1.16.1/STM32CubeIDE/plugins/com.st.stm32cube.ide.mcu.externaltools.gnu-tools-for-stm32.12.3.rel1.win32_1.0.200.202406191623/tools/bin/../lib/gcc/arm-none-eabi/12.3.1/../../../../arm-none-eabi/lib/thumb/v7-m/nofp\libc_nano.a(libc_a-stdio.o)
                              D:/WORK/NSU/CSE/11th Semester/CSE 331.10/Lab/Keil/ST/STM32CubeIDE_1.16.1/STM32CubeIDE/plugins/com.st.stm32cube.ide.mcu.externaltools.gnu-tools-for-stm32.12.3.rel1.win32_1.0.200.202406191623/tools/bin/../lib/gcc/arm-none-eabi/12.3.1/../../../../arm-none-eabi/lib/thumb/v7-m/nofp\libc_nano.a(libc_a-findfp.o) (__sread)
D:/WORK/NSU/CSE/11th Semester/CSE 331.10/Lab/Keil/ST/STM32CubeIDE_1.16.1/STM32CubeIDE/plugins/com.st.stm32cube.ide.mcu.externaltools.gnu-tools-for-stm32.12.3.rel1.win32_1.0.200.202406191623/tools/bin/../lib/gcc/arm-none-eabi/12.3.1/../../../../arm-none-eabi/lib/thumb/v7-m/nofp\libc_nano.a(libc_a-memset.o)
                              D:/WORK/NSU/CSE/11th Semester/CSE 331.10/Lab/Keil/ST/STM32CubeIDE_1.16.1/STM32CubeIDE/plugins/com.st.stm32cube.ide.mcu.externaltools.gnu-tools-for-stm32.12.3.rel1.win32_1.0.200.202406191623/tools/bin/../lib/gcc/arm-none-eabi/12.3.1/../../../../arm-none-eabi/lib/thumb/v7-m/nofp/crt0.o (memset)
D:/WORK/NSU/CSE/11th Semester/CSE 331.10/Lab/Keil/ST/STM32CubeIDE_1.16.1/STM32CubeIDE/plugins/com.st.stm32cube.ide.mcu.externaltools.gnu-tools-for-stm32.12.3.rel1.win32_1.0.200.202406191623/tools/bin/../lib/gcc/arm-none-eabi/12.3.1/../../../../arm-none-eabi/lib/thumb/v7-m/nofp\libc_nano.a(libc_a-closer.o)
                              D:/WORK/NSU/CSE/11th Semester/CSE 331.10/Lab/Keil/ST/STM32CubeIDE_1.16.1/STM32CubeIDE/plugins/com.st.stm32cube.ide.mcu.externaltools.gnu-tools-for-stm32.12.3.rel1.win32_1.0.200.202406191623/tools/bin/../lib/gcc/arm-none-eabi/12.3.1/../../../../arm-none-eabi/lib/thumb/v7-m/nofp\libc_nano.a(libc_a-stdio.o) (_close_r)
D:/WORK/NSU/CSE/11th Semester/CSE 331.10/Lab/Keil/ST/STM32CubeIDE_1.16.1/STM32CubeIDE/plugins/com.st.stm32cube.ide.mcu.externaltools.gnu-tools-for-stm32.12.3.rel1.win32_1.0.200.202406191623/tools/bin/../lib/gcc/arm-none-eabi/12.3.1/../../../../arm-none-eabi/lib/thumb/v7-m/nofp\libc_nano.a(libc_a-reent.o)
                              D:/WORK/NSU/CSE/11th Semester/CSE 331.10/Lab/Keil/ST/STM32CubeIDE_1.16.1/STM32CubeIDE/plugins/com.st.stm32cube.ide.mcu.externaltools.gnu-tools-for-stm32.12.3.rel1.win32_1.0.200.202406191623/tools/bin/../lib/gcc/arm-none-eabi/12.3.1/../../../../arm-none-eabi/lib/thumb/v7-m/nofp\libc_nano.a(libc_a-closer.o) (errno)
D:/WORK/NSU/CSE/11th Semester/CSE 331.10/Lab/Keil/ST/STM32CubeIDE_1.16.1/STM32CubeIDE/plugins/com.st.stm32cube.ide.mcu.externaltools.gnu-tools-for-stm32.12.3.rel1.win32_1.0.200.202406191623/tools/bin/../lib/gcc/arm-none-eabi/12.3.1/../../../../arm-none-eabi/lib/thumb/v7-m/nofp\libc_nano.a(libc_a-impure.o)
[...]
Memory Configuration

Name             Origin             Length             Attributes
RAM              0x20000000         0x00005000         xrw
FLASH            0x08000000         0x00010000         xr
*default*        0x00000000         0xffffffff

Linker script and memory map

LOAD D:/WORK/NSU/CSE/11th Semester/CSE 331.10/Lab/Keil/ST/STM32CubeIDE_1.16.1/STM32CubeIDE/plugins/com.st.stm32cube.ide.mcu.externaltools.gnu-tools-for-stm32.12.3.rel1.win32_1.0.200.202406191623/tools/bin/../lib/gcc/arm-none-eabi/12.3.1/thumb/v7-m/nofp/crti.o
LOAD D:/WORK/NSU/CSE/11th Semester/CSE 331.10/Lab/Keil/ST/STM32CubeIDE_1.16.1/STM32CubeIDE/plugins/com.st.stm32cube.ide.mcu.externaltools.gnu-tools-for-stm32.12.3.rel1.win32_1.0.200.202406191623/tools/bin/../lib/gcc/arm-none-eabi/12.3.1/thumb/v7-m/nofp/crtbegin.o
LOAD D:/WORK/NSU/CSE/11th Semester/CSE 331.10/Lab/Keil/ST/STM32CubeIDE_1.16.1/STM32CubeIDE/plugins/com.st.stm32cube.ide.mcu.externaltools.gnu-tools-for-stm32.12.3.rel1.win32_1.0.200.202406191623/tools/bin/../lib/gcc/arm-none-eabi/12.3.1/../../../../arm-none-eabi/lib/thumb/v7-m/nofp/crt0.o
LOAD ./Core/Src/fonts.o
LOAD ./Core/Src/main.o
LOAD ./Core/Src/ssd1306.o
LOAD ./Core/Src/stm32f1xx_hal_msp.o
LOAD ./Core/Src/stm32f1xx_it.o
LOAD ./Core/Src/syscalls.o
LOAD ./Core/Src/sysmem.o
LOAD ./Core/Src/system_stm32f1xx.o
LOAD ./Core/Startup/startup_stm32f103c8tx.o
LOAD ./Drivers/STM32F1xx_HAL_Driver/Src/stm32f1xx_hal.o
LOAD ./Drivers/STM32F1xx_HAL_Driver/Src/stm32f1xx_hal_cortex.o
LOAD ./Drivers/STM32F1xx_HAL_Driver/Src/stm32f1xx_hal_dma.o
LOAD ./Drivers/STM32F1xx_HAL_Driver/Src/stm32f1xx_hal_exti.o
LOAD ./Drivers/STM32F1xx_HAL_Driver/Src/stm32f1xx_hal_flash.o
LOAD ./Drivers/STM32F1xx_HAL_Driver/Src/stm32f1xx_hal_flash_ex.o
LOAD ./Drivers/STM32F1xx_HAL_Driver/Src/stm32f1xx_hal_gpio.o
LOAD ./Drivers/STM32F1xx_HAL_Driver/Src/stm32f1xx_hal_gpio_ex.o
LOAD ./Drivers/STM32F1xx_HAL_Driver/Src/stm32f1xx_hal_i2c.o
LOAD ./Drivers/STM32F1xx_HAL_Driver/Src/stm32f1xx_hal_pwr.o
LOAD ./Drivers/STM32F1xx_HAL_Driver/Src/stm32f1xx_hal_rcc.o
LOAD ./Drivers/STM32F1xx_HAL_Driver/Src/stm32f1xx_hal_rcc_ex.o
LOAD ./Drivers/STM32F1xx_HAL_Driver/Src/stm32f1xx_hal_tim.o
LOAD ./Drivers/STM32F1xx_HAL_Driver/Src/stm32f1xx_hal_tim_ex.o
START GROUP
LOAD D:/WORK/NSU/CSE/11th Semester/CSE 331.10/Lab/Keil/ST/STM32CubeIDE_1.16.1/STM32CubeIDE/plugins/com.st.stm32cube.ide.mcu.externaltools.gnu-tools-for-stm32.12.3.rel1.win32_1.0.200.202406191623/tools/bin/../lib/gcc/arm-none-eabi/12.3.1/../../../../arm-none-eabi/lib/thumb/v7-m/nofp\libc_nano.a
LOAD D:/WORK/NSU/CSE/11th Semester/CSE 331.10/Lab/Keil/ST/STM32CubeIDE_1.16.1/STM32CubeIDE/plugins/com.st.stm32cube.ide.mcu.externaltools.gnu-tools-for-stm32.12.3.rel1.win32_1.0.200.202406191623/tools/bin/../lib/gcc/arm-none-eabi/12.3.1/../../../../arm-none-eabi/lib/thumb/v7-m/nofp\libm.a
END GROUP
START GROUP
LOAD D:/WORK/NSU/CSE/11th Semester/CSE 331.10/Lab/Keil/ST/STM32CubeIDE_1.16.1/STM32CubeIDE/plugins/com.st.stm32cube.ide.mcu.externaltools.gnu-tools-for-stm32.12.3.rel1.win32_1.0.200.202406191623/tools/bin/../lib/gcc/arm-none-eabi/12.3.1/thumb/v7-m/nofp\libgcc.a
LOAD D:/WORK/NSU/CSE/11th Semester/CSE 331.10/Lab/Keil/ST/STM32CubeIDE_1.16.1/STM32CubeIDE/plugins/com.st.stm32cube.ide.mcu.externaltools.gnu-tools-for-stm32.12.3.rel1.win32_1.0.200.202406191623/tools/bin/../lib/gcc/arm-none-eabi/12.3.1/../../../../arm-none-eabi/lib/thumb/v7-m/nofp\libc_nano.a
END GROUP
START GROUP
LOAD D:/WORK/NSU/CSE/11th Semester/CSE 331.10/Lab/Keil/ST/STM32CubeIDE_1.16.1/STM32CubeIDE/plugins/com.st.stm32cube.ide.mcu.externaltools.gnu-tools-for-stm32.12.3.rel1.win32_1.0.200.202406191623/tools/bin/../lib/gcc/arm-none-eabi/12.3.1/thumb/v7-m/nofp\libgcc.a
LOAD D:/WORK/NSU/CSE/11th Semester/CSE 331.10/Lab/Keil/ST/STM32CubeIDE_1.16.1/STM32CubeIDE/plugins/com.st.stm32cube.ide.mcu.externaltools.gnu-tools-for-stm32.12.3.rel1.win32_1.0.200.202406191623/tools/bin/../lib/gcc/arm-none-eabi/12.3.1/../../../../arm-none-eabi/lib/thumb/v7-m/nofp\libc_nano.a
LOAD D:/WORK/NSU/CSE/11th Semester/CSE 331.10/Lab/Keil/ST/STM32CubeIDE_1.16.1/STM32CubeIDE/plugins/com.st.stm32cube.ide.mcu.externaltools.gnu-tools-for-stm32.12.3.rel1.win32_1.0.200.202406191623/tools/bin/../lib/gcc/arm-none-eabi/12.3.1/../../../../arm-none-eabi/lib/thumb/v7-m/nofp\libnosys.a
END GROUP
START GROUP
LOAD D:/WORK/NSU/CSE/11th Semester/CSE 331.10/Lab/Keil/ST/STM32CubeIDE_1.16.1/STM32CubeIDE/plugins/com.st.stm32cube.ide.mcu.externaltools.gnu-tools-for-stm32.12.3.rel1.win32_1.0.200.202406191623/tools/bin/../lib/gcc/arm-none-eabi/12.3.1/thumb/v7-m/nofp\libgcc.a
LOAD D:/WORK/NSU/CSE/11th Semester/CSE 331.10/Lab/Keil/ST/STM32CubeIDE_1.16.1/STM32CubeIDE/plugins/com.st.stm32cube.ide.mcu.externaltools.gnu-tools-for-stm32.12.3.rel1.win32_1.0.200.202406191623/tools/bin/../lib/gcc/arm-none-eabi/12.3.1/../../../../arm-none-eabi/lib/thumb/v7-m/nofp\libc_nano.a
LOAD D:/WORK/NSU/CSE/11th Semester/CSE 331.10/Lab/Keil/ST/STM32CubeIDE_1.16.1/STM32CubeIDE/plugins/com.st.stm32cube.ide.mcu.externaltools.gnu-tools-for-stm32.12.3.rel1.win32_1.0.200.202406191623/tools/bin/../lib/gcc/arm-none-eabi/12.3.1/../../../../arm-none-eabi/lib/thumb/v7-m/nofp\libnosys.a
END GROUP
LOAD D:/WORK/NSU/CSE/11th Semester/CSE 331.10/Lab/Keil/ST/STM32CubeIDE_1.16.1/STM32CubeIDE/plugins/com.st.stm32cube.ide.mcu.externaltools.gnu-tools-for-stm32.12.3.rel1.win32_1.0.200.202406191623/tools/bin/../lib/gcc/arm-none-eabi/12.3.1/thumb/v7-m/nofp/crtend.o
LOAD D:/WORK/NSU/CSE/11th Semester/CSE 331.10/Lab/Keil/ST/STM32CubeIDE_1.16.1/STM32CubeIDE/plugins/com.st.stm32cube.ide.mcu.externaltools.gnu-tools-for-stm32.12.3.rel1.win32_1.0.200.202406191623/tools/bin/../lib/gcc/arm-none-eabi/12.3.1/thumb/v7-m/nofp/crtn.o
                0x20005000                        _estack = (ORIGIN (RAM) + LENGTH (RAM))
                0x00000200                        _Min_Heap_Size = 0x200
                0x00000400                        _Min_Stack_Size = 0x400

.isr_vector     0x08000000      0x10c
                0x08000000                        . = ALIGN (0x4)
 *(.isr_vector)
 .isr_vector    0x08000000      0x10c ./Core/Startup/startup_stm32f103c8tx.o
                0x08000000                g_pfnVectors
                0x0800010c                        . = ALIGN (0x4)

.text           0x0800010c     0x2f50
                0x0800010c                        . = ALIGN (0x4)
 *(.text)
 .text          0x0800010c       0x40 D:/WORK/NSU/CSE/11th Semester/CSE 331.10/Lab/Keil/ST/STM32CubeIDE_1.16.1/STM32CubeIDE/plugins/com.st.stm32cube.ide.mcu.externaltools.gnu-tools-for-stm32.12.3.rel1.win32_1.0.200.202406191623/tools/bin/../lib/gcc/arm-none-eabi/12.3.1/thumb/v7-m/nofp/crtbegin.o
 *(.text*)
 .text.main     0x0800014c       0xb0 ./Core/Src/main.o
                0x0800014c                main
 .text.SystemClock_Config
                0x080001fc       0x80 ./Core/Src/main.o
                0x080001fc                SystemClock_Config
 .text.MX_I2C1_Init
                0x0800027c       0x5c ./Core/Src/main.o
 .text.MX_I2C2_Init
                0x080002d8       0x5c ./Core/Src/main.o
 .text.MX_TIM1_Init
                0x08000334       0xa0 ./Core/Src/main.o
 .text.MX_GPIO_Init
                0x080003d4      0x10c ./Core/Src/main.o
 .text.HAL_GPIO_EXTI_Callback
                0x080004e0      0x3c0 ./Core/Src/main.o
                0x080004e0                HAL_GPIO_EXTI_Callback
 .text.oledPrintChar
                0x080008a0       0x3c ./Core/Src/main.o
                0x080008a0                oledPrintChar
 .text.Error_Handler
                0x080008dc        0xc ./Core/Src/main.o
                0x080008dc                Error_Handler
 .text.SSD1306_Init
                0x080008e8      0x188 ./Core/Src/ssd1306.o
                0x080008e8                SSD1306_Init
 .text.SSD1306_UpdateScreen
                0x08000a70       0x5c ./Core/Src/ssd1306.o
                0x08000a70                SSD1306_UpdateScreen
 .text.SSD1306_Fill
                0x08000acc       0x30 ./Core/Src/ssd1306.o
                0x08000acc                SSD1306_Fill
 .text.SSD1306_DrawPixel
                0x08000afc       0xbc ./Core/Src/ssd1306.o
                0x08000afc                SSD1306_DrawPixel
 .text.SSD1306_GotoXY
                0x08000bb8       0x2c ./Core/Src/ssd1306.o
                0x08000bb8                SSD1306_GotoXY
 .text.SSD1306_Putc
                0x08000be4       0xfc ./Core/Src/ssd1306.o
                0x08000be4                SSD1306_Putc
 .text.SSD1306_Puts
                0x08000ce0       0x4a ./Core/Src/ssd1306.o
                0x08000ce0                SSD1306_Puts
 .text.SSD1306_Clear
                0x08000d2a       0x12 ./Core/Src/ssd1306.o
                0x08000d2a                SSD1306_Clear
 .text.ssd1306_I2C_Init
                0x08000d3c       0x28 ./Core/Src/ssd1306.o
                0x08000d3c                ssd1306_I2C_Init
 .text.ssd1306_I2C_WriteMulti
                0x08000d64       0xcc ./Core/Src/ssd1306.o
                0x08000d64                ssd1306_I2C_WriteMulti
 .text.ssd1306_I2C_Write
                0x08000e30       0x3c ./Core/Src/ssd1306.o
                0x08000e30                ssd1306_I2C_Write
 .text.HAL_MspInit
                0x08000e6c       0x64 ./Core/Src/stm32f1xx_hal_msp.o
                0x08000e6c                HAL_MspInit
 .text.HAL_I2C_MspInit
                0x08000ed0       0xd8 ./Core/Src/stm32f1xx_hal_msp.o
                0x08000ed0                HAL_I2C_MspInit
 .text.HAL_TIM_Base_MspInit
                0x08000fa8       0x3c ./Core/Src/stm32f1xx_hal_msp.o
                0x08000fa8                HAL_TIM_Base_MspInit
 .text.NMI_Handler
                0x08000fe4        0x8 ./Core/Src/stm32f1xx_it.o
                0x08000fe4                NMI_Handler
 .text.HardFault_Handler
                0x08000fec        0x8 ./Core/Src/stm32f1xx_it.o
                0x08000fec                HardFault_Handler
 .text.MemManage_Handler
                0x08000ff4        0x8 ./Core/Src/stm32f1xx_it.o
                0x08000ff4                MemManage_Handler
 .text.BusFault_Handler
                0x08000ffc        0x8 ./Core/Src/stm32f1xx_it.o
                0x08000ffc                BusFault_Handler
 .text.UsageFault_Handler
                0x08001004        0x8 ./Core/Src/stm32f1xx_it.o
                0x08001004                UsageFault_Handler
 .text.SVC_Handler
                0x0800100c        0xc ./Core/Src/stm32f1xx_it.o
                0x0800100c                SVC_Handler
 .text.DebugMon_Handler
                0x08001018        0xc ./Core/Src/stm32f1xx_it.o
                0x08001018                DebugMon_Handler
 .text.PendSV_Handler
                0x08001024        0xc ./Core/Src/stm32f1xx_it.o
                0x08001024                PendSV_Handler
 .text.SysTick_Handler
                0x08001030        0xc ./Core/Src/stm32f1xx_it.o
                0x08001030                SysTick_Handler
 .text.EXTI9_5_IRQHandler
                0x0800103c       0x1a ./Core/Src/stm32f1xx_it.o
                0x0800103c                EXTI9_5_IRQHandler
 .text.SystemInit
                0x08001056        0xc ./Core/Src/system_stm32f1xx.o
                0x08001056                SystemInit
 *fill*         0x08001062        0x2 
 .text.Reset_Handler
                0x08001064       0x48 ./Core/Startup/startup_stm32f103c8tx.o
                0x08001064                Reset_Handler
 .text.Default_Handler
                0x080010ac        0x2 ./Core/Startup/startup_stm32f103c8tx.o
                0x080010ac                RTC_Alarm_IRQHandler
                0x080010ac                EXTI2_IRQHandler
                0x080010ac                TIM1_CC_IRQHandler
                0x080010ac                PVD_IRQHandler
                0x080010ac                EXTI3_IRQHandler
                0x080010ac                EXTI0_IRQHandler
                0x080010ac                I2C2_EV_IRQHandler
                0x080010ac                ADC1_2_IRQHandler
                0x080010ac                SPI1_IRQHandler
                0x080010ac                TAMPER_IRQHandler
                0x080010ac                DMA1_Channel4_IRQHandler
                0x080010ac                USART3_IRQHandler
                0x080010ac                RTC_IRQHandler
                0x080010ac                DMA1_Channel7_IRQHandler
                0x080010ac                CAN1_RX1_IRQHandler
                0x080010ac                TIM4_IRQHandler
                0x080010ac                I2C1_EV_IRQHandler
                0x080010ac                DMA1_Channel6_IRQHandler
                0x080010ac                TIM3_IRQHandler
                0x080010ac                RCC_IRQHandler
                0x080010ac                TIM1_TRG_COM_IRQHandler
                0x080010ac                DMA1_Channel1_IRQHandler
                0x080010ac                Default_Handler
                0x080010ac                EXTI15_10_IRQHandler
                0x080010ac                SPI2_IRQHandler
                0x080010ac                DMA1_Channel5_IRQHandler
                0x080010ac                EXTI4_IRQHandler
                0x080010ac                USB_LP_CAN1_RX0_IRQHandler
                0x080010ac                USB_HP_CAN1_TX_IRQHandler
                0x080010ac                DMA1_Channel3_IRQHandler
                0x080010ac                TIM1_UP_IRQHandler
                0x080010ac                WWDG_IRQHandler
                0x080010ac                TIM2_IRQHandler
                0x080010ac                TIM1_BRK_IRQHandler
                0x080010ac                EXTI1_IRQHandler
                0x080010ac                USART2_IRQHandler
                0x080010ac                I2C2_ER_IRQHandler
                0x080010ac                DMA1_Channel2_IRQHandler
                0x080010ac                CAN1_SCE_IRQHandler
                0x080010ac                FLASH_IRQHandler
                0x080010ac                USART1_IRQHandler
                0x080010ac                I2C1_ER_IRQHandler
                0x080010ac                USBWakeUp_IRQHandler
 *fill*         0x080010ae        0x2 
 .text.HAL_Init
                0x080010b0       0x2c ./Drivers/STM32F1xx_HAL_Driver/Src/stm32f1xx_hal.o
                0x080010b0                HAL_Init
 .text.HAL_InitTick
                0x080010dc       0x60 ./Drivers/STM32F1xx_HAL_Driver/Src/stm32f1xx_hal.o
                0x080010dc                HAL_InitTick
 .text.HAL_IncTick
                0x0800113c       0x24 ./Drivers/STM32F1xx_HAL_Driver/Src/stm32f1xx_hal.o
                0x0800113c                HAL_IncTick
 .text.HAL_GetTick
                0x08001160       0x14 ./Drivers/STM32F1xx_HAL_Driver/Src/stm32f1xx_hal.o
                0x08001160                HAL_GetTick
 .text.HAL_Delay
                0x08001174       0x48 ./Drivers/STM32F1xx_HAL_Driver/Src/stm32f1xx_hal.o
                0x08001174                HAL_Delay
 .text.__NVIC_SetPriorityGrouping
                0x080011bc       0x48 ./Drivers/STM32F1xx_HAL_Driver/Src/stm32f1xx_hal_cortex.o
 .text.__NVIC_GetPriorityGrouping
                0x08001204       0x1c ./Drivers/STM32F1xx_HAL_Driver/Src/stm32f1xx_hal_cortex.o
 .text.__NVIC_EnableIRQ
                0x08001220       0x38 ./Drivers/STM32F1xx_HAL_Driver/Src/stm32f1xx_hal_cortex.o
 .text.__NVIC_SetPriority
                0x08001258       0x54 ./Drivers/STM32F1xx_HAL_Driver/Src/stm32f1xx_hal_cortex.o
 .text.NVIC_EncodePriority
                0x080012ac       0x64 ./Drivers/STM32F1xx_HAL_Driver/Src/stm32f1xx_hal_cortex.o
 .text.SysTick_Config
                0x08001310       0x44 ./Drivers/STM32F1xx_HAL_Driver/Src/stm32f1xx_hal_cortex.o
 .text.HAL_NVIC_SetPriorityGrouping
                0x08001354       0x16 ./Drivers/STM32F1xx_HAL_Driver/Src/stm32f1xx_hal_cortex.o
                0x08001354                HAL_NVIC_SetPriorityGrouping
 .text.HAL_NVIC_SetPriority
                0x0800136a       0x38 ./Drivers/STM32F1xx_HAL_Driver/Src/stm32f1xx_hal_cortex.o
                0x0800136a                HAL_NVIC_SetPriority
 .text.HAL_NVIC_EnableIRQ
                0x080013a2       0x1c ./Drivers/STM32F1xx_HAL_Driver/Src/stm32f1xx_hal_cortex.o
                0x080013a2                HAL_NVIC_EnableIRQ
 .text.HAL_SYSTICK_Config
                0x080013be       0x18 ./Drivers/STM32F1xx_HAL_Driver/Src/stm32f1xx_hal_cortex.o
                0x080013be                HAL_SYSTICK_Config
 *fill*         0x080013d6        0x2 
 .text.HAL_GPIO_Init
                0x080013d8      0x308 ./Drivers/STM32F1xx_HAL_Driver/Src/stm32f1xx_hal_gpio.o
                0x080013d8                HAL_GPIO_Init
 .text.HAL_GPIO_ReadPin
                0x080016e0       0x2e ./Drivers/STM32F1xx_HAL_Driver/Src/stm32f1xx_hal_gpio.o
                0x080016e0                HAL_GPIO_ReadPin
 .text.HAL_GPIO_WritePin
                0x0800170e       0x30 ./Drivers/STM32F1xx_HAL_Driver/Src/stm32f1xx_hal_gpio.o
                0x0800170e                HAL_GPIO_WritePin
 *fill*         0x0800173e        0x2 
 .text.HAL_GPIO_EXTI_IRQHandler
                0x08001740       0x30 ./Drivers/STM32F1xx_HAL_Driver/Src/stm32f1xx_hal_gpio.o
                0x08001740                HAL_GPIO_EXTI_IRQHandler
 .text.HAL_I2C_Init
                0x08001770      0x288 ./Drivers/STM32F1xx_HAL_Driver/Src/stm32f1xx_hal_i2c.o
                0x08001770                HAL_I2C_Init
 .text.HAL_I2C_Master_Transmit
                0x080019f8      0x1fc ./Drivers/STM32F1xx_HAL_Driver/Src/stm32f1xx_hal_i2c.o
                0x080019f8                HAL_I2C_Master_Transmit
 .text.HAL_I2C_IsDeviceReady
                0x08001bf4      0x25c ./Drivers/STM32F1xx_HAL_Driver/Src/stm32f1xx_hal_i2c.o
                0x08001bf4                HAL_I2C_IsDeviceReady
 .text.I2C_MasterRequestWrite
                0x08001e50      0x104 ./Drivers/STM32F1xx_HAL_Driver/Src/stm32f1xx_hal_i2c.o
 .text.I2C_WaitOnFlagUntilTimeout
                0x08001f54       0xf4 ./Drivers/STM32F1xx_HAL_Driver/Src/stm32f1xx_hal_i2c.o
 .text.I2C_WaitOnMasterAddressFlagUntilTimeout
                0x08002048      0x140 ./Drivers/STM32F1xx_HAL_Driver/Src/stm32f1xx_hal_i2c.o
 .text.I2C_WaitOnTXEFlagUntilTimeout
                0x08002188       0x90 ./Drivers/STM32F1xx_HAL_Driver/Src/stm32f1xx_hal_i2c.o
 .text.I2C_WaitOnBTFFlagUntilTimeout
                0x08002218       0x90 ./Drivers/STM32F1xx_HAL_Driver/Src/stm32f1xx_hal_i2c.o
 .text.I2C_IsAcknowledgeFailed
                0x080022a8       0x5c ./Drivers/STM32F1xx_HAL_Driver/Src/stm32f1xx_hal_i2c.o
 .text.HAL_RCC_OscConfig
                0x08002304      0x504 ./Drivers/STM32F1xx_HAL_Driver/Src/stm32f1xx_hal_rcc.o
                0x08002304                HAL_RCC_OscConfig
 .text.HAL_RCC_ClockConfig
                0x08002808      0x1d4 ./Drivers/STM32F1xx_HAL_Driver/Src/stm32f1xx_hal_rcc.o
                0x08002808                HAL_RCC_ClockConfig
 .text.HAL_RCC_GetSysClockFreq
                0x080029dc       0xa8 ./Drivers/STM32F1xx_HAL_Driver/Src/stm32f1xx_hal_rcc.o
                0x080029dc                HAL_RCC_GetSysClockFreq
 .text.HAL_RCC_GetHCLKFreq
                0x08002a84       0x14 ./Drivers/STM32F1xx_HAL_Driver/Src/stm32f1xx_hal_rcc.o
                0x08002a84                HAL_RCC_GetHCLKFreq
 .text.HAL_RCC_GetPCLK1Freq
                0x08002a98       0x28 ./Drivers/STM32F1xx_HAL_Driver/Src/stm32f1xx_hal_rcc.o
                0x08002a98                HAL_RCC_GetPCLK1Freq
 .text.RCC_Delay
                0x08002ac0       0x3c ./Drivers/STM32F1xx_HAL_Driver/Src/stm32f1xx_hal_rcc.o
 .text.HAL_TIM_Base_Init
                0x08002afc       0x9e ./Drivers/STM32F1xx_HAL_Driver/Src/stm32f1xx_hal_tim.o
                0x08002afc                HAL_TIM_Base_Init
 .text.HAL_TIM_ConfigClockSource
                0x08002b9a      0x18e ./Drivers/STM32F1xx_HAL_Driver/Src/stm32f1xx_hal_tim.o
                0x08002b9a                HAL_TIM_ConfigClockSource
 .text.TIM_Base_SetConfig
                0x08002d28       0xdc ./Drivers/STM32F1xx_HAL_Driver/Src/stm32f1xx_hal_tim.o
                0x08002d28                TIM_Base_SetConfig
 .text.TIM_TI1_ConfigInputStage
                0x08002e04       0x5c ./Drivers/STM32F1xx_HAL_Driver/Src/stm32f1xx_hal_tim.o
 .text.TIM_TI2_ConfigInputStage
                0x08002e60       0x5e ./Drivers/STM32F1xx_HAL_Driver/Src/stm32f1xx_hal_tim.o
 .text.TIM_ITRx_SetConfig
                0x08002ebe       0x34 ./Drivers/STM32F1xx_HAL_Driver/Src/stm32f1xx_hal_tim.o
 .text.TIM_ETR_SetConfig
                0x08002ef2       0x3e ./Drivers/STM32F1xx_HAL_Driver/Src/stm32f1xx_hal_tim.o
                0x08002ef2                TIM_ETR_SetConfig
 .text.HAL_TIMEx_MasterConfigSynchronization
                0x08002f30       0xbc ./Drivers/STM32F1xx_HAL_Driver/Src/stm32f1xx_hal_tim_ex.o
                0x08002f30                HAL_TIMEx_MasterConfigSynchronization
 .text.memset   0x08002fec       0x10 D:/WORK/NSU/CSE/11th Semester/CSE 331.10/Lab/Keil/ST/STM32CubeIDE_1.16.1/STM32CubeIDE/plugins/com.st.stm32cube.ide.mcu.externaltools.gnu-tools-for-stm32.12.3.rel1.win32_1.0.200.202406191623/tools/bin/../lib/gcc/arm-none-eabi/12.3.1/../../../../arm-none-eabi/lib/thumb/v7-m/nofp\libc_nano.a(libc_a-memset.o)
                0x08002fec                memset
 .text.__libc_init_array
                0x08002ffc       0x48 D:/WORK/NSU/CSE/11th Semester/CSE 331.10/Lab/Keil/ST/STM32CubeIDE_1.16.1/STM32CubeIDE/plugins/com.st.stm32cube.ide.mcu.externaltools.gnu-tools-for-stm32.12.3.rel1.win32_1.0.200.202406191623/tools/bin/../lib/gcc/arm-none-eabi/12.3.1/../../../../arm-none-eabi/lib/thumb/v7-m/nofp\libc_nano.a(libc_a-init.o)
                0x08002ffc                __libc_init_array
 *(.glue_7)
 .glue_7        0x08003044        0x0 linker stubs
 *(.glue_7t)
 .glue_7t       0x08003044        0x0 linker stubs
 *(.eh_frame)
 .eh_frame      0x08003044        0x0 D:/WORK/NSU/CSE/11th Semester/CSE 331.10/Lab/Keil/ST/STM32CubeIDE_1.16.1/STM32CubeIDE/plugins/com.st.stm32cube.ide.mcu.externaltools.gnu-tools-for-stm32.12.3.rel1.win32_1.0.200.202406191623/tools/bin/../lib/gcc/arm-none-eabi/12.3.1/thumb/v7-m/nofp/crtbegin.o
 *(.init)
 .init          0x08003044        0x4 D:/WORK/NSU/CSE/11th Semester/CSE 331.10/Lab/Keil/ST/STM32CubeIDE_1.16.1/STM32CubeIDE/plugins/com.st.stm32cube.ide.mcu.externaltools.gnu-tools-for-stm32.12.3.rel1.win32_1.0.200.202406191623/tools/bin/../lib/gcc/arm-none-eabi/12.3.1/thumb/v7-m/nofp/crti.o
                0x08003044                _init
 .init          0x08003048        0x8 D:/WORK/NSU/CSE/11th Semester/CSE 331.10/Lab/Keil/ST/STM32CubeIDE_1.16.1/STM32CubeIDE/plugins/com.st.stm32cube.ide.mcu.externaltools.gnu-tools-for-stm32.12.3.rel1.win32_1.0.200.202406191623/tools/bin/../lib/gcc/arm-none-eabi/12.3.1/thumb/v7-m/nofp/crtn.o
 *(.fini)
 .fini          0x08003050        0x4 D:/WORK/NSU/CSE/11th Semester/CSE 331.10/Lab/Keil/ST/STM32CubeIDE_1.16.1/STM32CubeIDE/plugins/com.st.stm32cube.ide.mcu.externaltools.gnu-tools-for-stm32.12.3.rel1.win32_1.0.200.202406191623/tools/bin/../lib/gcc/arm-none-eabi/12.3.1/thumb/v7-m/nofp/crti.o
                0x08003050                _fini
 .fini          0x08003054        0x8 D:/WORK/NSU/CSE/11th Semester/CSE 331.10/Lab/Keil/ST/STM32CubeIDE_1.16.1/STM32CubeIDE/plugins/com.st.stm32cube.ide.mcu.externaltools.gnu-tools-for-stm32.12.3.rel1.win32_1.0.200.202406191623/tools/bin/../lib/gcc/arm-none-eabi/12.3.1/thumb/v7-m/nofp/crtn.o
                0x0800305c                        . = ALIGN (0x4)
                0x0800305c                        _etext = .

.vfp11_veneer   0x0800305c        0x0
 .vfp11_veneer  0x0800305c        0x0 linker stubs

.v4_bx          0x0800305c        0x0
 .v4_bx         0x0800305c        0x0 linker stubs

.iplt           0x0800305c        0x0
 .iplt          0x0800305c        0x0 D:/WORK/NSU/CSE/11th Semester/CSE 331.10/Lab/Keil/ST/STM32CubeIDE_1.16.1/STM32CubeIDE/plugins/com.st.stm32cube.ide.mcu.externaltools.gnu-tools-for-stm32.12.3.rel1.win32_1.0.200.202406191623/tools/bin/../lib/gcc/arm-none-eabi/12.3.1/thumb/v7-m/nofp/crtbegin.o

.rodata         0x0800305c     0x1b20
                0x0800305c                        . = ALIGN (0x4)
 *(.rodata)
 .rodata        0x0800305c       0x3b ./Core/Src/main.o
 *(.rodata*)
 *fill*         0x08003097        0x1 
 .rodata.Font7x10
                0x08003098      0x76c ./Core/Src/fonts.o
                0x08003098                Font7x10
 .rodata.Font16x26
                0x08003804     0x134c ./Core/Src/fonts.o
                0x08003804                Font16x26
 .rodata.AHBPrescTable
                0x08004b50       0x10 ./Core/Src/system_stm32f1xx.o
                0x08004b50                AHBPrescTable
 .rodata.APBPrescTable
                0x08004b60        0x8 ./Core/Src/system_stm32f1xx.o
                0x08004b60                APBPrescTable
 .rodata.aPLLMULFactorTable.1
                0x08004b68       0x10 ./Drivers/STM32F1xx_HAL_Driver/Src/stm32f1xx_hal_rcc.o
 .rodata.aPredivFactorTable.0
                0x08004b78        0x2 ./Drivers/STM32F1xx_HAL_Driver/Src/stm32f1xx_hal_rcc.o
                0x08004b7c                        . = ALIGN (0x4)
 *fill*         0x08004b7a        0x2 

.ARM.extab      0x08004b7c        0x0
                0x08004b7c                        . = ALIGN (0x4)
 *(.ARM.extab* .gnu.linkonce.armextab.*)
                0x08004b7c                        . = ALIGN (0x4)

.ARM            0x08004b7c        0x0
                0x08004b7c                        . = ALIGN (0x4)
                0x08004b7c                        __exidx_start = .
 *(.ARM.exidx*)
                0x08004b7c                        __exidx_end = .
                0x08004b7c                        . = ALIGN (0x4)

.preinit_array  0x08004b7c        0x0
                0x08004b7c                        . = ALIGN (0x4)
                0x08004b7c                        PROVIDE (__preinit_array_start = .)
 *(.preinit_array*)
                0x08004b7c                        PROVIDE (__preinit_array_end = .)
                0x08004b7c                        . = ALIGN (0x4)

.init_array     0x08004b7c        0x4
                0x08004b7c                        . = ALIGN (0x4)
                0x08004b7c                        PROVIDE (__init_array_start = .)
 *(SORT_BY_NAME(.init_array.*))
 *(.init_array*)
 .init_array    0x08004b7c        0x4 D:/WORK/NSU/CSE/11th Semester/CSE 331.10/Lab/Keil/ST/STM32CubeIDE_1.16.1/STM32CubeIDE/plugins/com.st.stm32cube.ide.mcu.externaltools.gnu-tools-for-stm32.12.3.rel1.win32_1.0.200.202406191623/tools/bin/../lib/gcc/arm-none-eabi/12.3.1/thumb/v7-m/nofp/crtbegin.o
                0x08004b80                        PROVIDE (__init_array_end = .)
                0x08004b80                        . = ALIGN (0x4)

.fini_array     0x08004b80        0x4
                0x08004b80                        . = ALIGN (0x4)
                [!provide]                        PROVIDE (__fini_array_start = .)
 *(SORT_BY_NAME(.fini_array.*))
 *(.fini_array*)
 .fini_array    0x08004b80        0x4 D:/WORK/NSU/CSE/11th Semester/CSE 331.10/Lab/Keil/ST/STM32CubeIDE_1.16.1/STM32CubeIDE/plugins/com.st.stm32cube.ide.mcu.externaltools.gnu-tools-for-stm32.12.3.rel1.win32_1.0.200.202406191623/tools/bin/../lib/gcc/arm-none-eabi/12.3.1/thumb/v7-m/nofp/crtbegin.o
                [!provide]                        PROVIDE (__fini_array_end = .)
                0x08004b84                        . = ALIGN (0x4)
                0x08004b84                        _sidata = LOADADDR (.data)

.rel.dyn        0x08004b84        0x0
 .rel.iplt      0x08004b84        0x0 D:/WORK/NSU/CSE/11th Semester/CSE 331.10/Lab/Keil/ST/STM32CubeIDE_1.16.1/STM32CubeIDE/plugins/com.st.stm32cube.ide.mcu.externaltools.gnu-tools-for-stm32.12.3.rel1.win32_1.0.200.202406191623/tools/bin/../lib/gcc/arm-none-eabi/12.3.1/thumb/v7-m/nofp/crtbegin.o

.data           0x20000000       0x1c load address 0x08004b84
                0x20000000                        . = ALIGN (0x4)
                0x20000000                        _sdata = .
 *(.data)
 *(.data*)
 .data.Font_7x10
                0x20000000        0x8 ./Core/Src/fonts.o
                0x20000000                Font_7x10
 .data.Font_16x26
                0x20000008        0x8 ./Core/Src/fonts.o
                0x20000008                Font_16x26
 .data.SystemCoreClock
                0x20000010        0x4 ./Core/Src/system_stm32f1xx.o
                0x20000010                SystemCoreClock
 .data.uwTickPrio
                0x20000014        0x4 ./Drivers/STM32F1xx_HAL_Driver/Src/stm32f1xx_hal.o
                0x20000014                uwTickPrio
 .data.uwTickFreq
                0x20000018        0x1 ./Drivers/STM32F1xx_HAL_Driver/Src/stm32f1xx_hal.o
                0x20000018                uwTickFreq
 *(.RamFunc)
 *(.RamFunc*)
                0x2000001c                        . = ALIGN (0x4)
 *fill*         0x20000019        0x3 
                0x2000001c                        _edata = .

.igot.plt       0x2000001c        0x0 load address 0x08004ba0
 .igot.plt      0x2000001c        0x0 D:/WORK/NSU/CSE/11th Semester/CSE 331.10/Lab/Keil/ST/STM32CubeIDE_1.16.1/STM32CubeIDE/plugins/com.st.stm32cube.ide.mcu.externaltools.gnu-tools-for-stm32.12.3.rel1.win32_1.0.200.202406191623/tools/bin/../lib/gcc/arm-none-eabi/12.3.1/thumb/v7-m/nofp/crtbegin.o
                0x2000001c                        . = ALIGN (0x4)

.bss            0x2000001c      0x534 load address 0x08004ba0
                0x2000001c                        _sbss = .
                0x2000001c                        __bss_start__ = _sbss
 *(.bss)
 .bss           0x2000001c       0x1c D:/WORK/NSU/CSE/11th Semester/CSE 331.10/Lab/Keil/ST/STM32CubeIDE_1.16.1/STM32CubeIDE/plugins/com.st.stm32cube.ide.mcu.externaltools.gnu-tools-for-stm32.12.3.rel1.win32_1.0.200.202406191623/tools/bin/../lib/gcc/arm-none-eabi/12.3.1/thumb/v7-m/nofp/crtbegin.o
 *(.bss*)
 .bss.hi2c1     0x20000038       0x54 ./Core/Src/main.o
                0x20000038                hi2c1
 .bss.hi2c2     0x2000008c       0x54 ./Core/Src/main.o
                0x2000008c                hi2c2
 .bss.htim1     0x200000e0       0x48 ./Core/Src/main.o
                0x200000e0                htim1
 .bss.GPIO_InitStructPrivate
                0x20000128       0x10 ./Core/Src/main.o
                0x20000128                GPIO_InitStructPrivate
 .bss.previousMillis
                0x20000138        0x4 ./Core/Src/main.o
                0x20000138                previousMillis
 .bss.currentMillis
                0x2000013c        0x4 ./Core/Src/main.o
                0x2000013c                currentMillis
 .bss.keyPressed
                0x20000140        0x1 ./Core/Src/main.o
                0x20000140                keyPressed
 *fill*         0x20000141        0x3 
 .bss.SSD1306_Buffer
                0x20000144      0x400 ./Core/Src/ssd1306.o
 .bss.SSD1306   0x20000544        0x6 ./Core/Src/ssd1306.o
 *fill*         0x2000054a        0x2 
 .bss.uwTick    0x2000054c        0x4 ./Drivers/STM32F1xx_HAL_Driver/Src/stm32f1xx_hal.o
                0x2000054c                uwTick
 *(COMMON)
                0x20000550                        . = ALIGN (0x4)
                0x20000550                        _ebss = .
                0x20000550                        __bss_end__ = _ebss

._user_heap_stack
                0x20000550      0x600 load address 0x08004ba0
                0x20000550                        . = ALIGN (0x8)
                [!provide]                        PROVIDE (end = .)
                0x20000550                        PROVIDE (_end = .)
                0x20000750                        . = (. + _Min_Heap_Size)
 *fill*         0x20000550      0x200 
                0x20000b50                        . = (. + _Min_Stack_Size)
 *fill*         0x20000750      0x400 
                0x20000b50                        . = ALIGN (0x8)

/DISCARD/
 libc.a(*)
 libm.a(*)
 libgcc.a(*)

.ARM.attributes
                0x00000000       0x29
 *(.ARM.attributes)
 .ARM.attributes
                0x00000000       0x1d D:/WORK/NSU/CSE/11th Semester/CSE 331.10/Lab/Keil/ST/STM32CubeIDE_1.16.1/STM32CubeIDE/plugins/com.st.stm32cube.ide.mcu.externaltools.gnu-tools-for-stm32.12.3.rel1.win32_1.0.200.202406191623/tools/bin/../lib/gcc/arm-none-eabi/12.3.1/thumb/v7-m/nofp/crti.o
 .ARM.attributes
                0x0000001d       0x2d D:/WORK/NSU/CSE/11th Semester/CSE 331.10/Lab/Keil/ST/STM32CubeIDE_1.16.1/STM32CubeIDE/plugins/com.st.stm32cube.ide.mcu.externaltools.gnu-tools-for-stm32.12.3.rel1.win32_1.0.200.202406191623/tools/bin/../lib/gcc/arm-none-eabi/12.3.1/thumb/v7-m/nofp/crtbegin.o
 .ARM.attributes
                0x0000004a       0x2d ./Core/Src/fonts.o
 .ARM.attributes
                0x00000077       0x2d ./Core/Src/main.o
 .ARM.attributes
                0x000000a4       0x2d ./Core/Src/ssd1306.o
 .ARM.attributes
                0x000000d1       0x2d ./Core/Src/stm32f1xx_hal_msp.o
 .ARM.attributes
                0x000000fe       0x2d ./Core/Src/stm32f1xx_it.o
 .ARM.attributes
                0x0000012b       0x2d ./Core/Src/system_stm32f1xx.o
 .ARM.attributes
                0x00000158       0x21 ./Core/Startup/startup_stm32f103c8tx.o
 .ARM.attributes
                0x00000179       0x2d ./Drivers/STM32F1xx_HAL_Driver/Src/stm32f1xx_hal.o
 .ARM.attributes
                0x000001a6       0x2d ./Drivers/STM32F1xx_HAL_Driver/Src/stm32f1xx_hal_cortex.o
 .ARM.attributes
                0x000001d3       0x2d ./Drivers/STM32F1xx_HAL_Driver/Src/stm32f1xx_hal_gpio.o
 .ARM.attributes
                0x00000200       0x2d ./Drivers/STM32F1xx_HAL_Driver/Src/stm32f1xx_hal_i2c.o
 .ARM.attributes
                0x0000022d       0x2d ./Drivers/STM32F1xx_HAL_Driver/Src/stm32f1xx_hal_rcc.o
 .ARM.attributes
                0x0000025a       0x2d ./Drivers/STM32F1xx_HAL_Driver/Src/stm32f1xx_hal_tim.o
 .ARM.attributes
                0x00000287       0x2d ./Drivers/STM32F1xx_HAL_Driver/Src/stm32f1xx_hal_tim_ex.o
 .ARM.attributes
                0x000002b4       0x2d D:/WORK/NSU/CSE/11th Semester/CSE 331.10/Lab/Keil/ST/STM32CubeIDE_1.16.1/STM32CubeIDE/plugins/com.st.stm32cube.ide.mcu.externaltools.gnu-tools-for-stm32.12.3.rel1.win32_1.0.200.202406191623/tools/bin/../lib/gcc/arm-none-eabi/12.3.1/../../../../arm-none-eabi/lib/thumb/v7-m/nofp\libc_nano.a(libc_a-memset.o)
 .ARM.attributes
                0x000002e1       0x2d D:/WORK/NSU/CSE/11th Semester/CSE 331.10/Lab/Keil/ST/STM32CubeIDE_1.16.1/STM32CubeIDE/plugins/com.st.stm32cube.ide.mcu.externaltools.gnu-tools-for-stm32.12.3.rel1.win32_1.0.200.202406191623/tools/bin/../lib/gcc/arm-none-eabi/12.3.1/../../../../arm-none-eabi/lib/thumb/v7-m/nofp\libc_nano.a(libc_a-init.o)
 .ARM.attributes
                0x0000030e       0x1d D:/WORK/NSU/CSE/11th Semester/CSE 331.10/Lab/Keil/ST/STM32CubeIDE_1.16.1/STM32CubeIDE/plugins/com.st.stm32cube.ide.mcu.externaltools.gnu-tools-for-stm32.12.3.rel1.win32_1.0.200.202406191623/tools/bin/../lib/gcc/arm-none-eabi/12.3.1/thumb/v7-m/nofp/crtn.o
OUTPUT(keypad_test.elf elf32-littlearm)
LOAD linker stubs
LOAD D:/WORK/NSU/CSE/11th Semester/CSE 331.10/Lab/Keil/ST/STM32CubeIDE_1.16.1/STM32CubeIDE/plugins/com.st.stm32cube.ide.mcu.externaltools.gnu-tools-for-stm32.12.3.rel1.win32_1.0.200.202406191623/tools/bin/../lib/gcc/arm-none-eabi/12.3.1/../../../../arm-none-eabi/lib/thumb/v7-m/nofp\libc.a
LOAD D:/WORK/NSU/CSE/11th Semester/CSE 331.10/Lab/Keil/ST/STM32CubeIDE_1.16.1/STM32CubeIDE/plugins/com.st.stm32cube.ide.mcu.externaltools.gnu-tools-for-stm32.12.3.rel1.win32_1.0.200.202406191623/tools/bin/../lib/gcc/arm-none-eabi/12.3.1/../../../../arm-none-eabi/lib/thumb/v7-m/nofp\libm.a
LOAD D:/WORK/NSU/CSE/11th Semester/CSE 331.10/Lab/Keil/ST/STM32CubeIDE_1.16.1/STM32CubeIDE/plugins/com.st.stm32cube.ide.mcu.externaltools.gnu-tools-for-stm32.12.3.rel1.win32_1.0.200.202406191623/tools/bin/../lib/gcc/arm-none-eabi/12.3.1/thumb/v7-m/nofp\libgcc.a

.debug_info     0x00000000     0xb67e
 .debug_info    0x00000000      0x255 ./Core/Src/fonts.o
 .debug_info    0x00000255     0x121e ./Core/Src/main.o
 .debug_info    0x00001473     0x1028 ./Core/Src/ssd1306.o
 .debug_info    0x0000249b      0xc23 ./Core/Src/stm32f1xx_hal_msp.o
 .debug_info    0x000030be      0x14b ./Core/Src/stm32f1xx_it.o
 .debug_info    0x00003209      0x222 ./Core/Src/system_stm32f1xx.o
 .debug_info    0x0000342b       0x30 ./Core/Startup/startup_stm32f103c8tx.o
 .debug_info    0x0000345b      0x704 ./Drivers/STM32F1xx_HAL_Driver/Src/stm32f1xx_hal.o
 .debug_info    0x00003b5f      0xa87 ./Drivers/STM32F1xx_HAL_Driver/Src/stm32f1xx_hal_cortex.o
 .debug_info    0x000045e6      0x5ab ./Drivers/STM32F1xx_HAL_Driver/Src/stm32f1xx_hal_gpio.o
 .debug_info    0x00004b91     0x2524 ./Drivers/STM32F1xx_HAL_Driver/Src/stm32f1xx_hal_i2c.o
 .debug_info    0x000070b5      0x7d5 ./Drivers/STM32F1xx_HAL_Driver/Src/stm32f1xx_hal_rcc.o
 .debug_info    0x0000788a     0x2959 ./Drivers/STM32F1xx_HAL_Driver/Src/stm32f1xx_hal_tim.o
 .debug_info    0x0000a1e3     0x149b ./Drivers/STM32F1xx_HAL_Driver/Src/stm32f1xx_hal_tim_ex.o

.debug_abbrev   0x00000000     0x1c4a
 .debug_abbrev  0x00000000      0x11c ./Core/Src/fonts.o
 .debug_abbrev  0x0000011c      0x339 ./Core/Src/main.o
 .debug_abbrev  0x00000455      0x30d ./Core/Src/ssd1306.o
 .debug_abbrev  0x00000762      0x1d3 ./Core/Src/stm32f1xx_hal_msp.o
 .debug_abbrev  0x00000935       0xa0 ./Core/Src/stm32f1xx_it.o
 .debug_abbrev  0x000009d5      0x13f ./Core/Src/system_stm32f1xx.o
 .debug_abbrev  0x00000b14       0x24 ./Core/Startup/startup_stm32f103c8tx.o
 .debug_abbrev  0x00000b38      0x201 ./Drivers/STM32F1xx_HAL_Driver/Src/stm32f1xx_hal.o
 .debug_abbrev  0x00000d39      0x2f8 ./Drivers/STM32F1xx_HAL_Driver/Src/stm32f1xx_hal_cortex.o
 .debug_abbrev  0x00001031      0x1ca ./Drivers/STM32F1xx_HAL_Driver/Src/stm32f1xx_hal_gpio.o
 .debug_abbrev  0x000011fb      0x2a3 ./Drivers/STM32F1xx_HAL_Driver/Src/stm32f1xx_hal_i2c.o
 .debug_abbrev  0x0000149e      0x2b3 ./Drivers/STM32F1xx_HAL_Driver/Src/stm32f1xx_hal_rcc.o
 .debug_abbrev  0x00001751      0x277 ./Drivers/STM32F1xx_HAL_Driver/Src/stm32f1xx_hal_tim.o
 .debug_abbrev  0x000019c8      0x282 ./Drivers/STM32F1xx_HAL_Driver/Src/stm32f1xx_hal_tim_ex.o

.debug_aranges  0x00000000      0xd20
 .debug_aranges
                0x00000000       0x20 ./Core/Src/fonts.o
 .debug_aranges
                0x00000020       0x68 ./Core/Src/main.o
 .debug_aranges
                0x00000088       0xf8 ./Core/Src/ssd1306.o
 .debug_aranges
                0x00000180       0x40 ./Core/Src/stm32f1xx_hal_msp.o
 .debug_aranges
                0x000001c0       0x68 ./Core/Src/stm32f1xx_it.o
 .debug_aranges
                0x00000228       0x28 ./Core/Src/system_stm32f1xx.o
 .debug_aranges
                0x00000250       0x28 ./Core/Startup/startup_stm32f103c8tx.o
 .debug_aranges
                0x00000278       0xe0 ./Drivers/STM32F1xx_HAL_Driver/Src/stm32f1xx_hal.o
 .debug_aranges
                0x00000358      0x100 ./Drivers/STM32F1xx_HAL_Driver/Src/stm32f1xx_hal_cortex.o
 .debug_aranges
                0x00000458       0x58 ./Drivers/STM32F1xx_HAL_Driver/Src/stm32f1xx_hal_gpio.o
 .debug_aranges
                0x000004b0      0x2a8 ./Drivers/STM32F1xx_HAL_Driver/Src/stm32f1xx_hal_i2c.o
 .debug_aranges
                0x00000758       0x90 ./Drivers/STM32F1xx_HAL_Driver/Src/stm32f1xx_hal_rcc.o
 .debug_aranges
                0x000007e8      0x3d0 ./Drivers/STM32F1xx_HAL_Driver/Src/stm32f1xx_hal_tim.o
 .debug_aranges
                0x00000bb8      0x168 ./Drivers/STM32F1xx_HAL_Driver/Src/stm32f1xx_hal_tim_ex.o

.debug_rnglists
                0x00000000      0xa50
 .debug_rnglists
                0x00000000       0x13 ./Core/Src/fonts.o
 .debug_rnglists
                0x00000013       0x4f ./Core/Src/main.o
 .debug_rnglists
                0x00000062       0xc2 ./Core/Src/ssd1306.o
 .debug_rnglists
                0x00000124       0x2c ./Core/Src/stm32f1xx_hal_msp.o
 .debug_rnglists
                0x00000150       0x49 ./Core/Src/stm32f1xx_it.o
 .debug_rnglists
                0x00000199       0x1a ./Core/Src/system_stm32f1xx.o
 .debug_rnglists
                0x000001b3       0x19 ./Core/Startup/startup_stm32f103c8tx.o
 .debug_rnglists
                0x000001cc       0xa3 ./Drivers/STM32F1xx_HAL_Driver/Src/stm32f1xx_hal.o
 .debug_rnglists
                0x0000026f       0xbb ./Drivers/STM32F1xx_HAL_Driver/Src/stm32f1xx_hal_cortex.o
 .debug_rnglists
                0x0000032a       0x3f ./Drivers/STM32F1xx_HAL_Driver/Src/stm32f1xx_hal_gpio.o
 .debug_rnglists
                0x00000369      0x23c ./Drivers/STM32F1xx_HAL_Driver/Src/stm32f1xx_hal_i2c.o
 .debug_rnglists
                0x000005a5       0x6c ./Drivers/STM32F1xx_HAL_Driver/Src/stm32f1xx_hal_rcc.o
 .debug_rnglists
                0x00000611      0x31a ./Drivers/STM32F1xx_HAL_Driver/Src/stm32f1xx_hal_tim.o
 .debug_rnglists
                0x0000092b      0x125 ./Drivers/STM32F1xx_HAL_Driver/Src/stm32f1xx_hal_tim_ex.o

.debug_macro    0x00000000    0x17ba7
 .debug_macro   0x00000000      0x27b ./Core/Src/fonts.o
 .debug_macro   0x0000027b      0xaa8 ./Core/Src/fonts.o
 .debug_macro   0x00000d23      0x21b ./Core/Src/fonts.o
 .debug_macro   0x00000f3e       0x2e ./Core/Src/fonts.o
 .debug_macro   0x00000f6c       0x22 ./Core/Src/fonts.o
 .debug_macro   0x00000f8e       0x22 ./Core/Src/fonts.o
 .debug_macro   0x00000fb0       0x8e ./Core/Src/fonts.o
 .debug_macro   0x0000103e       0x51 ./Core/Src/fonts.o
 .debug_macro   0x0000108f      0x103 ./Core/Src/fonts.o
 .debug_macro   0x00001192       0x6a ./Core/Src/fonts.o
 .debug_macro   0x000011fc      0x1df ./Core/Src/fonts.o
 .debug_macro   0x000013db       0x1c ./Core/Src/fonts.o
 .debug_macro   0x000013f7       0x22 ./Core/Src/fonts.o
 .debug_macro   0x00001419       0xbd ./Core/Src/fonts.o
 .debug_macro   0x000014d6      0xd23 ./Core/Src/fonts.o
 .debug_macro   0x000021f9     0xe09e ./Core/Src/fonts.o
 .debug_macro   0x00010297       0x6d ./Core/Src/fonts.o
 .debug_macro   0x00010304     0x34a2 ./Core/Src/fonts.o
 .debug_macro   0x000137a6      0x189 ./Core/Src/fonts.o
 .debug_macro   0x0001392f       0x5c ./Core/Src/fonts.o
 .debug_macro   0x0001398b      0x5bc ./Core/Src/fonts.o
 .debug_macro   0x00013f47      0x289 ./Core/Src/fonts.o
 .debug_macro   0x000141d0      0x1cb ./Core/Src/fonts.o
 .debug_macro   0x0001439b      0x114 ./Core/Src/fonts.o
 .debug_macro   0x000144af      0x1b2 ./Core/Src/fonts.o
 .debug_macro   0x00014661       0x27 ./Core/Src/fonts.o
 .debug_macro   0x00014688      0x136 ./Core/Src/fonts.o
 .debug_macro   0x000147be      0x1bc ./Core/Src/fonts.o
 .debug_macro   0x0001497a       0x34 ./Core/Src/fonts.o
 .debug_macro   0x000149ae       0x3c ./Core/Src/fonts.o
 .debug_macro   0x000149ea       0x57 ./Core/Src/fonts.o
 .debug_macro   0x00014a41       0x87 ./Core/Src/fonts.o
 .debug_macro   0x00014ac8      0x240 ./Core/Src/fonts.o
 .debug_macro   0x00014d08      0x287 ./Core/Src/fonts.o
 .debug_macro   0x00014f8f      0x140 ./Core/Src/fonts.o
 .debug_macro   0x000150cf      0x8ed ./Core/Src/fonts.o
 .debug_macro   0x000159bc       0x83 ./Core/Src/fonts.o
 .debug_macro   0x00015a3f       0x61 ./Core/Src/fonts.o
 .debug_macro   0x00015aa0       0x24 ./Core/Src/fonts.o
 .debug_macro   0x00015ac4       0x43 ./Core/Src/fonts.o
 .debug_macro   0x00015b07       0x34 ./Core/Src/fonts.o
 .debug_macro   0x00015b3b       0x16 ./Core/Src/fonts.o
 .debug_macro   0x00015b51       0x43 ./Core/Src/fonts.o
 .debug_macro   0x00015b94       0x34 ./Core/Src/fonts.o
 .debug_macro   0x00015bc8       0x10 ./Core/Src/fonts.o
 .debug_macro   0x00015bd8       0x58 ./Core/Src/fonts.o
 .debug_macro   0x00015c30       0x8e ./Core/Src/fonts.o
 .debug_macro   0x00015cbe       0x1c ./Core/Src/fonts.o
 .debug_macro   0x00015cda      0x177 ./Core/Src/fonts.o
 .debug_macro   0x00015e51      0x369 ./Core/Src/fonts.o
 .debug_macro   0x000161ba       0x10 ./Core/Src/fonts.o
 .debug_macro   0x000161ca       0x35 ./Core/Src/fonts.o
 .debug_macro   0x000161ff       0x20 ./Core/Src/fonts.o
 .debug_macro   0x0001621f      0x300 ./Core/Src/main.o
 .debug_macro   0x0001651f       0x16 ./Core/Src/main.o
 .debug_macro   0x00016535       0x16 ./Core/Src/main.o
 .debug_macro   0x0001654b       0x29 ./Core/Src/main.o
 .debug_macro   0x00016574       0x1d ./Core/Src/main.o
 .debug_macro   0x00016591       0x1c ./Core/Src/main.o
 .debug_macro   0x000165ad       0x10 ./Core/Src/main.o
 .debug_macro   0x000165bd       0x1c ./Core/Src/main.o
 .debug_macro   0x000165d9       0x16 ./Core/Src/main.o
 .debug_macro   0x000165ef      0x146 ./Core/Src/main.o
 .debug_macro   0x00016735      0x306 ./Core/Src/ssd1306.o
 .debug_macro   0x00016a3b      0x1ad ./Core/Src/stm32f1xx_hal_msp.o
 .debug_macro   0x00016be8      0x1b7 ./Core/Src/stm32f1xx_it.o
 .debug_macro   0x00016d9f      0x1a3 ./Core/Src/system_stm32f1xx.o
 .debug_macro   0x00016f42      0x1c7 ./Drivers/STM32F1xx_HAL_Driver/Src/stm32f1xx_hal.o
 .debug_macro   0x00017109      0x1a3 ./Drivers/STM32F1xx_HAL_Driver/Src/stm32f1xx_hal_cortex.o
 .debug_macro   0x000172ac      0x20e ./Drivers/STM32F1xx_HAL_Driver/Src/stm32f1xx_hal_gpio.o
 .debug_macro   0x000174ba      0x1f1 ./Drivers/STM32F1xx_HAL_Driver/Src/stm32f1xx_hal_i2c.o
 .debug_macro   0x000176ab      0x1b5 ./Drivers/STM32F1xx_HAL_Driver/Src/stm32f1xx_hal_rcc.o
 .debug_macro   0x00017860      0x1a4 ./Drivers/STM32F1xx_HAL_Driver/Src/stm32f1xx_hal_tim.o
 .debug_macro   0x00017a04      0x1a3 ./Drivers/STM32F1xx_HAL_Driver/Src/stm32f1xx_hal_tim_ex.o

.debug_line     0x00000000     0xf66d
 .debug_line    0x00000000      0x8c1 ./Core/Src/fonts.o
 .debug_line    0x000008c1      0xcba ./Core/Src/main.o
 .debug_line    0x0000157b     0x1088 ./Core/Src/ssd1306.o
 .debug_line    0x00002603      0x7db ./Core/Src/stm32f1xx_hal_msp.o
 .debug_line    0x00002dde      0x805 ./Core/Src/stm32f1xx_it.o
 .debug_line    0x000035e3      0x7a7 ./Core/Src/system_stm32f1xx.o
 .debug_line    0x00003d8a       0x78 ./Core/Startup/startup_stm32f103c8tx.o
 .debug_line    0x00003e02      0x9d4 ./Drivers/STM32F1xx_HAL_Driver/Src/stm32f1xx_hal.o
 .debug_line    0x000047d6      0xbc0 ./Drivers/STM32F1xx_HAL_Driver/Src/stm32f1xx_hal_cortex.o
 .debug_line    0x00005396      0xa6d ./Drivers/STM32F1xx_HAL_Driver/Src/stm32f1xx_hal_gpio.o
 .debug_line    0x00005e03     0x3c71 ./Drivers/STM32F1xx_HAL_Driver/Src/stm32f1xx_hal_i2c.o
 .debug_line    0x00009a74      0xddd ./Drivers/STM32F1xx_HAL_Driver/Src/stm32f1xx_hal_rcc.o
 .debug_line    0x0000a851     0x34f9 ./Drivers/STM32F1xx_HAL_Driver/Src/stm32f1xx_hal_tim.o
 .debug_line    0x0000dd4a     0x1923 ./Drivers/STM32F1xx_HAL_Driver/Src/stm32f1xx_hal_tim_ex.o

.debug_str      0x00000000    0x8a794
 .debug_str     0x00000000    0x861cf ./Core/Src/fonts.o
                              0x8652d (size before relaxing)
 .debug_str     0x000861cf     0x1593 ./Core/Src/main.o
                              0x87bbc (size before relaxing)
 .debug_str     0x00087762      0x4b1 ./Core/Src/ssd1306.o
                              0x86ffa (size before relaxing)
 .debug_str     0x00087c13       0xc7 ./Core/Src/stm32f1xx_hal_msp.o
                              0x83bcd (size before relaxing)
 .debug_str     0x00087cda       0xf5 ./Core/Src/stm32f1xx_it.o
                              0x8340b (size before relaxing)
 .debug_str     0x00087dcf       0x7e ./Core/Src/system_stm32f1xx.o
                              0x833e1 (size before relaxing)
 .debug_str     0x00087e4d       0x44 ./Core/Startup/startup_stm32f103c8tx.o
                                 0xa6 (size before relaxing)
 .debug_str     0x00087e91      0x378 ./Drivers/STM32F1xx_HAL_Driver/Src/stm32f1xx_hal.o
                              0x83b14 (size before relaxing)
 .debug_str     0x00088209      0x2a8 ./Drivers/STM32F1xx_HAL_Driver/Src/stm32f1xx_hal_cortex.o
                              0x83a60 (size before relaxing)
 .debug_str     0x000884b1      0x29c ./Drivers/STM32F1xx_HAL_Driver/Src/stm32f1xx_hal_gpio.o
                              0x83767 (size before relaxing)
 .debug_str     0x0008874d      0xba7 ./Drivers/STM32F1xx_HAL_Driver/Src/stm32f1xx_hal_i2c.o
                              0x844a8 (size before relaxing)
 .debug_str     0x000892f4      0x209 ./Drivers/STM32F1xx_HAL_Driver/Src/stm32f1xx_hal_rcc.o
                              0x83810 (size before relaxing)
 .debug_str     0x000894fd      0xe04 ./Drivers/STM32F1xx_HAL_Driver/Src/stm32f1xx_hal_tim.o
                              0x84812 (size before relaxing)
 .debug_str     0x0008a301      0x493 ./Drivers/STM32F1xx_HAL_Driver/Src/stm32f1xx_hal_tim_ex.o
                              0x8401e (size before relaxing)

.comment        0x00000000       0x43
 .comment       0x00000000       0x43 ./Core/Src/fonts.o
                                 0x44 (size before relaxing)
 .comment       0x00000043       0x44 ./Core/Src/main.o
 .comment       0x00000043       0x44 ./Core/Src/ssd1306.o
 .comment       0x00000043       0x44 ./Core/Src/stm32f1xx_hal_msp.o
 .comment       0x00000043       0x44 ./Core/Src/stm32f1xx_it.o
 .comment       0x00000043       0x44 ./Core/Src/system_stm32f1xx.o
 .comment       0x00000043       0x44 ./Drivers/STM32F1xx_HAL_Driver/Src/stm32f1xx_hal.o
 .comment       0x00000043       0x44 ./Drivers/STM32F1xx_HAL_Driver/Src/stm32f1xx_hal_cortex.o
 .comment       0x00000043       0x44 ./Drivers/STM32F1xx_HAL_Driver/Src/stm32f1xx_hal_gpio.o
 .comment       0x00000043       0x44 ./Drivers/STM32F1xx_HAL_Driver/Src/stm32f1xx_hal_i2c.o
 .comment       0x00000043       0x44 ./Drivers/STM32F1xx_HAL_Driver/Src/stm32f1xx_hal_rcc.o
 .comment       0x00000043       0x44 ./Drivers/STM32F1xx_HAL_Driver/Src/stm32f1xx_hal_tim.o
 .comment       0x00000043       0x44 ./Drivers/STM32F1xx_HAL_Driver/Src/stm32f1xx_hal_tim_ex.o

.debug_frame    0x00000000     0x376c
 .debug_frame   0x00000000       0x38 ./Core/Src/fonts.o
 .debug_frame   0x00000038      0x158 ./Core/Src/main.o
 .debug_frame   0x00000190      0x414 ./Core/Src/ssd1306.o
 .debug_frame   0x000005a4       0xd0 ./Core/Src/stm32f1xx_hal_msp.o
 .debug_frame   0x00000674      0x120 ./Core/Src/stm32f1xx_it.o
 .debug_frame   0x00000794       0x58 ./Core/Src/system_stm32f1xx.o
 .debug_frame   0x000007ec      0x334 ./Drivers/STM32F1xx_HAL_Driver/Src/stm32f1xx_hal.o
 .debug_frame   0x00000b20      0x428 ./Drivers/STM32F1xx_HAL_Driver/Src/stm32f1xx_hal_cortex.o
 .debug_frame   0x00000f48      0x14c ./Drivers/STM32F1xx_HAL_Driver/Src/stm32f1xx_hal_gpio.o
 .debug_frame   0x00001094      0xc84 ./Drivers/STM32F1xx_HAL_Driver/Src/stm32f1xx_hal_i2c.o
 .debug_frame   0x00001d18      0x218 ./Drivers/STM32F1xx_HAL_Driver/Src/stm32f1xx_hal_rcc.o
 .debug_frame   0x00001f30     0x11b8 ./Drivers/STM32F1xx_HAL_Driver/Src/stm32f1xx_hal_tim.o
 .debug_frame   0x000030e8      0x638 ./Drivers/STM32F1xx_HAL_Driver/Src/stm32f1xx_hal_tim_ex.o
 .debug_frame   0x00003720       0x20 D:/WORK/NSU/CSE/11th Semester/CSE 331.10/Lab/Keil/ST/STM32CubeIDE_1.16.1/STM32CubeIDE/plugins/com.st.stm32cube.ide.mcu.externaltools.gnu-tools-for-stm32.12.3.rel1.win32_1.0.200.202406191623/tools/bin/../lib/gcc/arm-none-eabi/12.3.1/../../../../arm-none-eabi/lib/thumb/v7-m/nofp\libc_nano.a(libc_a-memset.o)
 .debug_frame   0x00003740       0x2c D:/WORK/NSU/CSE/11th Semester/CSE 331.10/Lab/Keil/ST/STM32CubeIDE_1.16.1/STM32CubeIDE/plugins/com.st.stm32cube.ide.mcu.externaltools.gnu-tools-for-stm32.12.3.rel1.win32_1.0.200.202406191623/tools/bin/../lib/gcc/arm-none-eabi/12.3.1/../../../../arm-none-eabi/lib/thumb/v7-m/nofp\libc_nano.a(libc_a-init.o)

.debug_line_str
                0x00000000       0x8a
 .debug_line_str
                0x00000000       0x8a ./Core/Startup/startup_stm32f103c8tx.o
