20:46:56 **** Incremental Build of configuration Debug for project Hello_World ****
make -j4 all 
arm-none-eabi-gcc "../Core/Src/main.c" -mcpu=cortex-m3 -std=gnu11 -g3 -DDEBUG -DUSE_HAL_DRIVER -DSTM32F103xB -c -I../Core/Inc -I../Drivers/STM32F1xx_HAL_Driver/Inc/Legacy -I../Drivers/STM32F1xx_HAL_Driver/Inc -I../Drivers/CMSIS/Device/ST/STM32F1xx/Include -I../Drivers/CMSIS/Include -O0 -ffunction-sections -fdata-sections -Wall -fstack-usage -fcyclomatic-complexity -MMD -MP -MF"Core/Src/main.d" -MT"Core/Src/main.o" --specs=nano.specs -mfloat-abi=soft -mthumb -o "Core/Src/main.o"
arm-none-eabi-gcc -o "Hello_World.elf" @"objects.list"   -mcpu=cortex-m3 -T"D:\WORK\NSU\CSE\11th Semester\CSE 331.10\Lab\Keil\STM32CubeIDE\workspace_1.16.1\Hello_World\STM32F103C8TX_FLASH.ld" --specs=nosys.specs -Wl,-Map="Hello_World.map" -Wl,--gc-sections -static --specs=nano.specs -mfloat-abi=soft -mthumb -Wl,--start-group -lc -lm -Wl,--end-group
Finished building target: Hello_World.elf
 
arm-none-eabi-size  Hello_World.elf 
arm-none-eabi-objdump -h -S Hello_World.elf  > "Hello_World.list"
   text	   data	    bss	    dec	    hex	filename
   4552	     12	   1572	   6136	   17f8	Hello_World.elf
arm-none-eabi-objcopy  -O ihex Hello_World.elf  "Hello_World.hex"
Finished building: default.size.stdout
 
Finished building: Hello_World.list
Finished building: Hello_World.hex
 
 

20:46:57 Build Finished. 0 errors, 0 warnings. (took 1s.357ms)

