../Core/Src/main.c:104:6:microDelay	16	static
../Core/Src/main.c:110:9:DHT11_Start	32	static
../Core/Src/main.c:141:9:DHT11_Read	16	static
../Core/Src/main.c:174:5:main	24	static
../Core/Src/main.c:314:6:SystemClock_Config	72	static
../Core/Src/main.c:354:13:MX_I2C2_Init	8	static
../Core/Src/main.c:388:13:MX_TIM1_Init	32	static
../Core/Src/main.c:434:13:MX_GPIO_Init	40	static
../Core/Src/main.c:487:6:HAL_GPIO_EXTI_Callback	16	static
../Core/Src/main.c:658:6:oledPrintChar	24	static
../Core/Src/main.c:669:6:DashboardScreen	24	static
../Core/Src/main.c:735:6:menu	8	static
../Core/Src/main.c:782:6:EnvDataScreen	8	static
../Core/Src/main.c:821:6:Error_Handler	4	static,ignoring_inline_asm
